<html>
<body>
<pre>
<h1>µVision Build Log</h1>
<h2>Project:</h2>
D:\Dropbox\Fall 2013\Micro P\Final Project\Test Project\rtx_project\keil\rtx.uvproj
Project File Date:  11/21/2013

<h2>Output:</h2>
Build target 'Project'
linking...
Program Size: Code=15636 RO-data=568 RW-data=104 ZI-data=8112  
FromELF: creating hex file...
".\obj\output.axf" - 0 Errors, 0 Warning(s).
Build target 'Project'
compiling main.c...
linking...
Program Size: Code=15636 RO-data=568 RW-data=104 ZI-data=8112  
FromELF: creating hex file...
".\obj\output.axf" - 0 Errors, 0 Warning(s).
Build target 'Project'
linking...
Program Size: Code=15636 RO-data=568 RW-data=104 ZI-data=8112  
FromELF: creating hex file...
".\obj\output.axf" - 0 Errors, 0 Warning(s).
Load "D:\\Dropbox\\Fall 2013\\Micro P\\Final Project\\Test Project\\rtx_project\\keil\\obj\\output.axf" 
Erase Done.
Programming Done.
Verify OK.
Build target 'Project'
compiling main.c...
linking...
Program Size: Code=15636 RO-data=568 RW-data=104 ZI-data=8112  
FromELF: creating hex file...
".\obj\output.axf" - 0 Errors, 0 Warning(s).
Load "D:\\Dropbox\\Fall 2013\\Micro P\\Final Project\\Test Project\\rtx_project\\keil\\obj\\output.axf" 
Erase Done.
Programming Done.
Verify OK.
Build target 'Project'
compiling main.c...
linking...
Program Size: Code=15636 RO-data=568 RW-data=104 ZI-data=8112  
FromELF: creating hex file...
".\obj\output.axf" - 0 Errors, 0 Warning(s).
Load "D:\\Dropbox\\Fall 2013\\Micro P\\Final Project\\Test Project\\rtx_project\\keil\\obj\\output.axf" 
Erase Done.
Programming Done.
Verify OK.
Build target 'Project'
compiling main.c...
linking...
Program Size: Code=15652 RO-data=568 RW-data=104 ZI-data=8112  
FromELF: creating hex file...
".\obj\output.axf" - 0 Errors, 0 Warning(s).
Load "D:\\Dropbox\\Fall 2013\\Micro P\\Final Project\\Test Project\\rtx_project\\keil\\obj\\output.axf" 
Erase Done.
Programming Done.
Verify OK.
Build target 'Project'
compiling main.c...
linking...
Program Size: Code=15664 RO-data=568 RW-data=104 ZI-data=8112  
FromELF: creating hex file...
".\obj\output.axf" - 0 Errors, 0 Warning(s).
Load "D:\\Dropbox\\Fall 2013\\Micro P\\Final Project\\Test Project\\rtx_project\\keil\\obj\\output.axf" 
Erase Done.
Programming Done.
Verify OK.
Build target 'Project'
linking...
Program Size: Code=15664 RO-data=568 RW-data=104 ZI-data=8112  
FromELF: creating hex file...
".\obj\output.axf" - 0 Errors, 0 Warning(s).
Load "D:\\Dropbox\\Fall 2013\\Micro P\\Final Project\\Test Project\\rtx_project\\keil\\obj\\output.axf" 
Erase Done.
Programming Done.
Verify OK.
Build target 'Project'
compiling main.c...
compiling Radio_Driver.c...
..\Radio_Driver.c(68): warning:  #550-D: variable "statusByte" was set but never used
linking...
Program Size: Code=15652 RO-data=568 RW-data=104 ZI-data=8112  
FromELF: creating hex file...
".\obj\output.axf" - 0 Errors, 1 Warning(s).
Load "D:\\Dropbox\\Fall 2013\\Micro P\\Final Project\\Test Project\\rtx_project\\keil\\obj\\output.axf" 
Erase Done.
Programming Done.
Verify OK.
