<html>
<body>
<pre>
<h1>µVision Build Log</h1>
<h2>Project:</h2>
E:\Dropbox\Fall 2013\Micro P\Final Project\Test Project\rtx_project\keil\rtx.uvproj
Project File Date:  11/21/2013

<h2>Output:</h2>
Build target 'Project'
compiling main.c...
compiling Radio_Driver.c...
..\Radio_Driver.c(68): warning:  #550-D: variable "statusByte" was set but never used
linking...
Program Size: Code=14840 RO-data=564 RW-data=104 ZI-data=8112  
FromELF: creating hex file...
".\obj\output.axf" - 0 Errors, 1 Warning(s).
Load "E:\\Dropbox\\Fall 2013\\Micro P\\Final Project\\Test Project\\rtx_project\\keil\\obj\\output.axf" 
Erase Done.
Programming Done.
Verify OK.
Build target 'Project'
compiling main.c...
linking...
Program Size: Code=14840 RO-data=564 RW-data=104 ZI-data=8112  
FromELF: creating hex file...
".\obj\output.axf" - 0 Errors, 0 Warning(s).
Load "E:\\Dropbox\\Fall 2013\\Micro P\\Final Project\\Test Project\\rtx_project\\keil\\obj\\output.axf" 
Erase Done.
Programming Done.
Verify OK.
Build target 'Project'
compiling Radio_Driver.c...
..\Radio_Driver.c(68): warning:  #550-D: variable "statusByte" was set but never used
linking...
Program Size: Code=14840 RO-data=564 RW-data=104 ZI-data=8112  
FromELF: creating hex file...
".\obj\output.axf" - 0 Errors, 1 Warning(s).
Load "E:\\Dropbox\\Fall 2013\\Micro P\\Final Project\\Test Project\\rtx_project\\keil\\obj\\output.axf" 
Erase Done.
Programming Done.
Verify OK.
Build target 'Project'
linking...
Program Size: Code=14840 RO-data=564 RW-data=104 ZI-data=8112  
FromELF: creating hex file...
".\obj\output.axf" - 0 Errors, 0 Warning(s).
Load "E:\\Dropbox\\Fall 2013\\Micro P\\Final Project\\Test Project\\rtx_project\\keil\\obj\\output.axf" 
Erase Done.
Programming Done.
Verify OK.
Build target 'Project'
compiling Radio_Driver.c...
..\Radio_Driver.c(68): warning:  #550-D: variable "statusByte" was set but never used
linking...
Program Size: Code=14840 RO-data=564 RW-data=104 ZI-data=8112  
FromELF: creating hex file...
".\obj\output.axf" - 0 Errors, 1 Warning(s).
Build target 'Project'
linking...
Program Size: Code=14840 RO-data=564 RW-data=104 ZI-data=8112  
FromELF: creating hex file...
".\obj\output.axf" - 0 Errors, 0 Warning(s).
Load "E:\\Dropbox\\Fall 2013\\Micro P\\Final Project\\Test Project\\rtx_project\\keil\\obj\\output.axf" 
Erase Done.
Programming Done.
Verify OK.
Build target 'Project'
compiling main.c...
../main.c(90): warning:  #550-D: variable "num_RX_bytes" was set but never used
linking...
Program Size: Code=14808 RO-data=564 RW-data=104 ZI-data=8112  
FromELF: creating hex file...
".\obj\output.axf" - 0 Errors, 1 Warning(s).
Build target 'Project'
compiling main.c...
../main.c(90): warning:  #177-D: variable "num_RX_bytes" was declared but never referenced
linking...
Program Size: Code=14804 RO-data=564 RW-data=104 ZI-data=8112  
FromELF: creating hex file...
".\obj\output.axf" - 0 Errors, 1 Warning(s).
Load "E:\\Dropbox\\Fall 2013\\Micro P\\Final Project\\Test Project\\rtx_project\\keil\\obj\\output.axf" 
Erase Done.
Programming Done.
Verify OK.
Build target 'Project'
linking...
Program Size: Code=14804 RO-data=564 RW-data=104 ZI-data=8112  
FromELF: creating hex file...
".\obj\output.axf" - 0 Errors, 0 Warning(s).
Load "E:\\Dropbox\\Fall 2013\\Micro P\\Final Project\\Test Project\\rtx_project\\keil\\obj\\output.axf" 
Erase Done.
Programming Done.
Verify OK.
Build target 'Project'
compiling main.c...
linking...
Program Size: Code=14836 RO-data=564 RW-data=104 ZI-data=8112  
FromELF: creating hex file...
".\obj\output.axf" - 0 Errors, 0 Warning(s).
Load "E:\\Dropbox\\Fall 2013\\Micro P\\Final Project\\Test Project\\rtx_project\\keil\\obj\\output.axf" 
Erase Done.
Programming Done.
Verify OK.
Build target 'Project'
compiling main.c...
compiling Interrupt_Conf.c...
linking...
Program Size: Code=15176 RO-data=568 RW-data=104 ZI-data=8112  
FromELF: creating hex file...
".\obj\output.axf" - 0 Errors, 0 Warning(s).
Load "E:\\Dropbox\\Fall 2013\\Micro P\\Final Project\\Test Project\\rtx_project\\keil\\obj\\output.axf" 
Build target 'Project'
linking...
Program Size: Code=15176 RO-data=568 RW-data=104 ZI-data=8112  
FromELF: creating hex file...
".\obj\output.axf" - 0 Errors, 0 Warning(s).
Load "E:\\Dropbox\\Fall 2013\\Micro P\\Final Project\\Test Project\\rtx_project\\keil\\obj\\output.axf" 
Erase Done.
Programming Done.
Verify OK.
Build target 'Project'
compiling main.c...
compiling Radio_Driver.c...
..\Radio_Driver.c(68): warning:  #550-D: variable "statusByte" was set but never used
linking...
Program Size: Code=15572 RO-data=568 RW-data=104 ZI-data=8112  
FromELF: creating hex file...
".\obj\output.axf" - 0 Errors, 1 Warning(s).
Load "E:\\Dropbox\\Fall 2013\\Micro P\\Final Project\\Test Project\\rtx_project\\keil\\obj\\output.axf" 
Erase Done.
Programming Done.
Verify OK.
Build target 'Project'
compiling main.c...
compiling Radio_Driver.c...
..\Radio_Driver.c(68): warning:  #550-D: variable "statusByte" was set but never used
linking...
Program Size: Code=15572 RO-data=568 RW-data=104 ZI-data=8112  
FromELF: creating hex file...
".\obj\output.axf" - 0 Errors, 1 Warning(s).
Load "E:\\Dropbox\\Fall 2013\\Micro P\\Final Project\\Test Project\\rtx_project\\keil\\obj\\output.axf" 
Erase Done.
Programming Done.
Verify OK.
Build target 'Project'
compiling main.c...
compiling Radio_Driver.c...
..\Radio_Driver.c(68): warning:  #550-D: variable "statusByte" was set but never used
compiling Interrupt_Conf.c...
linking...
Program Size: Code=15572 RO-data=568 RW-data=104 ZI-data=8112  
FromELF: creating hex file...
".\obj\output.axf" - 0 Errors, 1 Warning(s).
Build target 'Project'
compiling main.c...
compiling Radio_Driver.c...
..\Radio_Driver.c(68): warning:  #550-D: variable "statusByte" was set but never used
linking...
Program Size: Code=15572 RO-data=568 RW-data=104 ZI-data=8112  
FromELF: creating hex file...
".\obj\output.axf" - 0 Errors, 1 Warning(s).
Build target 'Project'
compiling main.c...
compiling Radio_Driver.c...
..\Radio_Driver.c(68): warning:  #550-D: variable "statusByte" was set but never used
linking...
Program Size: Code=15572 RO-data=568 RW-data=104 ZI-data=8112  
FromELF: creating hex file...
".\obj\output.axf" - 0 Errors, 1 Warning(s).
Load "E:\\Dropbox\\Fall 2013\\Micro P\\Final Project\\Test Project\\rtx_project\\keil\\obj\\output.axf" 
Erase Done.
Programming Done.
Verify OK.
Build target 'Project'
compiling main.c...
compiling Radio_Driver.c...
..\Radio_Driver.c(68): warning:  #550-D: variable "statusByte" was set but never used
linking...
Program Size: Code=15572 RO-data=568 RW-data=104 ZI-data=8112  
FromELF: creating hex file...
".\obj\output.axf" - 0 Errors, 1 Warning(s).
Load "E:\\Dropbox\\Fall 2013\\Micro P\\Final Project\\Test Project\\rtx_project\\keil\\obj\\output.axf" 
Erase Done.
Programming Done.
Verify OK.
Build target 'Project'
compiling main.c...
linking...
Program Size: Code=15580 RO-data=568 RW-data=104 ZI-data=8112  
FromELF: creating hex file...
".\obj\output.axf" - 0 Errors, 0 Warning(s).
Load "E:\\Dropbox\\Fall 2013\\Micro P\\Final Project\\Test Project\\rtx_project\\keil\\obj\\output.axf" 
Erase Done.
Programming Done.
Verify OK.
Build target 'Project'
linking...
Program Size: Code=15580 RO-data=568 RW-data=104 ZI-data=8112  
FromELF: creating hex file...
".\obj\output.axf" - 0 Errors, 0 Warning(s).
Load "E:\\Dropbox\\Fall 2013\\Micro P\\Final Project\\Test Project\\rtx_project\\keil\\obj\\output.axf" 
Erase Done.
Programming Done.
Verify OK.
Build target 'Project'
linking...
Program Size: Code=15580 RO-data=568 RW-data=104 ZI-data=8112  
FromELF: creating hex file...
".\obj\output.axf" - 0 Errors, 0 Warning(s).
Load "E:\\Dropbox\\Fall 2013\\Micro P\\Final Project\\Test Project\\rtx_project\\keil\\obj\\output.axf" 
Erase Done.
Programming Done.
Verify OK.
Build target 'Project'
compiling main.c...
compiling Radio_Driver.c...
..\Radio_Driver.c(68): warning:  #550-D: variable "statusByte" was set but never used
linking...
Program Size: Code=15580 RO-data=568 RW-data=104 ZI-data=8112  
FromELF: creating hex file...
".\obj\output.axf" - 0 Errors, 1 Warning(s).
Load "E:\\Dropbox\\Fall 2013\\Micro P\\Final Project\\Test Project\\rtx_project\\keil\\obj\\output.axf" 
Erase Done.
Programming Done.
Verify OK.
Build target 'Project'
compiling main.c...
linking...
Program Size: Code=15580 RO-data=568 RW-data=104 ZI-data=8112  
FromELF: creating hex file...
".\obj\output.axf" - 0 Errors, 0 Warning(s).
Load "E:\\Dropbox\\Fall 2013\\Micro P\\Final Project\\Test Project\\rtx_project\\keil\\obj\\output.axf" 
Erase Done.
Programming Done.
Verify OK.
Build target 'Project'
compiling main.c...
compiling Radio_Driver.c...
..\Radio_Driver.c(68): warning:  #550-D: variable "statusByte" was set but never used
linking...
Program Size: Code=15580 RO-data=568 RW-data=104 ZI-data=8112  
FromELF: creating hex file...
".\obj\output.axf" - 0 Errors, 1 Warning(s).
Load "E:\\Dropbox\\Fall 2013\\Micro P\\Final Project\\Test Project\\rtx_project\\keil\\obj\\output.axf" 
Erase Done.
Programming Done.
Verify OK.
Build target 'Project'
compiling main.c...
linking...
Program Size: Code=15516 RO-data=568 RW-data=104 ZI-data=8112  
FromELF: creating hex file...
".\obj\output.axf" - 0 Errors, 0 Warning(s).
Load "E:\\Dropbox\\Fall 2013\\Micro P\\Final Project\\Test Project\\rtx_project\\keil\\obj\\output.axf" 
Erase Done.
Programming Done.
Verify OK.
Build target 'Project'
compiling main.c...
compiling Radio_Driver.c...
..\Radio_Driver.c(68): warning:  #550-D: variable "statusByte" was set but never used
linking...
Program Size: Code=15516 RO-data=568 RW-data=104 ZI-data=8112  
FromELF: creating hex file...
".\obj\output.axf" - 0 Errors, 1 Warning(s).
Load "E:\\Dropbox\\Fall 2013\\Micro P\\Final Project\\Test Project\\rtx_project\\keil\\obj\\output.axf" 
Erase Done.
Programming Done.
Verify OK.
Build target 'Project'
compiling main.c...
../main.c(110): warning:  #550-D: variable "received_value" was set but never used
compiling Radio_Driver.c...
..\Radio_Driver.c(68): warning:  #550-D: variable "statusByte" was set but never used
linking...
Program Size: Code=15608 RO-data=568 RW-data=104 ZI-data=8112  
FromELF: creating hex file...
".\obj\output.axf" - 0 Errors, 2 Warning(s).
Build target 'Project'
compiling main.c...
linking...
Program Size: Code=15644 RO-data=568 RW-data=104 ZI-data=8112  
FromELF: creating hex file...
".\obj\output.axf" - 0 Errors, 0 Warning(s).
Load "E:\\Dropbox\\Fall 2013\\Micro P\\Final Project\\Test Project\\rtx_project\\keil\\obj\\output.axf" 
Erase Done.
Programming Done.
Verify OK.
Build target 'Project'
compiling main.c...
linking...
Program Size: Code=15644 RO-data=568 RW-data=104 ZI-data=8112  
FromELF: creating hex file...
".\obj\output.axf" - 0 Errors, 0 Warning(s).
Load "E:\\Dropbox\\Fall 2013\\Micro P\\Final Project\\Test Project\\rtx_project\\keil\\obj\\output.axf" 
Erase Done.
Programming Done.
Verify OK.
Build target 'Project'
compiling Radio_Driver.c...
..\Radio_Driver.c(68): warning:  #550-D: variable "statusByte" was set but never used
linking...
Program Size: Code=15644 RO-data=568 RW-data=104 ZI-data=8112  
FromELF: creating hex file...
".\obj\output.axf" - 0 Errors, 1 Warning(s).
Load "E:\\Dropbox\\Fall 2013\\Micro P\\Final Project\\Test Project\\rtx_project\\keil\\obj\\output.axf" 
Erase Done.
Programming Done.
Verify OK.
Build target 'Project'
compiling main.c...
compiling Radio_Driver.c...
..\Radio_Driver.c(68): warning:  #550-D: variable "statusByte" was set but never used
linking...
Program Size: Code=15644 RO-data=568 RW-data=104 ZI-data=8112  
FromELF: creating hex file...
".\obj\output.axf" - 0 Errors, 1 Warning(s).
Load "E:\\Dropbox\\Fall 2013\\Micro P\\Final Project\\Test Project\\rtx_project\\keil\\obj\\output.axf" 
Erase Done.
Programming Done.
Verify OK.
Build target 'Project'
compiling main.c...
compiling Radio_Driver.c...
..\Radio_Driver.c(68): warning:  #550-D: variable "statusByte" was set but never used
linking...
Program Size: Code=15636 RO-data=568 RW-data=104 ZI-data=8112  
FromELF: creating hex file...
".\obj\output.axf" - 0 Errors, 1 Warning(s).
Rebuild target 'Project'
compiling system_stm32f4xx.c...
assembling startup_stm32f4xx.s...
compiling RTX_Conf_CM.c...
compiling main.c...
compiling SPI_Controller.c...
compiling Radio_Driver.c...
..\Radio_Driver.c(68): warning:  #550-D: variable "statusByte" was set but never used
compiling TIM_Config.c...
compiling stm32f4_discovery_lis302dl.c...
compiling Interrupt_Conf.c...
compiling fputc_debug.c...
compiling misc.c...
compiling stm32f4xx_adc.c...
compiling stm32f4xx_can.c...
compiling stm32f4xx_crc.c...
compiling stm32f4xx_cryp.c...
compiling stm32f4xx_cryp_aes.c...
compiling stm32f4xx_cryp_des.c...
compiling stm32f4xx_cryp_tdes.c...
compiling stm32f4xx_dac.c...
compiling stm32f4xx_dbgmcu.c...
compiling stm32f4xx_dcmi.c...
compiling stm32f4xx_dma.c...
compiling stm32f4xx_exti.c...
compiling stm32f4xx_flash.c...
compiling stm32f4xx_fsmc.c...
compiling stm32f4xx_gpio.c...
compiling stm32f4xx_hash.c...
compiling stm32f4xx_hash_md5.c...
compiling stm32f4xx_hash_sha1.c...
compiling stm32f4xx_i2c.c...
compiling stm32f4xx_iwdg.c...
compiling stm32f4xx_pwr.c...
compiling stm32f4xx_rcc.c...
compiling stm32f4xx_rng.c...
compiling stm32f4xx_rtc.c...
compiling stm32f4xx_sdio.c...
compiling stm32f4xx_spi.c...
compiling stm32f4xx_syscfg.c...
compiling stm32f4xx_tim.c...
compiling stm32f4xx_usart.c...
compiling stm32f4xx_wwdg.c...
linking...
Program Size: Code=15636 RO-data=568 RW-data=104 ZI-data=8112  
FromELF: creating hex file...
".\obj\output.axf" - 0 Errors, 1 Warning(s).
Load "E:\\Dropbox\\Fall 2013\\Micro P\\Final Project\\Test Project\\rtx_project\\keil\\obj\\output.axf" 
Erase Done.
Programming Done.
Verify OK.
Build target 'Project'
linking...
Program Size: Code=15636 RO-data=568 RW-data=104 ZI-data=8112  
FromELF: creating hex file...
".\obj\output.axf" - 0 Errors, 0 Warning(s).
Load "E:\\Dropbox\\Fall 2013\\Micro P\\Final Project\\Test Project\\rtx_project\\keil\\obj\\output.axf" 
Erase Done.
Programming Done.
Verify OK.
Build target 'Project'
linking...
Program Size: Code=15636 RO-data=568 RW-data=104 ZI-data=8112  
FromELF: creating hex file...
".\obj\output.axf" - 0 Errors, 0 Warning(s).
Load "E:\\Dropbox\\Fall 2013\\Micro P\\Final Project\\Test Project\\rtx_project\\keil\\obj\\output.axf" 
Erase Done.
Programming Done.
Verify OK.
Build target 'Project'
linking...
Program Size: Code=15636 RO-data=568 RW-data=104 ZI-data=8112  
FromELF: creating hex file...
".\obj\output.axf" - 0 Errors, 0 Warning(s).
Load "E:\\Dropbox\\Fall 2013\\Micro P\\Final Project\\Test Project\\rtx_project\\keil\\obj\\output.axf" 
Erase Done.
Programming Done.
Verify OK.
Build target 'Project'
compiling main.c...
linking...
Program Size: Code=15636 RO-data=568 RW-data=104 ZI-data=8112  
FromELF: creating hex file...
".\obj\output.axf" - 0 Errors, 0 Warning(s).
Load "E:\\Dropbox\\Fall 2013\\Micro P\\Final Project\\Test Project\\rtx_project\\keil\\obj\\output.axf" 
Erase Done.
Programming Done.
Verify OK.
Build target 'Project'
linking...
Program Size: Code=15636 RO-data=568 RW-data=104 ZI-data=8112  
FromELF: creating hex file...
".\obj\output.axf" - 0 Errors, 0 Warning(s).
Load "E:\\Dropbox\\Fall 2013\\Micro P\\Final Project\\Test Project\\rtx_project\\keil\\obj\\output.axf" 
Erase Done.
Programming Done.
Verify OK.
Build target 'Project'
linking...
Program Size: Code=15636 RO-data=568 RW-data=104 ZI-data=8112  
FromELF: creating hex file...
".\obj\output.axf" - 0 Errors, 0 Warning(s).
Load "E:\\Dropbox\\Fall 2013\\Micro P\\Final Project\\Test Project\\rtx_project\\keil\\obj\\output.axf" 
Erase Done.
Programming Done.
Verify OK.
Build target 'Project'
linking...
Program Size: Code=15636 RO-data=568 RW-data=104 ZI-data=8112  
FromELF: creating hex file...
".\obj\output.axf" - 0 Errors, 0 Warning(s).
Build target 'Project'
linking...
Program Size: Code=15636 RO-data=568 RW-data=104 ZI-data=8112  
FromELF: creating hex file...
".\obj\output.axf" - 0 Errors, 0 Warning(s).
Load "E:\\Dropbox\\Fall 2013\\Micro P\\Final Project\\Test Project\\rtx_project\\keil\\obj\\output.axf" 
Erase Done.
Programming Done.
Verify OK.
Rebuild target 'Project'
compiling system_stm32f4xx.c...
assembling startup_stm32f4xx.s...
compiling RTX_Conf_CM.c...
compiling main.c...
compiling SPI_Controller.c...
compiling Radio_Driver.c...
..\Radio_Driver.c(68): warning:  #550-D: variable "statusByte" was set but never used
compiling TIM_Config.c...
compiling stm32f4_discovery_lis302dl.c...
compiling Interrupt_Conf.c...
compiling fputc_debug.c...
compiling misc.c...
compiling stm32f4xx_adc.c...
compiling stm32f4xx_can.c...
compiling stm32f4xx_crc.c...
compiling stm32f4xx_cryp.c...
compiling stm32f4xx_cryp_aes.c...
compiling stm32f4xx_cryp_des.c...
compiling stm32f4xx_cryp_tdes.c...
compiling stm32f4xx_dac.c...
compiling stm32f4xx_dbgmcu.c...
compiling stm32f4xx_dcmi.c...
compiling stm32f4xx_dma.c...
compiling stm32f4xx_exti.c...
compiling stm32f4xx_flash.c...
compiling stm32f4xx_fsmc.c...
compiling stm32f4xx_gpio.c...
compiling stm32f4xx_hash.c...
compiling stm32f4xx_hash_md5.c...
compiling stm32f4xx_hash_sha1.c...
compiling stm32f4xx_i2c.c...
compiling stm32f4xx_iwdg.c...
compiling stm32f4xx_pwr.c...
compiling stm32f4xx_rcc.c...
compiling stm32f4xx_rng.c...
compiling stm32f4xx_rtc.c...
compiling stm32f4xx_sdio.c...
compiling stm32f4xx_spi.c...
compiling stm32f4xx_syscfg.c...
compiling stm32f4xx_tim.c...
compiling stm32f4xx_usart.c...
compiling stm32f4xx_wwdg.c...
linking...
Program Size: Code=15636 RO-data=568 RW-data=104 ZI-data=8112  
FromELF: creating hex file...
".\obj\output.axf" - 0 Errors, 1 Warning(s).
Load "E:\\Dropbox\\Fall 2013\\Micro P\\Final Project\\Test Project\\rtx_project\\keil\\obj\\output.axf" 
Erase Done.
Programming Done.
Verify OK.
Build target 'Project'
compiling main.c...
compiling Radio_Driver.c...
..\Radio_Driver.c(68): warning:  #550-D: variable "statusByte" was set but never used
linking...
Program Size: Code=15680 RO-data=568 RW-data=104 ZI-data=8112  
FromELF: creating hex file...
".\obj\output.axf" - 0 Errors, 1 Warning(s).
Build target 'Project'
compiling main.c...
linking...
Program Size: Code=15728 RO-data=568 RW-data=104 ZI-data=8112  
FromELF: creating hex file...
".\obj\output.axf" - 0 Errors, 0 Warning(s).
Load "E:\\Dropbox\\Fall 2013\\Micro P\\Final Project\\Test Project\\rtx_project\\keil\\obj\\output.axf" 
Erase Done.
Programming Done.
Verify OK.
Build target 'Project'
linking...
Program Size: Code=15728 RO-data=568 RW-data=104 ZI-data=8112  
FromELF: creating hex file...
".\obj\output.axf" - 0 Errors, 0 Warning(s).
Load "E:\\Dropbox\\Fall 2013\\Micro P\\Final Project\\Test Project\\rtx_project\\keil\\obj\\output.axf" 
Erase Done.
Programming Done.
Verify OK.
Build target 'Project'
compiling main.c...
compiling Radio_Driver.c...
..\Radio_Driver.c(68): warning:  #550-D: variable "statusByte" was set but never used
linking...
Program Size: Code=15820 RO-data=568 RW-data=104 ZI-data=8112  
FromELF: creating hex file...
".\obj\output.axf" - 0 Errors, 1 Warning(s).
Load "E:\\Dropbox\\Fall 2013\\Micro P\\Final Project\\Test Project\\rtx_project\\keil\\obj\\output.axf" 
Erase Done.
Programming Done.
Verify OK.
Build target 'Project'
compiling main.c...
linking...
Program Size: Code=15636 RO-data=568 RW-data=104 ZI-data=8112  
FromELF: creating hex file...
".\obj\output.axf" - 0 Errors, 0 Warning(s).
Load "E:\\Dropbox\\Fall 2013\\Micro P\\Final Project\\Test Project\\rtx_project\\keil\\obj\\output.axf" 
Erase Done.
Programming Done.
Verify OK.
Build target 'Project'
compiling main.c...
compiling Radio_Driver.c...
..\Radio_Driver.c(68): warning:  #550-D: variable "statusByte" was set but never used
linking...
Program Size: Code=15636 RO-data=568 RW-data=104 ZI-data=8112  
FromELF: creating hex file...
".\obj\output.axf" - 0 Errors, 1 Warning(s).
Load "E:\\Dropbox\\Fall 2013\\Micro P\\Final Project\\Test Project\\rtx_project\\keil\\obj\\output.axf" 
Erase Done.
Programming Done.
Verify OK.
Build target 'Project'
linking...
Program Size: Code=15636 RO-data=568 RW-data=104 ZI-data=8112  
FromELF: creating hex file...
".\obj\output.axf" - 0 Errors, 0 Warning(s).
Load "E:\\Dropbox\\Fall 2013\\Micro P\\Final Project\\Test Project\\rtx_project\\keil\\obj\\output.axf" 
Erase Done.
Programming Done.
Verify OK.
Build target 'Project'
compiling main.c...
compiling Radio_Driver.c...
..\Radio_Driver.c(68): warning:  #550-D: variable "statusByte" was set but never used
linking...
Program Size: Code=15636 RO-data=568 RW-data=104 ZI-data=8112  
FromELF: creating hex file...
".\obj\output.axf" - 0 Errors, 1 Warning(s).
Load "E:\\Dropbox\\Fall 2013\\Micro P\\Final Project\\Test Project\\rtx_project\\keil\\obj\\output.axf" 
Erase Done.
Programming Done.
Verify OK.
Build target 'Project'
compiling main.c...
compiling Radio_Driver.c...
..\Radio_Driver.c(68): warning:  #550-D: variable "statusByte" was set but never used
linking...
Program Size: Code=15636 RO-data=568 RW-data=104 ZI-data=8112  
FromELF: creating hex file...
".\obj\output.axf" - 0 Errors, 1 Warning(s).
Load "E:\\Dropbox\\Fall 2013\\Micro P\\Final Project\\Test Project\\rtx_project\\keil\\obj\\output.axf" 
Erase Done.
Programming Done.
Verify OK.
Build target 'Project'
linking...
Program Size: Code=15636 RO-data=568 RW-data=104 ZI-data=8112  
FromELF: creating hex file...
".\obj\output.axf" - 0 Errors, 0 Warning(s).
Load "E:\\Dropbox\\Fall 2013\\Micro P\\Final Project\\Test Project\\rtx_project\\keil\\obj\\output.axf" 
Erase Done.
Programming Done.
Verify OK.
Build target 'Project'
compiling main.c...
compiling Radio_Driver.c...
..\Radio_Driver.c(68): warning:  #550-D: variable "statusByte" was set but never used
linking...
Program Size: Code=15820 RO-data=568 RW-data=104 ZI-data=8112  
FromELF: creating hex file...
".\obj\output.axf" - 0 Errors, 1 Warning(s).
Load "E:\\Dropbox\\Fall 2013\\Micro P\\Final Project\\Test Project\\rtx_project\\keil\\obj\\output.axf" 
Erase Done.
Programming Done.
Verify OK.
Build target 'Project'
compiling main.c...
linking...
Program Size: Code=15636 RO-data=568 RW-data=104 ZI-data=8112  
FromELF: creating hex file...
".\obj\output.axf" - 0 Errors, 0 Warning(s).
Load "E:\\Dropbox\\Fall 2013\\Micro P\\Final Project\\Test Project\\rtx_project\\keil\\obj\\output.axf" 
Erase Done.
Programming Done.
Verify OK.
Build target 'Project'
linking...
Program Size: Code=15636 RO-data=568 RW-data=104 ZI-data=8112  
FromELF: creating hex file...
".\obj\output.axf" - 0 Errors, 0 Warning(s).
Load "E:\\Dropbox\\Fall 2013\\Micro P\\Final Project\\Test Project\\rtx_project\\keil\\obj\\output.axf" 
Erase Done.
Programming Done.
Verify OK.
Build target 'Project'
compiling main.c...
linking...
Program Size: Code=15644 RO-data=568 RW-data=104 ZI-data=8112  
FromELF: creating hex file...
".\obj\output.axf" - 0 Errors, 0 Warning(s).
Load "E:\\Dropbox\\Fall 2013\\Micro P\\Final Project\\Test Project\\rtx_project\\keil\\obj\\output.axf" 
Erase Done.
Programming Done.
Verify OK.
Build target 'Project'
compiling main.c...
linking...
Program Size: Code=15820 RO-data=568 RW-data=104 ZI-data=8112  
FromELF: creating hex file...
".\obj\output.axf" - 0 Errors, 0 Warning(s).
Load "E:\\Dropbox\\Fall 2013\\Micro P\\Final Project\\Test Project\\rtx_project\\keil\\obj\\output.axf" 
Erase Done.
Programming Done.
Verify OK.
Build target 'Project'
compiling main.c...
compiling Radio_Driver.c...
..\Radio_Driver.c(68): warning:  #550-D: variable "statusByte" was set but never used
linking...
Program Size: Code=15820 RO-data=568 RW-data=104 ZI-data=8112  
FromELF: creating hex file...
".\obj\output.axf" - 0 Errors, 1 Warning(s).
Load "E:\\Dropbox\\Fall 2013\\Micro P\\Final Project\\Test Project\\rtx_project\\keil\\obj\\output.axf" 
Erase Done.
Programming Done.
Verify OK.
Build target 'Project'
compiling main.c...
linking...
Program Size: Code=15820 RO-data=568 RW-data=104 ZI-data=8112  
FromELF: creating hex file...
".\obj\output.axf" - 0 Errors, 0 Warning(s).
Load "E:\\Dropbox\\Fall 2013\\Micro P\\Final Project\\Test Project\\rtx_project\\keil\\obj\\output.axf" 
Erase Done.
Programming Done.
Verify OK.
Build target 'Project'
compiling main.c...
compiling Radio_Driver.c...
..\Radio_Driver.c(68): warning:  #550-D: variable "statusByte" was set but never used
linking...
Program Size: Code=15820 RO-data=568 RW-data=104 ZI-data=8112  
FromELF: creating hex file...
".\obj\output.axf" - 0 Errors, 1 Warning(s).
Build target 'Project'
compiling main.c...
linking...
Program Size: Code=15820 RO-data=568 RW-data=104 ZI-data=8112  
FromELF: creating hex file...
".\obj\output.axf" - 0 Errors, 0 Warning(s).
Build target 'Project'
compiling main.c...
linking...
Program Size: Code=15820 RO-data=568 RW-data=104 ZI-data=8112  
FromELF: creating hex file...
".\obj\output.axf" - 0 Errors, 0 Warning(s).
Load "E:\\Dropbox\\Fall 2013\\Micro P\\Final Project\\Test Project\\rtx_project\\keil\\obj\\output.axf" 
Erase Done.
Programming Done.
Verify OK.
Build target 'Project'
compiling main.c...
linking...
Program Size: Code=15820 RO-data=568 RW-data=104 ZI-data=8112  
FromELF: creating hex file...
".\obj\output.axf" - 0 Errors, 0 Warning(s).
Load "E:\\Dropbox\\Fall 2013\\Micro P\\Final Project\\Test Project\\rtx_project\\keil\\obj\\output.axf" 
Erase Done.
Programming Done.
Verify OK.
Build target 'Project'
compiling main.c...
compiling Radio_Driver.c...
..\Radio_Driver.c(68): warning:  #550-D: variable "statusByte" was set but never used
linking...
Program Size: Code=15820 RO-data=568 RW-data=104 ZI-data=8112  
FromELF: creating hex file...
".\obj\output.axf" - 0 Errors, 1 Warning(s).
Load "E:\\Dropbox\\Fall 2013\\Micro P\\Final Project\\Test Project\\rtx_project\\keil\\obj\\output.axf" 
Erase Done.
Programming Done.
Verify OK.
Build target 'Project'
linking...
Program Size: Code=15820 RO-data=568 RW-data=104 ZI-data=8112  
FromELF: creating hex file...
".\obj\output.axf" - 0 Errors, 0 Warning(s).
Load "E:\\Dropbox\\Fall 2013\\Micro P\\Final Project\\Test Project\\rtx_project\\keil\\obj\\output.axf" 
Build target 'Project'
linking...
Program Size: Code=15820 RO-data=568 RW-data=104 ZI-data=8112  
FromELF: creating hex file...
".\obj\output.axf" - 0 Errors, 0 Warning(s).
Load "E:\\Dropbox\\Fall 2013\\Micro P\\Final Project\\Test Project\\rtx_project\\keil\\obj\\output.axf" 
Erase Done.
Programming Done.
Verify OK.
Build target 'Project'
compiling main.c...
linking...
Program Size: Code=15820 RO-data=568 RW-data=104 ZI-data=8112  
FromELF: creating hex file...
".\obj\output.axf" - 0 Errors, 0 Warning(s).
Build target 'Project'
compiling main.c...
compiling Radio_Driver.c...
..\Radio_Driver.c(68): warning:  #550-D: variable "statusByte" was set but never used
linking...
Program Size: Code=15820 RO-data=568 RW-data=104 ZI-data=8112  
FromELF: creating hex file...
".\obj\output.axf" - 0 Errors, 1 Warning(s).
Load "E:\\Dropbox\\Fall 2013\\Micro P\\Final Project\\Test Project\\rtx_project\\keil\\obj\\output.axf" 
Erase Done.
Programming Done.
Verify OK.
Build target 'Project'
compiling main.c...
compiling Radio_Driver.c...
..\Radio_Driver.c(68): warning:  #550-D: variable "statusByte" was set but never used
linking...
Program Size: Code=15820 RO-data=568 RW-data=104 ZI-data=8112  
FromELF: creating hex file...
".\obj\output.axf" - 0 Errors, 1 Warning(s).
Load "E:\\Dropbox\\Fall 2013\\Micro P\\Final Project\\Test Project\\rtx_project\\keil\\obj\\output.axf" 
Erase Done.
Programming Done.
Verify OK.
Build target 'Project'
compiling main.c...
linking...
Program Size: Code=15636 RO-data=568 RW-data=104 ZI-data=8112  
FromELF: creating hex file...
".\obj\output.axf" - 0 Errors, 0 Warning(s).
Load "E:\\Dropbox\\Fall 2013\\Micro P\\Final Project\\Test Project\\rtx_project\\keil\\obj\\output.axf" 
Erase Done.
Programming Done.
Verify OK.
Build target 'Project'
linking...
Program Size: Code=15636 RO-data=568 RW-data=104 ZI-data=8112  
FromELF: creating hex file...
".\obj\output.axf" - 0 Errors, 0 Warning(s).
Load "E:\\Dropbox\\Fall 2013\\Micro P\\Final Project\\Test Project\\rtx_project\\keil\\obj\\output.axf" 
Build target 'Project'
linking...
Program Size: Code=15636 RO-data=568 RW-data=104 ZI-data=8112  
FromELF: creating hex file...
".\obj\output.axf" - 0 Errors, 0 Warning(s).
Load "E:\\Dropbox\\Fall 2013\\Micro P\\Final Project\\Test Project\\rtx_project\\keil\\obj\\output.axf" 
Erase Done.
Programming Done.
Verify OK.
Build target 'Project'
linking...
Program Size: Code=15636 RO-data=568 RW-data=104 ZI-data=8112  
FromELF: creating hex file...
".\obj\output.axf" - 0 Errors, 0 Warning(s).
Load "E:\\Dropbox\\Fall 2013\\Micro P\\Final Project\\Test Project\\rtx_project\\keil\\obj\\output.axf" 
Erase Done.
Programming Done.
Verify OK.
Build target 'Project'
linking...
Program Size: Code=15636 RO-data=568 RW-data=104 ZI-data=8112  
FromELF: creating hex file...
".\obj\output.axf" - 0 Errors, 0 Warning(s).
Load "E:\\Dropbox\\Fall 2013\\Micro P\\Final Project\\Test Project\\rtx_project\\keil\\obj\\output.axf" 
Erase Done.
Programming Done.
Verify OK.
Build target 'Project'
linking...
Program Size: Code=15636 RO-data=568 RW-data=104 ZI-data=8112  
FromELF: creating hex file...
".\obj\output.axf" - 0 Errors, 0 Warning(s).
Load "E:\\Dropbox\\Fall 2013\\Micro P\\Final Project\\Test Project\\rtx_project\\keil\\obj\\output.axf" 
Erase Done.
Programming Done.
Verify OK.
