<html>
<body>
<pre>
<h1>µVision Build Log</h1>
<h2>Project:</h2>
H:\microP\G01_Final_Project\rtx_project\keil\rtx.uvproj
Project File Date:  11/25/2013

<h2>Output:</h2>
Build target 'Project'
compiling main.c...
compiling servo.c...
compiling lcd.c...
..\lcd.c(183): warning:  #1-D: last line of file ends without a newline
linking...
Program Size: Code=12684 RO-data=528 RW-data=88 ZI-data=8144  
FromELF: creating hex file...
".\obj\output.axf" - 0 Error(s), 1 Warning(s).
Load "H:\\microP\\G01_Final_Project\\rtx_project\\keil\\obj\\output.axf" 
Erase Done.
Programming Done.
Verify OK.
Build target 'Project'
linking...
Program Size: Code=12684 RO-data=528 RW-data=88 ZI-data=8144  
FromELF: creating hex file...
".\obj\output.axf" - 0 Error(s), 0 Warning(s).
Load "H:\\microP\\G01_Final_Project\\rtx_project\\keil\\obj\\output.axf" 
Erase Done.
Programming Done.
Verify OK.
Build target 'Project'
compiling main.c...
../main.c(19): warning:  #223-D: function "printf" declared implicitly
compiling lcd.c...
..\lcd.c(167): warning:  #223-D: function "printf" declared implicitly
..\lcd.c(183): warning:  #1-D: last line of file ends without a newline
linking...
Program Size: Code=12856 RO-data=528 RW-data=96 ZI-data=8144  
FromELF: creating hex file...
".\obj\output.axf" - 0 Error(s), 3 Warning(s).
Load "H:\\microP\\G01_Final_Project\\rtx_project\\keil\\obj\\output.axf" 
Erase Done.
Programming Done.
Verify OK.
Build target 'Project'
compiling lcd.c...
..\lcd.c(174): warning:  #223-D: function "printf" declared implicitly
..\lcd.c(190): warning:  #1-D: last line of file ends without a newline
linking...
Program Size: Code=12868 RO-data=528 RW-data=96 ZI-data=8144  
FromELF: creating hex file...
".\obj\output.axf" - 0 Error(s), 2 Warning(s).
Build target 'Project'
compiling lcd.c...
..\lcd.c(174): warning:  #223-D: function "printf" declared implicitly
linking...
Program Size: Code=12868 RO-data=528 RW-data=96 ZI-data=8144  
FromELF: creating hex file...
".\obj\output.axf" - 0 Error(s), 1 Warning(s).
Load "H:\\microP\\G01_Final_Project\\rtx_project\\keil\\obj\\output.axf" 
Erase Done.
Programming Done.
Verify OK.
Build target 'Project'
linking...
Program Size: Code=12868 RO-data=528 RW-data=96 ZI-data=8144  
FromELF: creating hex file...
".\obj\output.axf" - 0 Error(s), 0 Warning(s).
Load "H:\\microP\\G01_Final_Project\\rtx_project\\keil\\obj\\output.axf" 
Erase Done.
Programming Done.
Verify OK.
Build target 'Project'
compiling main.c...
../main.c(19): warning:  #223-D: function "printf" declared implicitly
../main.c(32): warning:  #223-D: function "osDelay" declared implicitly
compiling lcd.c...
..\lcd.c(169): warning:  #223-D: function "printf" declared implicitly
linking...
Program Size: Code=12856 RO-data=528 RW-data=96 ZI-data=8144  
FromELF: creating hex file...
".\obj\output.axf" - 0 Error(s), 3 Warning(s).
Build target 'Project'
linking...
Program Size: Code=12856 RO-data=528 RW-data=96 ZI-data=8144  
FromELF: creating hex file...
".\obj\output.axf" - 0 Error(s), 0 Warning(s).
Load "H:\\microP\\G01_Final_Project\\rtx_project\\keil\\obj\\output.axf" 
Erase Done.
Programming Done.
Verify OK.
Build target 'Project'
linking...
Program Size: Code=12856 RO-data=528 RW-data=96 ZI-data=8144  
FromELF: creating hex file...
".\obj\output.axf" - 0 Error(s), 0 Warning(s).
Load "H:\\microP\\G01_Final_Project\\rtx_project\\keil\\obj\\output.axf" 
Erase Done.
Programming Done.
Verify OK.
Build target 'Project'
compiling main.c...
../main.c(19): warning:  #223-D: function "printf" declared implicitly
../main.c(32): warning:  #223-D: function "osDelay" declared implicitly
compiling lcd.c...
..\lcd.c(169): warning:  #223-D: function "printf" declared implicitly
linking...
Program Size: Code=12856 RO-data=528 RW-data=96 ZI-data=8144  
FromELF: creating hex file...
".\obj\output.axf" - 0 Error(s), 3 Warning(s).
Load "H:\\microP\\G01_Final_Project\\rtx_project\\keil\\obj\\output.axf" 
Erase Done.
Programming Done.
Verify OK.
Build target 'Project'
linking...
Program Size: Code=12856 RO-data=528 RW-data=96 ZI-data=8144  
FromELF: creating hex file...
".\obj\output.axf" - 0 Error(s), 0 Warning(s).
Load "H:\\microP\\G01_Final_Project\\rtx_project\\keil\\obj\\output.axf" 
Erase Done.
Programming Done.
Verify OK.
Build target 'Project'
compiling main.c...
../main.c(19): warning:  #223-D: function "printf" declared implicitly
../main.c(32): warning:  #223-D: function "osDelay" declared implicitly
compiling lcd.c...
..\lcd.c(169): warning:  #223-D: function "printf" declared implicitly
linking...
Program Size: Code=12856 RO-data=528 RW-data=96 ZI-data=8144  
FromELF: creating hex file...
".\obj\output.axf" - 0 Error(s), 3 Warning(s).
Load "H:\\microP\\G01_Final_Project\\rtx_project\\keil\\obj\\output.axf" 
Erase Done.
Programming Done.
Verify OK.
Build target 'Project'
compiling main.c...
../main.c(19): warning:  #223-D: function "printf" declared implicitly
../main.c(32): warning:  #223-D: function "osDelay" declared implicitly
compiling lcd.c...
..\lcd.c(172): warning:  #223-D: function "printf" declared implicitly
linking...
Program Size: Code=12808 RO-data=528 RW-data=96 ZI-data=8144  
FromELF: creating hex file...
".\obj\output.axf" - 0 Error(s), 3 Warning(s).
Load "H:\\microP\\G01_Final_Project\\rtx_project\\keil\\obj\\output.axf" 
Erase Done.
Programming Done.
Verify OK.
Build target 'Project'
compiling lcd.c...
..\lcd.c(167): warning:  #223-D: function "printf" declared implicitly
..\lcd.c(173): warning:  #223-D: function "printf" declared implicitly
linking...
Program Size: Code=12820 RO-data=528 RW-data=96 ZI-data=8144  
FromELF: creating hex file...
".\obj\output.axf" - 0 Error(s), 2 Warning(s).
Load "H:\\microP\\G01_Final_Project\\rtx_project\\keil\\obj\\output.axf" 
Erase Done.
Programming Done.
Verify OK.
Build target 'Project'
compiling main.c...
../main.c(19): warning:  #223-D: function "printf" declared implicitly
../main.c(32): warning:  #223-D: function "osDelay" declared implicitly
compiling lcd.c...
..\lcd.c(167): warning:  #223-D: function "printf" declared implicitly
..\lcd.c(173): warning:  #223-D: function "printf" declared implicitly
linking...
Program Size: Code=12820 RO-data=528 RW-data=96 ZI-data=8144  
FromELF: creating hex file...
".\obj\output.axf" - 0 Error(s), 4 Warning(s).
Load "H:\\microP\\G01_Final_Project\\rtx_project\\keil\\obj\\output.axf" 
Erase Done.
Programming Done.
Verify OK.
Build target 'Project'
compiling main.c...
../main.c(19): warning:  #223-D: function "printf" declared implicitly
../main.c(42): warning:  #223-D: function "osDelay" declared implicitly
linking...
Program Size: Code=12804 RO-data=528 RW-data=96 ZI-data=8144  
FromELF: creating hex file...
".\obj\output.axf" - 0 Error(s), 2 Warning(s).
Load "H:\\microP\\G01_Final_Project\\rtx_project\\keil\\obj\\output.axf" 
Erase Done.
Programming Done.
Verify OK.
Build target 'Project'
linking...
Program Size: Code=12804 RO-data=528 RW-data=96 ZI-data=8144  
FromELF: creating hex file...
".\obj\output.axf" - 0 Error(s), 0 Warning(s).
Load "H:\\microP\\G01_Final_Project\\rtx_project\\keil\\obj\\output.axf" 
Erase Done.
Programming Done.
Verify OK.
Build target 'Project'
linking...
Program Size: Code=12804 RO-data=528 RW-data=96 ZI-data=8144  
FromELF: creating hex file...
".\obj\output.axf" - 0 Error(s), 0 Warning(s).
Load "H:\\microP\\G01_Final_Project\\rtx_project\\keil\\obj\\output.axf" 
Erase Done.
Programming Done.
Verify OK.
