ARM Linker, 5.03 [Build 69] [MDK-ARM Standard]

==============================================================================

Section Cross References

    system_stm32f4xx.o(.text) refers to system_stm32f4xx.o(.data) for SystemCoreClock
    startup_stm32f4xx.o(RESET) refers to startup_stm32f4xx.o(STACK) for __initial_sp
    startup_stm32f4xx.o(RESET) refers to startup_stm32f4xx.o(.text) for Reset_Handler
    startup_stm32f4xx.o(RESET) refers to hal_cm4.o(.emb_text) for SVC_Handler
    startup_stm32f4xx.o(RESET) refers to main.o(.text) for TIM3_IRQHandler
    startup_stm32f4xx.o(.text) refers to system_stm32f4xx.o(.text) for SystemInit
    startup_stm32f4xx.o(.text) refers to entry.o(.ARM.Collect$$$$00000000) for __main
    rtx_conf_cm.o(.ARM.Collect$$$$000000FF) refers to rt_cmsis.o(i.osKernelStart) for osKernelStart
    rtx_conf_cm.o(.ARM.Collect$$$$000000FF) refers to rtx_conf_cm.o(.constdata) for .constdata
    rtx_conf_cm.o(.constdata) refers to rt_cmsis.o(i.osTimerThread) for osTimerThread
    rtx_conf_cm.o(.constdata) refers to rtx_conf_cm.o(.bss) for os_messageQ_q_osTimerMessageQ
    rtx_conf_cm.o(.constdata) refers to main.o(.text) for main
    main.o(.text) refers to pwm.o(.text) for PWM_configure
    main.o(.text) refers to lcd.o(.text) for hd44780_init
    main.o(.text) refers to printfb.o(i.__0printf$bare) for __2printf
    main.o(.text) refers to rt_cmsis.o(i.osDelay) for osDelay
    main.o(.text) refers to stm32f4xx_tim.o(.text) for TIM_GetITStatus
    main.o(.text) refers to main.o(.data) for ticks
    pwm.o(.text) refers to stm32f4xx_rcc.o(.text) for RCC_APB1PeriphClockCmd
    pwm.o(.text) refers to stm32f4xx_gpio.o(.text) for GPIO_Init
    pwm.o(.text) refers to stm32f4xx_tim.o(.text) for TIM_TimeBaseInit
    pwm.o(.text) refers to misc.o(.text) for NVIC_Init
    pwm.o(.text) refers to pwm.o(.data) for PrescalerValue
    pwm.o(.text) refers to pwm.o(.bss) for TIM_TimeBaseStructure
    servo.o(.text) refers to f2d.o(.text) for __aeabi_f2d
    servo.o(.text) refers to dmul.o(.text) for __aeabi_dmul
    servo.o(.text) refers to dadd.o(.text) for __aeabi_dadd
    servo.o(.text) refers to dfixui.o(.text) for __aeabi_d2uiz
    lcd.o(.text) refers to stm32f4xx_rcc.o(.text) for RCC_AHB1PeriphClockCmd
    lcd.o(.text) refers to stm32f4xx_gpio.o(.text) for GPIO_Init
    lcd.o(.text) refers to rt_cmsis.o(i.osDelay) for osDelay
    stm32f4xx_adc.o(.text) refers to stm32f4xx_rcc.o(.text) for RCC_APB2PeriphResetCmd
    stm32f4xx_can.o(.text) refers to stm32f4xx_rcc.o(.text) for RCC_APB1PeriphResetCmd
    stm32f4xx_cryp.o(.text) refers to stm32f4xx_rcc.o(.text) for RCC_AHB2PeriphResetCmd
    stm32f4xx_cryp_aes.o(.text) refers to stm32f4xx_cryp.o(.text) for CRYP_KeyStructInit
    stm32f4xx_cryp_des.o(.text) refers to stm32f4xx_cryp.o(.text) for CRYP_KeyStructInit
    stm32f4xx_cryp_tdes.o(.text) refers to stm32f4xx_cryp.o(.text) for CRYP_KeyStructInit
    stm32f4xx_dac.o(.text) refers to stm32f4xx_rcc.o(.text) for RCC_APB1PeriphResetCmd
    stm32f4xx_gpio.o(.text) refers to stm32f4xx_rcc.o(.text) for RCC_AHB1PeriphResetCmd
    stm32f4xx_hash.o(.text) refers to stm32f4xx_rcc.o(.text) for RCC_AHB2PeriphResetCmd
    stm32f4xx_hash_md5.o(.text) refers to stm32f4xx_hash.o(.text) for HASH_DeInit
    stm32f4xx_hash_sha1.o(.text) refers to stm32f4xx_hash.o(.text) for HASH_DeInit
    stm32f4xx_i2c.o(.text) refers to stm32f4xx_rcc.o(.text) for RCC_APB1PeriphResetCmd
    stm32f4xx_pwr.o(.text) refers to stm32f4xx_rcc.o(.text) for RCC_APB1PeriphResetCmd
    stm32f4xx_rcc.o(.text) refers to stm32f4xx_rcc.o(.data) for APBAHBPrescTable
    stm32f4xx_rng.o(.text) refers to stm32f4xx_rcc.o(.text) for RCC_AHB2PeriphResetCmd
    stm32f4xx_sdio.o(.text) refers to stm32f4xx_rcc.o(.text) for RCC_APB2PeriphResetCmd
    stm32f4xx_spi.o(.text) refers to stm32f4xx_rcc.o(.text) for RCC_APB2PeriphResetCmd
    stm32f4xx_syscfg.o(.text) refers to stm32f4xx_rcc.o(.text) for RCC_APB2PeriphResetCmd
    stm32f4xx_tim.o(.text) refers to stm32f4xx_rcc.o(.text) for RCC_APB2PeriphResetCmd
    stm32f4xx_usart.o(.text) refers to stm32f4xx_rcc.o(.text) for RCC_APB2PeriphResetCmd
    stm32f4xx_wwdg.o(.text) refers to stm32f4xx_rcc.o(.text) for RCC_APB1PeriphResetCmd
    stm32f4_discovery_lis302dl.o(.text) refers to stm32f4xx_spi.o(.text) for SPI_I2S_GetFlagStatus
    stm32f4_discovery_lis302dl.o(.text) refers to stm32f4xx_gpio.o(.text) for GPIO_ResetBits
    stm32f4_discovery_lis302dl.o(.text) refers to stm32f4xx_rcc.o(.text) for RCC_APB2PeriphClockCmd
    stm32f4_discovery_lis302dl.o(.text) refers to stm32f4_discovery_lis302dl.o(.data) for LIS302DLTimeout
    rt_cmsis.o(i.isrMessagePut) refers to rt_mailbox.o(i.rt_mbx_check) for rt_mbx_check
    rt_cmsis.o(i.isrMessagePut) refers to rt_mailbox.o(i.isr_mbx_send) for isr_mbx_send
    rt_cmsis.o(i.osDelay) refers to rt_cmsis.o(i.svcDelay) for svcDelay
    rt_cmsis.o(i.osKernelRunning) refers to rt_task.o(.data) for os_tsk
[...]
    Removing stm32f4xx_cryp_tdes.o(.revsh_text), (4 bytes).
    Removing stm32f4xx_cryp_tdes.o(.text), (532 bytes).
    Removing stm32f4xx_dac.o(.rev16_text), (4 bytes).
    Removing stm32f4xx_dac.o(.revsh_text), (4 bytes).
    Removing stm32f4xx_dac.o(.text), (528 bytes).
    Removing stm32f4xx_dbgmcu.o(.rev16_text), (4 bytes).
    Removing stm32f4xx_dbgmcu.o(.revsh_text), (4 bytes).
    Removing stm32f4xx_dbgmcu.o(.text), (100 bytes).
    Removing stm32f4xx_dcmi.o(.rev16_text), (4 bytes).
    Removing stm32f4xx_dcmi.o(.revsh_text), (4 bytes).
    Removing stm32f4xx_dcmi.o(.text), (396 bytes).
    Removing stm32f4xx_dma.o(.rev16_text), (4 bytes).
    Removing stm32f4xx_dma.o(.revsh_text), (4 bytes).
    Removing stm32f4xx_dma.o(.text), (932 bytes).
    Removing stm32f4xx_exti.o(.rev16_text), (4 bytes).
    Removing stm32f4xx_exti.o(.revsh_text), (4 bytes).
    Removing stm32f4xx_exti.o(.text), (284 bytes).
    Removing stm32f4xx_flash.o(.rev16_text), (4 bytes).
    Removing stm32f4xx_flash.o(.revsh_text), (4 bytes).
    Removing stm32f4xx_flash.o(.text), (1224 bytes).
    Removing stm32f4xx_fsmc.o(.rev16_text), (4 bytes).
    Removing stm32f4xx_fsmc.o(.revsh_text), (4 bytes).
    Removing stm32f4xx_fsmc.o(.text), (1564 bytes).
    Removing stm32f4xx_gpio.o(.rev16_text), (4 bytes).
    Removing stm32f4xx_gpio.o(.revsh_text), (4 bytes).
    Removing stm32f4xx_hash.o(.rev16_text), (4 bytes).
    Removing stm32f4xx_hash.o(.revsh_text), (4 bytes).
    Removing stm32f4xx_hash.o(.text), (496 bytes).
    Removing stm32f4xx_hash_md5.o(.rev16_text), (4 bytes).
    Removing stm32f4xx_hash_md5.o(.revsh_text), (4 bytes).
    Removing stm32f4xx_hash_md5.o(.text), (534 bytes).
    Removing stm32f4xx_hash_sha1.o(.rev16_text), (4 bytes).
    Removing stm32f4xx_hash_sha1.o(.revsh_text), (4 bytes).
    Removing stm32f4xx_hash_sha1.o(.text), (548 bytes).
    Removing stm32f4xx_i2c.o(.rev16_text), (4 bytes).
    Removing stm32f4xx_i2c.o(.revsh_text), (4 bytes).
    Removing stm32f4xx_i2c.o(.text), (1064 bytes).
    Removing stm32f4xx_iwdg.o(.rev16_text), (4 bytes).
    Removing stm32f4xx_iwdg.o(.revsh_text), (4 bytes).
    Removing stm32f4xx_iwdg.o(.text), (64 bytes).
    Removing stm32f4xx_pwr.o(.rev16_text), (4 bytes).
    Removing stm32f4xx_pwr.o(.revsh_text), (4 bytes).
    Removing stm32f4xx_pwr.o(.text), (252 bytes).
    Removing stm32f4xx_rcc.o(.rev16_text), (4 bytes).
    Removing stm32f4xx_rcc.o(.revsh_text), (4 bytes).
    Removing stm32f4xx_rng.o(.rev16_text), (4 bytes).
    Removing stm32f4xx_rng.o(.revsh_text), (4 bytes).
    Removing stm32f4xx_rng.o(.text), (160 bytes).
    Removing stm32f4xx_rtc.o(.rev16_text), (4 bytes).
    Removing stm32f4xx_rtc.o(.revsh_text), (4 bytes).
    Removing stm32f4xx_rtc.o(.text), (3432 bytes).
    Removing stm32f4xx_sdio.o(.rev16_text), (4 bytes).
    Removing stm32f4xx_sdio.o(.revsh_text), (4 bytes).
    Removing stm32f4xx_sdio.o(.text), (484 bytes).
    Removing stm32f4xx_spi.o(.rev16_text), (4 bytes).
    Removing stm32f4xx_spi.o(.revsh_text), (4 bytes).
    Removing stm32f4xx_spi.o(.text), (1012 bytes).
    Removing stm32f4xx_syscfg.o(.rev16_text), (4 bytes).
    Removing stm32f4xx_syscfg.o(.revsh_text), (4 bytes).
    Removing stm32f4xx_syscfg.o(.text), (140 bytes).
    Removing stm32f4xx_tim.o(.rev16_text), (4 bytes).
    Removing stm32f4xx_tim.o(.revsh_text), (4 bytes).
    Removing stm32f4xx_usart.o(.rev16_text), (4 bytes).
    Removing stm32f4xx_usart.o(.revsh_text), (4 bytes).
    Removing stm32f4xx_usart.o(.text), (1050 bytes).
    Removing stm32f4xx_wwdg.o(.rev16_text), (4 bytes).
    Removing stm32f4xx_wwdg.o(.revsh_text), (4 bytes).
    Removing stm32f4xx_wwdg.o(.text), (144 bytes).
    Removing stm32f4_discovery_lis302dl.o(.rev16_text), (4 bytes).
    Removing stm32f4_discovery_lis302dl.o(.revsh_text), (4 bytes).
    Removing stm32f4_discovery_lis302dl.o(.text), (960 bytes).
    Removing stm32f4_discovery_lis302dl.o(.data), (4 bytes).
    Removing rt_cmsis.o(.rev16_text), (4 bytes).
    Removing rt_cmsis.o(.revsh_text), (4 bytes).
    Removing rt_cmsis.o(i.osKernelRunning), (16 bytes).
    Removing rt_cmsis.o(i.osMailAlloc), (32 bytes).
    Removing rt_cmsis.o(i.osMailCAlloc), (32 bytes).
    Removing rt_cmsis.o(i.osMailCreate), (24 bytes).
    Removing rt_cmsis.o(i.osMailFree), (28 bytes).
    Removing rt_cmsis.o(i.osMailGet), (22 bytes).
    Removing rt_cmsis.o(i.osMailPut), (14 bytes).
    Removing rt_cmsis.o(i.osMessageCreate), (24 bytes).
    Removing rt_cmsis.o(i.osMessagePut), (24 bytes).
    Removing rt_cmsis.o(i.osMutexCreate), (24 bytes).
    Removing rt_cmsis.o(i.osMutexRelease), (24 bytes).
    Removing rt_cmsis.o(i.osMutexWait), (24 bytes).
    Removing rt_cmsis.o(i.osPoolAlloc), (36 bytes).
    Removing rt_cmsis.o(i.osPoolCAlloc), (36 bytes).
    Removing rt_cmsis.o(i.osPoolCreate), (24 bytes).
    Removing rt_cmsis.o(i.osPoolFree), (32 bytes).
    Removing rt_cmsis.o(i.osSemaphoreCreate), (24 bytes).
    Removing rt_cmsis.o(i.osSemaphoreRelease), (48 bytes).
    Removing rt_cmsis.o(i.osSemaphoreWait), (24 bytes).
    Removing rt_cmsis.o(i.osSignalClear), (24 bytes).
    Removing rt_cmsis.o(i.osSignalGet), (24 bytes).
    Removing rt_cmsis.o(i.osSignalSet), (52 bytes).
    Removing rt_cmsis.o(i.osSignalWait), (24 bytes).
    Removing rt_cmsis.o(i.osThreadCreate), (24 bytes).
    Removing rt_cmsis.o(i.osThreadGetId), (24 bytes).
    Removing rt_cmsis.o(i.osThreadGetPriority), (24 bytes).
    Removing rt_cmsis.o(i.osThreadSetPriority), (24 bytes).
    Removing rt_cmsis.o(i.osThreadTerminate), (24 bytes).
    Removing rt_cmsis.o(i.osThreadYield), (24 bytes).
    Removing rt_cmsis.o(i.osTimerCreate), (24 bytes).
    Removing rt_cmsis.o(i.osTimerStart), (24 bytes).
    Removing rt_cmsis.o(i.osTimerStop), (24 bytes).
    Removing rt_cmsis.o(i.osWait), (4 bytes).
    Removing rt_cmsis.o(i.rt_clr_box), (20 bytes).
    Removing rt_cmsis.o(i.rt_timer_remove), (60 bytes).
    Removing rt_cmsis.o(i.svcMailCreate), (66 bytes).
    Removing rt_cmsis.o(i.svcMessagePut), (54 bytes).
    Removing rt_cmsis.o(i.svcMutexCreate), (28 bytes).
    Removing rt_cmsis.o(i.svcMutexRelease), (34 bytes).
    Removing rt_cmsis.o(i.svcMutexWait), (54 bytes).
    Removing rt_cmsis.o(i.svcPoolCreate), (40 bytes).
    Removing rt_cmsis.o(i.svcSemaphoreCreate), (36 bytes).
    Removing rt_cmsis.o(i.svcSemaphoreRelease), (26 bytes).
    Removing rt_cmsis.o(i.svcSemaphoreWait), (54 bytes).
    Removing rt_cmsis.o(i.svcSignalClear), (36 bytes).
    Removing rt_cmsis.o(i.svcSignalGet), (18 bytes).
    Removing rt_cmsis.o(i.svcSignalSet), (36 bytes).
    Removing rt_cmsis.o(i.svcSignalWait), (84 bytes).
    Removing rt_cmsis.o(i.svcThreadGetPriority), (18 bytes).
    Removing rt_cmsis.o(i.svcThreadSetPriority), (46 bytes).
    Removing rt_cmsis.o(i.svcThreadYield), (10 bytes).
    Removing rt_cmsis.o(i.svcTimerCreate), (52 bytes).
    Removing rt_cmsis.o(i.svcTimerStart), (72 bytes).
    Removing rt_cmsis.o(i.svcTimerStop), (36 bytes).
    Removing rt_cmsis.o(i.sysMailAlloc), (112 bytes).
    Removing rt_cmsis.o(i.sysMailFree), (102 bytes).
    Removing rt_cmsis.o(i.sysPoolAlloc), (32 bytes).
    Removing rt_cmsis.o(i.sysPoolFree), (20 bytes).
    Removing rt_task.o(i.rt_tsk_pass), (48 bytes).
    Removing rt_task.o(i.rt_tsk_prio), (116 bytes).
    Removing rt_system.o(.emb_text), (0 bytes).
    Removing rt_system.o(i.rt_tsk_lock), (40 bytes).
    Removing rt_system.o(i.rt_tsk_unlock), (40 bytes).
    Removing rt_event.o(i.isr_evt_set), (40 bytes).
    Removing rt_event.o(i.rt_evt_clr), (28 bytes).
    Removing rt_event.o(i.rt_evt_get), (12 bytes).
    Removing rt_event.o(i.rt_evt_set), (92 bytes).
    Removing rt_event.o(i.rt_evt_wait), (64 bytes).
    Removing rt_list.o(i.rt_get_same_rdy_prio), (36 bytes).
    Removing rt_list.o(i.rt_resort_prio), (52 bytes).
    Removing rt_mailbox.o(i.rt_mbx_send), (172 bytes).
    Removing rt_semaphore.o(i.isr_sem_send), (16 bytes).
    Removing rt_semaphore.o(i.rt_sem_init), (12 bytes).
    Removing rt_semaphore.o(i.rt_sem_send), (42 bytes).
    Removing rt_semaphore.o(i.rt_sem_wait), (60 bytes).
    Removing rt_time.o(i.rt_itv_set), (24 bytes).
    Removing rt_time.o(i.rt_itv_wait), (44 bytes).
    Removing rt_mutex.o(i.rt_mut_init), (16 bytes).
    Removing rt_mutex.o(i.rt_mut_release), (160 bytes).
    Removing rt_mutex.o(i.rt_mut_wait), (100 bytes).
    Removing rt_membox.o(i._calloc_box), (28 bytes).
    Removing dadd.o(.text), (334 bytes).
    Removing dmul.o(.text), (228 bytes).
    Removing dfixui.o(.text), (50 bytes).
    Removing f2d.o(.text), (38 bytes).
    Removing depilogue.o(.text), (190 bytes).
    Removing ddiv.o(.text), (222 bytes).
    Removing dfixul.o(.text), (48 bytes).
    Removing cdrcmple.o(.text), (40 bytes).

199 unused section(s) (total 27814 bytes) removed from the image.

==============================================================================

Image Symbol Table

    Local Symbols

    Symbol Name                              Value     Ov Type        Size  Object(Section)

    ../RTX_Conf_CM.c                         0x00000000   Number         0  rtx_conf_cm.o ABSOLUTE
    ../clib/microlib/division.c              0x00000000   Number         0  uldiv.o ABSOLUTE
    ../clib/microlib/division.c              0x00000000   Number         0  uidiv.o ABSOLUTE
    ../clib/microlib/init/entry.s            0x00000000   Number         0  entry7a.o ABSOLUTE
    ../clib/microlib/init/entry.s            0x00000000   Number         0  entry7b.o ABSOLUTE
    ../clib/microlib/init/entry.s            0x00000000   Number         0  entry8a.o ABSOLUTE
    ../clib/microlib/init/entry.s            0x00000000   Number         0  entry11a.o ABSOLUTE
    ../clib/microlib/init/entry.s            0x00000000   Number         0  entry11b.o ABSOLUTE
    ../clib/microlib/init/entry.s            0x00000000   Number         0  entry8b.o ABSOLUTE
    ../clib/microlib/init/entry.s            0x00000000   Number         0  entry10a.o ABSOLUTE
    ../clib/microlib/init/entry.s            0x00000000   Number         0  entry10b.o ABSOLUTE
    ../clib/microlib/init/entry.s            0x00000000   Number         0  entry5.o ABSOLUTE
    ../clib/microlib/init/entry.s            0x00000000   Number         0  entry2.o ABSOLUTE
    ../clib/microlib/init/entry.s            0x00000000   Number         0  entry.o ABSOLUTE
    ../clib/microlib/longlong.c              0x00000000   Number         0  llushr.o ABSOLUTE
    ../clib/microlib/longlong.c              0x00000000   Number         0  llsshr.o ABSOLUTE
    ../clib/microlib/longlong.c              0x00000000   Number         0  llshl.o ABSOLUTE
    ../clib/microlib/printf/printf.c         0x00000000   Number         0  printf6.o ABSOLUTE
    ../clib/microlib/printf/printf.c         0x00000000   Number         0  printf5.o ABSOLUTE
    ../clib/microlib/printf/printf.c         0x00000000   Number         0  printf4.o ABSOLUTE
    ../clib/microlib/printf/printf.c         0x00000000   Number         0  printf3.o ABSOLUTE
    ../clib/microlib/printf/printf.c         0x00000000   Number         0  printf0.o ABSOLUTE
    ../clib/microlib/printf/printf.c         0x00000000   Number         0  printf1.o ABSOLUTE
    ../clib/microlib/printf/printf.c         0x00000000   Number         0  printfb.o ABSOLUTE
    ../clib/microlib/printf/printf.c         0x00000000   Number         0  printf8.o ABSOLUTE
    ../clib/microlib/printf/printf.c         0x00000000   Number         0  printf2.o ABSOLUTE
    ../clib/microlib/printf/printf.c         0x00000000   Number         0  printfa.o ABSOLUTE
    ../clib/microlib/printf/printf.c         0x00000000   Number         0  printf7.o ABSOLUTE
    ../clib/microlib/stubs.s                 0x00000000   Number         0  iusefp.o ABSOLUTE
    ../clib/microlib/stubs.s                 0x00000000   Number         0  useno.o ABSOLUTE
    ../fplib/microlib/f2d.c                  0x00000000   Number         0  f2d.o ABSOLUTE
    ../fplib/microlib/fpadd.c                0x00000000   Number         0  dadd.o ABSOLUTE
    ../fplib/microlib/fpdiv.c                0x00000000   Number         0  ddiv.o ABSOLUTE
    ../fplib/microlib/fpepilogue.c           0x00000000   Number         0  depilogue.o ABSOLUTE
    ../fplib/microlib/fpfix.c                0x00000000   Number         0  dfixul.o ABSOLUTE
    ../fplib/microlib/fpfix.c                0x00000000   Number         0  dfixui.o ABSOLUTE
    ../fplib/microlib/fpmul.c                0x00000000   Number         0  dmul.o ABSOLUTE
    ../main.c                                0x00000000   Number         0  main.o ABSOLUTE
    ../startup_stm32f4xx.s                   0x00000000   Number         0  startup_stm32f4xx.o ABSOLUTE
    ../system_stm32f4xx.c                    0x00000000   Number         0  system_stm32f4xx.o ABSOLUTE
    ..\HAL_CM.c                              0x00000000   Number         0  hal_cm.o ABSOLUTE
    ..\LIS302DL\src\stm32f4_discovery_lis302dl.c 0x00000000   Number         0  stm32f4_discovery_lis302dl.o ABSOLUTE
    ..\STM32F4xx_StdPeriph_Driver\src\misc.c 0x00000000   Number         0  misc.o ABSOLUTE
    ..\STM32F4xx_StdPeriph_Driver\src\stm32f4xx_adc.c 0x00000000   Number         0  stm32f4xx_adc.o ABSOLUTE
    ..\STM32F4xx_StdPeriph_Driver\src\stm32f4xx_can.c 0x00000000   Number         0  stm32f4xx_can.o ABSOLUTE
    ..\STM32F4xx_StdPeriph_Driver\src\stm32f4xx_crc.c 0x00000000   Number         0  stm32f4xx_crc.o ABSOLUTE
    ..\STM32F4xx_StdPeriph_Driver\src\stm32f4xx_cryp.c 0x00000000   Number         0  stm32f4xx_cryp.o ABSOLUTE
    ..\STM32F4xx_StdPeriph_Driver\src\stm32f4xx_cryp_aes.c 0x00000000   Number         0  stm32f4xx_cryp_aes.o ABSOLUTE
    ..\STM32F4xx_StdPeriph_Driver\src\stm32f4xx_cryp_des.c 0x00000000   Number         0  stm32f4xx_cryp_des.o ABSOLUTE
    ..\STM32F4xx_StdPeriph_Driver\src\stm32f4xx_cryp_tdes.c 0x00000000   Number         0  stm32f4xx_cryp_tdes.o ABSOLUTE
    ..\STM32F4xx_StdPeriph_Driver\src\stm32f4xx_dac.c 0x00000000   Number         0  stm32f4xx_dac.o ABSOLUTE
    ..\STM32F4xx_StdPeriph_Driver\src\stm32f4xx_dbgmcu.c 0x00000000   Number         0  stm32f4xx_dbgmcu.o ABSOLUTE
    ..\STM32F4xx_StdPeriph_Driver\src\stm32f4xx_dcmi.c 0x00000000   Number         0  stm32f4xx_dcmi.o ABSOLUTE
    ..\STM32F4xx_StdPeriph_Driver\src\stm32f4xx_dma.c 0x00000000   Number         0  stm32f4xx_dma.o ABSOLUTE
    ..\STM32F4xx_StdPeriph_Driver\src\stm32f4xx_exti.c 0x00000000   Number         0  stm32f4xx_exti.o ABSOLUTE
    ..\STM32F4xx_StdPeriph_Driver\src\stm32f4xx_flash.c 0x00000000   Number         0  stm32f4xx_flash.o ABSOLUTE
    ..\STM32F4xx_StdPeriph_Driver\src\stm32f4xx_fsmc.c 0x00000000   Number         0  stm32f4xx_fsmc.o ABSOLUTE
    ..\STM32F4xx_StdPeriph_Driver\src\stm32f4xx_gpio.c 0x00000000   Number         0  stm32f4xx_gpio.o ABSOLUTE
    ..\STM32F4xx_StdPeriph_Driver\src\stm32f4xx_hash.c 0x00000000   Number         0  stm32f4xx_hash.o ABSOLUTE
    ..\STM32F4xx_StdPeriph_Driver\src\stm32f4xx_hash_md5.c 0x00000000   Number         0  stm32f4xx_hash_md5.o ABSOLUTE
    ..\STM32F4xx_StdPeriph_Driver\src\stm32f4xx_hash_sha1.c 0x00000000   Number         0  stm32f4xx_hash_sha1.o ABSOLUTE
    ..\STM32F4xx_StdPeriph_Driver\src\stm32f4xx_i2c.c 0x00000000   Number         0  stm32f4xx_i2c.o ABSOLUTE
    ..\STM32F4xx_StdPeriph_Driver\src\stm32f4xx_iwdg.c 0x00000000   Number         0  stm32f4xx_iwdg.o ABSOLUTE
    ..\STM32F4xx_StdPeriph_Driver\src\stm32f4xx_pwr.c 0x00000000   Number         0  stm32f4xx_pwr.o ABSOLUTE
    ..\STM32F4xx_StdPeriph_Driver\src\stm32f4xx_rcc.c 0x00000000   Number         0  stm32f4xx_rcc.o ABSOLUTE
    ..\STM32F4xx_StdPeriph_Driver\src\stm32f4xx_rng.c 0x00000000   Number         0  stm32f4xx_rng.o ABSOLUTE
    ..\STM32F4xx_StdPeriph_Driver\src\stm32f4xx_rtc.c 0x00000000   Number         0  stm32f4xx_rtc.o ABSOLUTE
    ..\STM32F4xx_StdPeriph_Driver\src\stm32f4xx_sdio.c 0x00000000   Number         0  stm32f4xx_sdio.o ABSOLUTE
    ..\STM32F4xx_StdPeriph_Driver\src\stm32f4xx_spi.c 0x00000000   Number         0  stm32f4xx_spi.o ABSOLUTE
    ..\STM32F4xx_StdPeriph_Driver\src\stm32f4xx_syscfg.c 0x00000000   Number         0  stm32f4xx_syscfg.o ABSOLUTE
    ..\STM32F4xx_StdPeriph_Driver\src\stm32f4xx_tim.c 0x00000000   Number         0  stm32f4xx_tim.o ABSOLUTE
    ..\STM32F4xx_StdPeriph_Driver\src\stm32f4xx_usart.c 0x00000000   Number         0  stm32f4xx_usart.o ABSOLUTE
    ..\STM32F4xx_StdPeriph_Driver\src\stm32f4xx_wwdg.c 0x00000000   Number         0  stm32f4xx_wwdg.o ABSOLUTE
    ..\\LIS302DL\\src\\stm32f4_discovery_lis302dl.c 0x00000000   Number         0  stm32f4_discovery_lis302dl.o ABSOLUTE
    ..\\STM32F4xx_StdPeriph_Driver\\src\\misc.c 0x00000000   Number         0  misc.o ABSOLUTE
    ..\\STM32F4xx_StdPeriph_Driver\\src\\stm32f4xx_adc.c 0x00000000   Number         0  stm32f4xx_adc.o ABSOLUTE
    ..\\STM32F4xx_StdPeriph_Driver\\src\\stm32f4xx_can.c 0x00000000   Number         0  stm32f4xx_can.o ABSOLUTE
    ..\\STM32F4xx_StdPeriph_Driver\\src\\stm32f4xx_crc.c 0x00000000   Number         0  stm32f4xx_crc.o ABSOLUTE
    ..\\STM32F4xx_StdPeriph_Driver\\src\\stm32f4xx_cryp.c 0x00000000   Number         0  stm32f4xx_cryp.o ABSOLUTE
    ..\\STM32F4xx_StdPeriph_Driver\\src\\stm32f4xx_cryp_aes.c 0x00000000   Number         0  stm32f4xx_cryp_aes.o ABSOLUTE
    ..\\STM32F4xx_StdPeriph_Driver\\src\\stm32f4xx_cryp_des.c 0x00000000   Number         0  stm32f4xx_cryp_des.o ABSOLUTE
    ..\\STM32F4xx_StdPeriph_Driver\\src\\stm32f4xx_cryp_tdes.c 0x00000000   Number         0  stm32f4xx_cryp_tdes.o ABSOLUTE
    ..\\STM32F4xx_StdPeriph_Driver\\src\\stm32f4xx_dac.c 0x00000000   Number         0  stm32f4xx_dac.o ABSOLUTE
    ..\\STM32F4xx_StdPeriph_Driver\\src\\stm32f4xx_dbgmcu.c 0x00000000   Number         0  stm32f4xx_dbgmcu.o ABSOLUTE
    ..\\STM32F4xx_StdPeriph_Driver\\src\\stm32f4xx_dcmi.c 0x00000000   Number         0  stm32f4xx_dcmi.o ABSOLUTE
    ..\\STM32F4xx_StdPeriph_Driver\\src\\stm32f4xx_dma.c 0x00000000   Number         0  stm32f4xx_dma.o ABSOLUTE
    ..\\STM32F4xx_StdPeriph_Driver\\src\\stm32f4xx_exti.c 0x00000000   Number         0  stm32f4xx_exti.o ABSOLUTE
    ..\\STM32F4xx_StdPeriph_Driver\\src\\stm32f4xx_flash.c 0x00000000   Number         0  stm32f4xx_flash.o ABSOLUTE
    ..\\STM32F4xx_StdPeriph_Driver\\src\\stm32f4xx_fsmc.c 0x00000000   Number         0  stm32f4xx_fsmc.o ABSOLUTE
    ..\\STM32F4xx_StdPeriph_Driver\\src\\stm32f4xx_gpio.c 0x00000000   Number         0  stm32f4xx_gpio.o ABSOLUTE
    ..\\STM32F4xx_StdPeriph_Driver\\src\\stm32f4xx_hash.c 0x00000000   Number         0  stm32f4xx_hash.o ABSOLUTE
    ..\\STM32F4xx_StdPeriph_Driver\\src\\stm32f4xx_hash_md5.c 0x00000000   Number         0  stm32f4xx_hash_md5.o ABSOLUTE
    ..\\STM32F4xx_StdPeriph_Driver\\src\\stm32f4xx_hash_sha1.c 0x00000000   Number         0  stm32f4xx_hash_sha1.o ABSOLUTE
    ..\\STM32F4xx_StdPeriph_Driver\\src\\stm32f4xx_i2c.c 0x00000000   Number         0  stm32f4xx_i2c.o ABSOLUTE
    ..\\STM32F4xx_StdPeriph_Driver\\src\\stm32f4xx_iwdg.c 0x00000000   Number         0  stm32f4xx_iwdg.o ABSOLUTE
    ..\\STM32F4xx_StdPeriph_Driver\\src\\stm32f4xx_pwr.c 0x00000000   Number         0  stm32f4xx_pwr.o ABSOLUTE
    ..\\STM32F4xx_StdPeriph_Driver\\src\\stm32f4xx_rcc.c 0x00000000   Number         0  stm32f4xx_rcc.o ABSOLUTE
    ..\\STM32F4xx_StdPeriph_Driver\\src\\stm32f4xx_rng.c 0x00000000   Number         0  stm32f4xx_rng.o ABSOLUTE
    ..\\STM32F4xx_StdPeriph_Driver\\src\\stm32f4xx_rtc.c 0x00000000   Number         0  stm32f4xx_rtc.o ABSOLUTE
    ..\\STM32F4xx_StdPeriph_Driver\\src\\stm32f4xx_sdio.c 0x00000000   Number         0  stm32f4xx_sdio.o ABSOLUTE
    ..\\STM32F4xx_StdPeriph_Driver\\src\\stm32f4xx_spi.c 0x00000000   Number         0  stm32f4xx_spi.o ABSOLUTE
    ..\\STM32F4xx_StdPeriph_Driver\\src\\stm32f4xx_syscfg.c 0x00000000   Number         0  stm32f4xx_syscfg.o ABSOLUTE
    ..\\STM32F4xx_StdPeriph_Driver\\src\\stm32f4xx_tim.c 0x00000000   Number         0  stm32f4xx_tim.o ABSOLUTE
    ..\\STM32F4xx_StdPeriph_Driver\\src\\stm32f4xx_usart.c 0x00000000   Number         0  stm32f4xx_usart.o ABSOLUTE
    ..\\STM32F4xx_StdPeriph_Driver\\src\\stm32f4xx_wwdg.c 0x00000000   Number         0  stm32f4xx_wwdg.o ABSOLUTE
    ..\\fputc_debug.c                        0x00000000   Number         0  fputc_debug.o ABSOLUTE
    ..\\lcd.c                                0x00000000   Number         0  lcd.o ABSOLUTE
    ..\\pwm.c                                0x00000000   Number         0  pwm.o ABSOLUTE
    ..\\rt_CMSIS.c                           0x00000000   Number         0  rt_cmsis.o ABSOLUTE
    ..\\rt_System.c                          0x00000000   Number         0  rt_system.o ABSOLUTE
    ..\\servo.c                              0x00000000   Number         0  servo.o ABSOLUTE
    ..\fputc_debug.c                         0x00000000   Number         0  fputc_debug.o ABSOLUTE
    ..\keypad.c                              0x00000000   Number         0  keypad.o ABSOLUTE
    ..\lcd.c                                 0x00000000   Number         0  lcd.o ABSOLUTE
    ..\main.c                                0x00000000   Number         0  main.o ABSOLUTE
    ..\pwm.c                                 0x00000000   Number         0  pwm.o ABSOLUTE
    ..\rt_CMSIS.c                            0x00000000   Number         0  rt_cmsis.o ABSOLUTE
    ..\rt_Event.c                            0x00000000   Number         0  rt_event.o ABSOLUTE
    ..\rt_List.c                             0x00000000   Number         0  rt_list.o ABSOLUTE
    ..\rt_Mailbox.c                          0x00000000   Number         0  rt_mailbox.o ABSOLUTE
    ..\rt_MemBox.c                           0x00000000   Number         0  rt_membox.o ABSOLUTE
    ..\rt_Memory.c                           0x00000000   Number         0  rt_memory.o ABSOLUTE
    ..\rt_Mutex.c                            0x00000000   Number         0  rt_mutex.o ABSOLUTE
    ..\rt_Robin.c                            0x00000000   Number         0  rt_robin.o ABSOLUTE
    ..\rt_Semaphore.c                        0x00000000   Number         0  rt_semaphore.o ABSOLUTE
    ..\rt_System.c                           0x00000000   Number         0  rt_system.o ABSOLUTE
    ..\rt_Task.c                             0x00000000   Number         0  rt_task.o ABSOLUTE
    ..\rt_Time.c                             0x00000000   Number         0  rt_time.o ABSOLUTE
    ..\servo.c                               0x00000000   Number         0  servo.o ABSOLUTE
    ..\system_stm32f4xx.c                    0x00000000   Number         0  system_stm32f4xx.o ABSOLUTE
    HAL_CM4.c                                0x00000000   Number         0  hal_cm4.o ABSOLUTE
    HAL_CM4.c                                0x00000000   Number         0  hal_cm4.o ABSOLUTE
    SVC_Table.s                              0x00000000   Number         0  SVC_Table.o ABSOLUTE
    cdrcmple.s                               0x00000000   Number         0  cdrcmple.o ABSOLUTE
    dc.s                                     0x00000000   Number         0  dc.o ABSOLUTE
    handlers.s                               0x00000000   Number         0  handlers.o ABSOLUTE
    init.s                                   0x00000000   Number         0  init.o ABSOLUTE
    RESET                                    0x08000000   Section      392  startup_stm32f4xx.o(RESET)
    .ARM.Collect$$$$00000000                 0x08000188   Section        0  entry.o(.ARM.Collect$$$$00000000)
    .ARM.Collect$$$$00000001                 0x08000188   Section        4  entry2.o(.ARM.Collect$$$$00000001)
    .ARM.Collect$$$$00000004                 0x0800018c   Section        4  entry5.o(.ARM.Collect$$$$00000004)
    .ARM.Collect$$$$00000008                 0x08000190   Section        0  entry7b.o(.ARM.Collect$$$$00000008)
    .ARM.Collect$$$$0000000A                 0x08000190   Section        0  entry8b.o(.ARM.Collect$$$$0000000A)
    .ARM.Collect$$$$0000000D                 0x08000190   Section        0  entry10a.o(.ARM.Collect$$$$0000000D)
    .ARM.Collect$$$$0000000F                 0x08000190   Section        0  entry11a.o(.ARM.Collect$$$$0000000F)
    .ARM.Collect$$$$000000FF                 0x08000190   Section        0  rtx_conf_cm.o(.ARM.Collect$$$$000000FF)
    .ARM.Collect$$$$00002712                 0x080001a0   Section        4  entry2.o(.ARM.Collect$$$$00002712)
    __lit__00000000                          0x080001a0   Data           4  entry2.o(.ARM.Collect$$$$00002712)
    .emb_text                                0x080001a4   Section      372  hal_cm4.o(.emb_text)
    $v0                                      0x080001a4   Number         0  hal_cm4.o(.emb_text)
    .text                                    0x08000318   Section        0  system_stm32f4xx.o(.text)
    SetSysClock                              0x08000319   Thumb Code   218  system_stm32f4xx.o(.text)
    .text                                    0x08000524   Section       36  startup_stm32f4xx.o(.text)
    $v0                                      0x08000524   Number         0  startup_stm32f4xx.o(.text)
    .text                                    0x08000548   Section        0  fputc_debug.o(.text)
    ITM_SendChar                             0x08000549   Thumb Code    42  fputc_debug.o(.text)
    .text                                    0x08000594   Section        0  rtx_conf_cm.o(.text)
    .text                                    0x0800059c   Section        0  main.o(.text)
    .text                                    0x0800065c   Section        0  pwm.o(.text)
    .text                                    0x08000758   Section        0  lcd.o(.text)
    gpio_hd44780_init                        0x08000759   Thumb Code   186  lcd.o(.text)
    .text                                    0x0800095c   Section        0  misc.o(.text)
    .text                                    0x08000a40   Section        0  stm32f4xx_gpio.o(.text)
    .text                                    0x08000c9c   Section        0  stm32f4xx_rcc.o(.text)
    .text                                    0x08001224   Section        0  stm32f4xx_tim.o(.text)
    TI4_Config                               0x080019c3   Thumb Code    80  stm32f4xx_tim.o(.text)
    TI3_Config                               0x08001a25   Thumb Code    72  stm32f4xx_tim.o(.text)
    TI2_Config                               0x08001a87   Thumb Code    90  stm32f4xx_tim.o(.text)
    TI1_Config                               0x08001af3   Thumb Code    58  stm32f4xx_tim.o(.text)
    .text                                    0x08001ec8   Section       36  init.o(.text)
    SVC_TABLE                                0x08001eec   Section        4  SVC_Table.o(SVC_TABLE)
    i.__0printf$bare                         0x08001ef0   Section        0  printfb.o(i.__0printf$bare)
    i.__scatterload_copy                     0x08001f00   Section       14  handlers.o(i.__scatterload_copy)
    i.__scatterload_null                     0x08001f0e   Section        2  handlers.o(i.__scatterload_null)
    i.__scatterload_zeroinit                 0x08001f10   Section       14  handlers.o(i.__scatterload_zeroinit)
    i._init_box                              0x08001f1e   Section        0  rt_membox.o(i._init_box)
    i._printf_core                           0x08001f64   Section        0  printfb.o(i._printf_core)
    _printf_core                             0x08001f65   Thumb Code    34  printfb.o(i._printf_core)
    i.dbg_init                               0x08001f88   Section        0  hal_cm.o(i.dbg_init)
    i.dbg_task_notify                        0x08001fb8   Section        0  hal_cm.o(i.dbg_task_notify)
    i.dbg_task_switch                        0x08001fd8   Section        0  hal_cm.o(i.dbg_task_switch)
    i.isrMessagePut                          0x08001fe8   Section        0  rt_cmsis.o(i.isrMessagePut)
    isrMessagePut                            0x08001fe9   Thumb Code    44  rt_cmsis.o(i.isrMessagePut)
    i.isr_mbx_receive                        0x08002014   Section        0  rt_mailbox.o(i.isr_mbx_receive)
    i.isr_mbx_send                           0x08002064   Section        0  rt_mailbox.o(i.isr_mbx_send)
    i.osDelay                                0x08002074   Section        0  rt_cmsis.o(i.osDelay)
    i.osKernelStart                          0x0800208c   Section        0  rt_cmsis.o(i.osKernelStart)
    i.osMessageGet                           0x080020f4   Section        0  rt_cmsis.o(i.osMessageGet)
    i.osThreadExit                           0x08002138   Section        0  rt_cmsis.o(i.osThreadExit)
    i.osTimerCall                            0x08002150   Section        0  rt_cmsis.o(i.osTimerCall)
    i.osTimerThread                          0x0800215c   Section        0  rt_cmsis.o(i.osTimerThread)
    i.rt_alloc_box                           0x08002188   Section        0  rt_membox.o(i.rt_alloc_box)
    i.rt_alloc_mem                           0x080021a4   Section        0  rt_memory.o(i.rt_alloc_mem)
    i.rt_block                               0x080021e0   Section        0  rt_task.o(i.rt_block)
    i.rt_chk_robin                           0x08002218   Section        0  rt_robin.o(i.rt_chk_robin)
    i.rt_dec_dly                             0x08002260   Section        0  rt_list.o(i.rt_dec_dly)
    i.rt_dispatch                            0x080022d0   Section        0  rt_task.o(i.rt_dispatch)
    i.rt_dly_wait                            0x08002314   Section        0  rt_time.o(i.rt_dly_wait)
    i.rt_evt_psh                             0x0800231c   Section        0  rt_event.o(i.rt_evt_psh)
    i.rt_free_box                            0x0800236c   Section        0  rt_membox.o(i.rt_free_box)
    i.rt_free_mem                            0x0800238c   Section        0  rt_memory.o(i.rt_free_mem)
    i.rt_get_first                           0x080023b4   Section        0  rt_list.o(i.rt_get_first)
    i.rt_id2obj                              0x080023dc   Section        0  rt_cmsis.o(i.rt_id2obj)
    rt_id2obj                                0x080023dd   Thumb Code     8  rt_cmsis.o(i.rt_id2obj)
    i.rt_init_context                        0x080023e4   Section        0  rt_task.o(i.rt_init_context)
    rt_init_context                          0x080023e5   Thumb Code    60  rt_task.o(i.rt_init_context)
    i.rt_init_mem                            0x08002424   Section        0  rt_memory.o(i.rt_init_mem)
    i.rt_init_robin                          0x08002440   Section        0  rt_robin.o(i.rt_init_robin)
    i.rt_init_stack                          0x08002458   Section        0  hal_cm.o(i.rt_init_stack)
    i.rt_mbx_check                           0x080024a8   Section        0  rt_mailbox.o(i.rt_mbx_check)
    i.rt_mbx_init                            0x080024b0   Section        0  rt_mailbox.o(i.rt_mbx_init)
    i.rt_mbx_psh                             0x080024cc   Section        0  rt_mailbox.o(i.rt_mbx_psh)
    i.rt_mbx_wait                            0x080025c8   Section        0  rt_mailbox.o(i.rt_mbx_wait)
    i.rt_ms2tick                             0x0800267c   Section        0  rt_cmsis.o(i.rt_ms2tick)
    rt_ms2tick                               0x0800267d   Thumb Code    50  rt_cmsis.o(i.rt_ms2tick)
    i.rt_pop_req                             0x080026b8   Section        0  rt_system.o(i.rt_pop_req)
    i.rt_psh_req                             0x08002730   Section        0  rt_system.o(i.rt_psh_req)
    i.rt_psq_enq                             0x08002750   Section        0  rt_list.o(i.rt_psq_enq)
    i.rt_put_dly                             0x080027a8   Section        0  rt_list.o(i.rt_put_dly)
    i.rt_put_prio                            0x08002804   Section        0  rt_list.o(i.rt_put_prio)
    i.rt_put_rdy_first                       0x0800283c   Section        0  rt_list.o(i.rt_put_rdy_first)
    i.rt_ret_regs                            0x08002850   Section        0  hal_cm.o(i.rt_ret_regs)
    rt_ret_regs                              0x08002851   Thumb Code    16  hal_cm.o(i.rt_ret_regs)
    i.rt_ret_val                             0x08002860   Section        0  hal_cm.o(i.rt_ret_val)
    i.rt_ret_val2                            0x0800286c   Section        0  hal_cm.o(i.rt_ret_val2)
    i.rt_rmv_dly                             0x0800287c   Section        0  rt_list.o(i.rt_rmv_dly)
    i.rt_rmv_list                            0x080028a4   Section        0  rt_list.o(i.rt_rmv_list)
    i.rt_sem_psh                             0x080028d4   Section        0  rt_semaphore.o(i.rt_sem_psh)
    i.rt_stk_check                           0x08002908   Section        0  rt_system.o(i.rt_stk_check)
    i.rt_switch_req                          0x0800292c   Section        0  rt_task.o(i.rt_switch_req)
    i.rt_sys_init                            0x08002954   Section        0  rt_task.o(i.rt_sys_init)
    i.rt_systick                             0x08002a94   Section        0  rt_system.o(i.rt_systick)
    i.rt_tid2ptcb                            0x08002ad0   Section        0  rt_cmsis.o(i.rt_tid2ptcb)
    rt_tid2ptcb                              0x08002ad1   Thumb Code    18  rt_cmsis.o(i.rt_tid2ptcb)
    i.rt_timer_insert                        0x08002ae4   Section        0  rt_cmsis.o(i.rt_timer_insert)
    rt_timer_insert                          0x08002ae5   Thumb Code    56  rt_cmsis.o(i.rt_timer_insert)
    i.rt_tsk_create                          0x08002b20   Section        0  rt_task.o(i.rt_tsk_create)
    i.rt_tsk_delete                          0x08002ba0   Section        0  rt_task.o(i.rt_tsk_delete)
    i.rt_tsk_self                            0x08002c4c   Section        0  rt_task.o(i.rt_tsk_self)
    i.svcDelay                               0x08002c5c   Section        0  rt_cmsis.o(i.svcDelay)
    i.svcKernelStart                         0x08002c70   Section        0  rt_cmsis.o(i.svcKernelStart)
    i.svcMessageCreate                       0x08002d44   Section        0  rt_cmsis.o(i.svcMessageCreate)
    i.svcMessageGet                          0x08002d68   Section        0  rt_cmsis.o(i.svcMessageGet)
    i.svcThreadCreate                        0x08002da4   Section        0  rt_cmsis.o(i.svcThreadCreate)
    i.svcThreadGetId                         0x08002e14   Section        0  rt_cmsis.o(i.svcThreadGetId)
    i.svcThreadTerminate                     0x08002e30   Section        0  rt_cmsis.o(i.svcThreadTerminate)
    i.svcTimerCall                           0x08002e68   Section        0  rt_cmsis.o(i.svcTimerCall)
    i.sysTimerTick                           0x08002e80   Section        0  rt_cmsis.o(i.sysTimerTick)
    .constdata                               0x08002ed4   Section       88  rtx_conf_cm.o(.constdata)
    __tagsym$$used                           0x08002ee8   Number         0  rtx_conf_cm.o(.constdata)
    __tagsym$$used                           0x08002eec   Number         0  rtx_conf_cm.o(.constdata)
    .bss                                     0x10000000   Section     6992  rtx_conf_cm.o(.bss)
    .data                                    0x20000000   Section       20  system_stm32f4xx.o(.data)
    .data                                    0x20000014   Section        8  fputc_debug.o(.data)
    .data                                    0x2000001c   Section       16  rtx_conf_cm.o(.data)
    .data                                    0x2000002c   Section        4  main.o(.data)
    .data                                    0x20000030   Section        4  pwm.o(.data)
    .data                                    0x20000034   Section       16  stm32f4xx_rcc.o(.data)
    APBAHBPrescTable                         0x20000034   Data          16  stm32f4xx_rcc.o(.data)
    .data                                    0x20000044   Section        4  rt_cmsis.o(.data)
    .data                                    0x20000048   Section        8  rt_task.o(.data)
    .data                                    0x20000050   Section        3  rt_system.o(.data)
    os_lock                                  0x20000050   Data           1  rt_system.o(.data)
    os_psh_flag                              0x20000051   Data           1  rt_system.o(.data)
    pend_flags                               0x20000052   Data           1  rt_system.o(.data)
    .data                                    0x20000054   Section        2  rt_time.o(.data)
    .data                                    0x20000056   Section        1  hal_cm.o(.data)
    .data                                    0x20000058   Section        8  rt_robin.o(.data)
    .bss                                     0x20000060   Section       32  pwm.o(.bss)
    .bss                                     0x20000080   Section       48  rt_task.o(.bss)
    .bss                                     0x200000b0   Section       48  rt_list.o(.bss)
    STACK                                    0x200000e0   Section     1024  startup_stm32f4xx.o(STACK)

    Global Symbols

    Symbol Name                              Value     Ov Type        Size  Object(Section)

    BuildAttributes$$THM_ISAv4$E$P$D$K$B$S$7EM$VFPi3$EXTD16$VFPS$VFMA$PE$A:L22UL41UL21$X:L11$S22US41US21$IEEE1$IW$USESV6$~STKCKD$USESV7$~SHL$OSPACE$ROPI$EBA8$MICROLIB$REQ8$PRES8$EABIv2 0x00000000   Number         0  anon$$obj.o ABSOLUTE
    __ARM_use_no_argv                        0x00000000   Number         0  main.o ABSOLUTE
    __use_no_errno                           0x00000000   Number         0  useno.o ABSOLUTE
    __use_no_exception_handling              0x00000000   Number         0  useno.o ABSOLUTE
    __use_no_fp                              0x00000000   Number         0  useno.o ABSOLUTE
    __use_no_heap                            0x00000000   Number         0  useno.o ABSOLUTE
    __use_no_heap_region                     0x00000000   Number         0  useno.o ABSOLUTE
    __use_no_semihosting                     0x00000000   Number         0  useno.o ABSOLUTE
    __use_no_semihosting_swi                 0x00000000   Number         0  useno.o ABSOLUTE
    __use_no_signal_handling                 0x00000000   Number         0  useno.o ABSOLUTE
    __cpp_initialize__aeabi_                  - Undefined Weak Reference
    __cxa_finalize                            - Undefined Weak Reference
    __decompress                              - Undefined Weak Reference
    _clock_init                               - Undefined Weak Reference
    _microlib_exit                            - Undefined Weak Reference
    __Vectors_Size                           0x00000188   Number         0  startup_stm32f4xx.o ABSOLUTE
    __RL_RTX_VER                             0x00000422   Number         0  rt_system.o ABSOLUTE
    __Vectors                                0x08000000   Data           4  startup_stm32f4xx.o(RESET)
    __Vectors_End                            0x08000188   Data           0  startup_stm32f4xx.o(RESET)
    __main                                   0x08000189   Thumb Code     0  entry.o(.ARM.Collect$$$$00000000)
    _main_stk                                0x08000189   Thumb Code     0  entry2.o(.ARM.Collect$$$$00000001)
    _main_scatterload                        0x0800018d   Thumb Code     0  entry5.o(.ARM.Collect$$$$00000004)
    __main_after_scatterload                 0x08000191   Thumb Code     0  entry5.o(.ARM.Collect$$$$00000004)
    __rt_final_cpp                           0x08000191   Thumb Code     0  entry10a.o(.ARM.Collect$$$$0000000D)
    __rt_final_exit                          0x08000191   Thumb Code     0  entry11a.o(.ARM.Collect$$$$0000000F)
    _main_clock                              0x08000191   Thumb Code     0  entry7b.o(.ARM.Collect$$$$00000008)
    _main_cpp_init                           0x08000191   Thumb Code     0  entry8b.o(.ARM.Collect$$$$0000000A)
    _main_init                               0x08000191   Thumb Code    10  rtx_conf_cm.o(.ARM.Collect$$$$000000FF)
    rt_set_PSP                               0x080001a5   Thumb Code     6  hal_cm4.o(.emb_text)
    os_set_env                               0x080001ab   Thumb Code    26  hal_cm4.o(.emb_text)
    _alloc_box                               0x080001c9   Thumb Code    28  hal_cm4.o(.emb_text)
    _free_box                                0x080001e9   Thumb Code    28  hal_cm4.o(.emb_text)
    SVC_Handler                              0x08000209   Thumb Code   152  hal_cm4.o(.emb_text)
    PendSV_Handler                           0x080002ad   Thumb Code     0  hal_cm4.o(.emb_text)
    Sys_Handler                              0x080002ad   Thumb Code   104  hal_cm4.o(.emb_text)
    SysTick_Handler                          0x0800030d   Thumb Code     0  hal_cm4.o(.emb_text)
    SystemInit                               0x080003f3   Thumb Code    88  system_stm32f4xx.o(.text)
    SystemCoreClockUpdate                    0x0800044b   Thumb Code   174  system_stm32f4xx.o(.text)
    Reset_Handler                            0x08000525   Thumb Code     8  startup_stm32f4xx.o(.text)
    NMI_Handler                              0x0800052d   Thumb Code     2  startup_stm32f4xx.o(.text)
    HardFault_Handler                        0x0800052f   Thumb Code     2  startup_stm32f4xx.o(.text)
    MemManage_Handler                        0x08000531   Thumb Code     2  startup_stm32f4xx.o(.text)
    BusFault_Handler                         0x08000533   Thumb Code     2  startup_stm32f4xx.o(.text)
    UsageFault_Handler                       0x08000535   Thumb Code     2  startup_stm32f4xx.o(.text)
    DebugMon_Handler                         0x08000539   Thumb Code     2  startup_stm32f4xx.o(.text)
    ADC_IRQHandler                           0x0800053f   Thumb Code     0  startup_stm32f4xx.o(.text)
    CAN1_RX0_IRQHandler                      0x0800053f   Thumb Code     0  startup_stm32f4xx.o(.text)
    CAN1_RX1_IRQHandler                      0x0800053f   Thumb Code     0  startup_stm32f4xx.o(.text)
    CAN1_SCE_IRQHandler                      0x0800053f   Thumb Code     0  startup_stm32f4xx.o(.text)
    CAN1_TX_IRQHandler                       0x0800053f   Thumb Code     0  startup_stm32f4xx.o(.text)
    CAN2_RX0_IRQHandler                      0x0800053f   Thumb Code     0  startup_stm32f4xx.o(.text)
    CAN2_RX1_IRQHandler                      0x0800053f   Thumb Code     0  startup_stm32f4xx.o(.text)
    CAN2_SCE_IRQHandler                      0x0800053f   Thumb Code     0  startup_stm32f4xx.o(.text)
    CAN2_TX_IRQHandler                       0x0800053f   Thumb Code     0  startup_stm32f4xx.o(.text)
    CRYP_IRQHandler                          0x0800053f   Thumb Code     0  startup_stm32f4xx.o(.text)
    DCMI_IRQHandler                          0x0800053f   Thumb Code     0  startup_stm32f4xx.o(.text)
    DMA1_Stream0_IRQHandler                  0x0800053f   Thumb Code     0  startup_stm32f4xx.o(.text)
    DMA1_Stream1_IRQHandler                  0x0800053f   Thumb Code     0  startup_stm32f4xx.o(.text)
    DMA1_Stream2_IRQHandler                  0x0800053f   Thumb Code     0  startup_stm32f4xx.o(.text)
    DMA1_Stream3_IRQHandler                  0x0800053f   Thumb Code     0  startup_stm32f4xx.o(.text)
    DMA1_Stream4_IRQHandler                  0x0800053f   Thumb Code     0  startup_stm32f4xx.o(.text)
    DMA1_Stream5_IRQHandler                  0x0800053f   Thumb Code     0  startup_stm32f4xx.o(.text)
    DMA1_Stream6_IRQHandler                  0x0800053f   Thumb Code     0  startup_stm32f4xx.o(.text)
    DMA1_Stream7_IRQHandler                  0x0800053f   Thumb Code     0  startup_stm32f4xx.o(.text)
    DMA2_Stream0_IRQHandler                  0x0800053f   Thumb Code     0  startup_stm32f4xx.o(.text)
    DMA2_Stream1_IRQHandler                  0x0800053f   Thumb Code     0  startup_stm32f4xx.o(.text)
    DMA2_Stream2_IRQHandler                  0x0800053f   Thumb Code     0  startup_stm32f4xx.o(.text)
    DMA2_Stream3_IRQHandler                  0x0800053f   Thumb Code     0  startup_stm32f4xx.o(.text)
    DMA2_Stream4_IRQHandler                  0x0800053f   Thumb Code     0  startup_stm32f4xx.o(.text)
    DMA2_Stream5_IRQHandler                  0x0800053f   Thumb Code     0  startup_stm32f4xx.o(.text)
    DMA2_Stream6_IRQHandler                  0x0800053f   Thumb Code     0  startup_stm32f4xx.o(.text)
    DMA2_Stream7_IRQHandler                  0x0800053f   Thumb Code     0  startup_stm32f4xx.o(.text)
    ETH_IRQHandler                           0x0800053f   Thumb Code     0  startup_stm32f4xx.o(.text)
    ETH_WKUP_IRQHandler                      0x0800053f   Thumb Code     0  startup_stm32f4xx.o(.text)
    EXTI0_IRQHandler                         0x0800053f   Thumb Code     0  startup_stm32f4xx.o(.text)
    EXTI15_10_IRQHandler                     0x0800053f   Thumb Code     0  startup_stm32f4xx.o(.text)
    EXTI1_IRQHandler                         0x0800053f   Thumb Code     0  startup_stm32f4xx.o(.text)
    EXTI2_IRQHandler                         0x0800053f   Thumb Code     0  startup_stm32f4xx.o(.text)
    EXTI3_IRQHandler                         0x0800053f   Thumb Code     0  startup_stm32f4xx.o(.text)
    EXTI4_IRQHandler                         0x0800053f   Thumb Code     0  startup_stm32f4xx.o(.text)
    EXTI9_5_IRQHandler                       0x0800053f   Thumb Code     0  startup_stm32f4xx.o(.text)
    FLASH_IRQHandler                         0x0800053f   Thumb Code     0  startup_stm32f4xx.o(.text)
    FPU_IRQHandler                           0x0800053f   Thumb Code     0  startup_stm32f4xx.o(.text)
    FSMC_IRQHandler                          0x0800053f   Thumb Code     0  startup_stm32f4xx.o(.text)
    HASH_RNG_IRQHandler                      0x0800053f   Thumb Code     0  startup_stm32f4xx.o(.text)
    I2C1_ER_IRQHandler                       0x0800053f   Thumb Code     0  startup_stm32f4xx.o(.text)
    I2C1_EV_IRQHandler                       0x0800053f   Thumb Code     0  startup_stm32f4xx.o(.text)
    I2C2_ER_IRQHandler                       0x0800053f   Thumb Code     0  startup_stm32f4xx.o(.text)
    I2C2_EV_IRQHandler                       0x0800053f   Thumb Code     0  startup_stm32f4xx.o(.text)
    I2C3_ER_IRQHandler                       0x0800053f   Thumb Code     0  startup_stm32f4xx.o(.text)
    I2C3_EV_IRQHandler                       0x0800053f   Thumb Code     0  startup_stm32f4xx.o(.text)
    OTG_FS_IRQHandler                        0x0800053f   Thumb Code     0  startup_stm32f4xx.o(.text)
    OTG_FS_WKUP_IRQHandler                   0x0800053f   Thumb Code     0  startup_stm32f4xx.o(.text)
    OTG_HS_EP1_IN_IRQHandler                 0x0800053f   Thumb Code     0  startup_stm32f4xx.o(.text)
    OTG_HS_EP1_OUT_IRQHandler                0x0800053f   Thumb Code     0  startup_stm32f4xx.o(.text)
    OTG_HS_IRQHandler                        0x0800053f   Thumb Code     0  startup_stm32f4xx.o(.text)
    OTG_HS_WKUP_IRQHandler                   0x0800053f   Thumb Code     0  startup_stm32f4xx.o(.text)
    PVD_IRQHandler                           0x0800053f   Thumb Code     0  startup_stm32f4xx.o(.text)
    RCC_IRQHandler                           0x0800053f   Thumb Code     0  startup_stm32f4xx.o(.text)
    RTC_Alarm_IRQHandler                     0x0800053f   Thumb Code     0  startup_stm32f4xx.o(.text)
    RTC_WKUP_IRQHandler                      0x0800053f   Thumb Code     0  startup_stm32f4xx.o(.text)
    SDIO_IRQHandler                          0x0800053f   Thumb Code     0  startup_stm32f4xx.o(.text)
    SPI1_IRQHandler                          0x0800053f   Thumb Code     0  startup_stm32f4xx.o(.text)
    SPI2_IRQHandler                          0x0800053f   Thumb Code     0  startup_stm32f4xx.o(.text)
    SPI3_IRQHandler                          0x0800053f   Thumb Code     0  startup_stm32f4xx.o(.text)
    TAMP_STAMP_IRQHandler                    0x0800053f   Thumb Code     0  startup_stm32f4xx.o(.text)
    TIM1_BRK_TIM9_IRQHandler                 0x0800053f   Thumb Code     0  startup_stm32f4xx.o(.text)
    TIM1_CC_IRQHandler                       0x0800053f   Thumb Code     0  startup_stm32f4xx.o(.text)
    TIM1_TRG_COM_TIM11_IRQHandler            0x0800053f   Thumb Code     0  startup_stm32f4xx.o(.text)
    TIM1_UP_TIM10_IRQHandler                 0x0800053f   Thumb Code     0  startup_stm32f4xx.o(.text)
    TIM2_IRQHandler                          0x0800053f   Thumb Code     0  startup_stm32f4xx.o(.text)
    TIM4_IRQHandler                          0x0800053f   Thumb Code     0  startup_stm32f4xx.o(.text)
    TIM5_IRQHandler                          0x0800053f   Thumb Code     0  startup_stm32f4xx.o(.text)
    TIM6_DAC_IRQHandler                      0x0800053f   Thumb Code     0  startup_stm32f4xx.o(.text)
    TIM7_IRQHandler                          0x0800053f   Thumb Code     0  startup_stm32f4xx.o(.text)
    TIM8_BRK_TIM12_IRQHandler                0x0800053f   Thumb Code     0  startup_stm32f4xx.o(.text)
    TIM8_CC_IRQHandler                       0x0800053f   Thumb Code     0  startup_stm32f4xx.o(.text)
    TIM8_TRG_COM_TIM14_IRQHandler            0x0800053f   Thumb Code     0  startup_stm32f4xx.o(.text)
    TIM8_UP_TIM13_IRQHandler                 0x0800053f   Thumb Code     0  startup_stm32f4xx.o(.text)
    UART4_IRQHandler                         0x0800053f   Thumb Code     0  startup_stm32f4xx.o(.text)
    UART5_IRQHandler                         0x0800053f   Thumb Code     0  startup_stm32f4xx.o(.text)
    USART1_IRQHandler                        0x0800053f   Thumb Code     0  startup_stm32f4xx.o(.text)
    USART2_IRQHandler                        0x0800053f   Thumb Code     0  startup_stm32f4xx.o(.text)
    USART3_IRQHandler                        0x0800053f   Thumb Code     0  startup_stm32f4xx.o(.text)
    USART6_IRQHandler                        0x0800053f   Thumb Code     0  startup_stm32f4xx.o(.text)
    WWDG_IRQHandler                          0x0800053f   Thumb Code     0  startup_stm32f4xx.o(.text)
    fputc                                    0x08000573   Thumb Code    14  fputc_debug.o(.text)
    _ttywrch                                 0x08000581   Thumb Code    12  fputc_debug.o(.text)
    _sys_exit                                0x0800058d   Thumb Code     4  fputc_debug.o(.text)
    os_idle_demon                            0x08000595   Thumb Code     4  rtx_conf_cm.o(.text)
    os_error                                 0x08000599   Thumb Code     4  rtx_conf_cm.o(.text)
    main                                     0x0800059d   Thumb Code   116  main.o(.text)
    TIM3_IRQHandler                          0x08000611   Thumb Code    28  main.o(.text)
    delay                                    0x0800062d   Thumb Code    12  main.o(.text)
    PWM_GPIO                                 0x0800065d   Thumb Code    76  pwm.o(.text)
    PWM_TIM                                  0x080006a9   Thumb Code   104  pwm.o(.text)
    PWM_NVIC                                 0x08000711   Thumb Code    32  pwm.o(.text)
    PWM_configure                            0x08000731   Thumb Code    16  pwm.o(.text)
    hd44780_enable_write                     0x08000813   Thumb Code    70  lcd.o(.text)
    hd44780_send_data                        0x08000859   Thumb Code   140  lcd.o(.text)
    hd44780_init                             0x080008e5   Thumb Code    32  lcd.o(.text)
    hd44780_clear_display                    0x08000905   Thumb Code    12  lcd.o(.text)
    hd44780_write_char                       0x08000911   Thumb Code    30  lcd.o(.text)
    hd44780_move_cursor                      0x0800092f   Thumb Code    16  lcd.o(.text)
    hd44780_move_second_line                 0x0800093f   Thumb Code    10  lcd.o(.text)
    hd44780_blink_cursor                     0x08000949   Thumb Code    12  lcd.o(.text)
    NVIC_PriorityGroupConfig                 0x0800095d   Thumb Code    10  misc.o(.text)
    NVIC_Init                                0x08000967   Thumb Code   108  misc.o(.text)
    NVIC_SetVectorTable                      0x080009d3   Thumb Code    14  misc.o(.text)
    NVIC_SystemLPConfig                      0x080009e1   Thumb Code    34  misc.o(.text)
    SysTick_CLKSourceConfig                  0x08000a03   Thumb Code    40  misc.o(.text)
    GPIO_DeInit                              0x08000a41   Thumb Code   220  stm32f4xx_gpio.o(.text)
    GPIO_Init                                0x08000b1d   Thumb Code   144  stm32f4xx_gpio.o(.text)
    GPIO_StructInit                          0x08000bad   Thumb Code    18  stm32f4xx_gpio.o(.text)
    GPIO_PinLockConfig                       0x08000bbf   Thumb Code    34  stm32f4xx_gpio.o(.text)
    GPIO_ReadInputDataBit                    0x08000be1   Thumb Code    18  stm32f4xx_gpio.o(.text)
    GPIO_ReadInputData                       0x08000bf3   Thumb Code     8  stm32f4xx_gpio.o(.text)
    GPIO_ReadOutputDataBit                   0x08000bfb   Thumb Code    18  stm32f4xx_gpio.o(.text)
    GPIO_ReadOutputData                      0x08000c0d   Thumb Code     8  stm32f4xx_gpio.o(.text)
    GPIO_SetBits                             0x08000c15   Thumb Code     4  stm32f4xx_gpio.o(.text)
    GPIO_ResetBits                           0x08000c19   Thumb Code     4  stm32f4xx_gpio.o(.text)
    GPIO_WriteBit                            0x08000c1d   Thumb Code    10  stm32f4xx_gpio.o(.text)
    GPIO_Write                               0x08000c27   Thumb Code     4  stm32f4xx_gpio.o(.text)
    GPIO_ToggleBits                          0x08000c2b   Thumb Code     8  stm32f4xx_gpio.o(.text)
    GPIO_PinAFConfig                         0x08000c33   Thumb Code    70  stm32f4xx_gpio.o(.text)
    RCC_DeInit                               0x08000c9d   Thumb Code    60  stm32f4xx_rcc.o(.text)
    RCC_HSEConfig                            0x08000cd9   Thumb Code    14  stm32f4xx_rcc.o(.text)
    RCC_GetFlagStatus                        0x08000ce7   Thumb Code    60  stm32f4xx_rcc.o(.text)
    RCC_WaitForHSEStartUp                    0x08000d23   Thumb Code    56  stm32f4xx_rcc.o(.text)
    RCC_AdjustHSICalibrationValue            0x08000d5b   Thumb Code    20  stm32f4xx_rcc.o(.text)
    RCC_HSICmd                               0x08000d6f   Thumb Code     6  stm32f4xx_rcc.o(.text)
    RCC_LSEConfig                            0x08000d75   Thumb Code    46  stm32f4xx_rcc.o(.text)
    RCC_LSICmd                               0x08000da3   Thumb Code     6  stm32f4xx_rcc.o(.text)
    RCC_PLLConfig                            0x08000da9   Thumb Code    32  stm32f4xx_rcc.o(.text)
    RCC_PLLCmd                               0x08000dc9   Thumb Code     6  stm32f4xx_rcc.o(.text)
    RCC_PLLI2SConfig                         0x08000dcf   Thumb Code    14  stm32f4xx_rcc.o(.text)
    RCC_PLLI2SCmd                            0x08000ddd   Thumb Code     6  stm32f4xx_rcc.o(.text)
    RCC_ClockSecuritySystemCmd               0x08000de3   Thumb Code     6  stm32f4xx_rcc.o(.text)
    RCC_MCO1Config                           0x08000de9   Thumb Code    28  stm32f4xx_rcc.o(.text)
    RCC_MCO2Config                           0x08000e05   Thumb Code    28  stm32f4xx_rcc.o(.text)
    RCC_SYSCLKConfig                         0x08000e21   Thumb Code    20  stm32f4xx_rcc.o(.text)
    RCC_GetSYSCLKSource                      0x08000e35   Thumb Code    12  stm32f4xx_rcc.o(.text)
    RCC_HCLKConfig                           0x08000e41   Thumb Code    20  stm32f4xx_rcc.o(.text)
    RCC_PCLK1Config                          0x08000e55   Thumb Code    20  stm32f4xx_rcc.o(.text)
    RCC_PCLK2Config                          0x08000e69   Thumb Code    22  stm32f4xx_rcc.o(.text)
    RCC_GetClocksFreq                        0x08000e7f   Thumb Code   222  stm32f4xx_rcc.o(.text)
    RCC_RTCCLKConfig                         0x08000f5d   Thumb Code    54  stm32f4xx_rcc.o(.text)
    RCC_RTCCLKCmd                            0x08000f93   Thumb Code     8  stm32f4xx_rcc.o(.text)
    RCC_BackupResetCmd                       0x08000f9b   Thumb Code     8  stm32f4xx_rcc.o(.text)
    RCC_I2SCLKConfig                         0x08000fa3   Thumb Code     6  stm32f4xx_rcc.o(.text)
    RCC_AHB1PeriphClockCmd                   0x08000fa9   Thumb Code    34  stm32f4xx_rcc.o(.text)
    RCC_AHB2PeriphClockCmd                   0x08000fcb   Thumb Code    34  stm32f4xx_rcc.o(.text)
    RCC_AHB3PeriphClockCmd                   0x08000fed   Thumb Code    34  stm32f4xx_rcc.o(.text)
    RCC_APB1PeriphClockCmd                   0x0800100f   Thumb Code    34  stm32f4xx_rcc.o(.text)
    RCC_APB2PeriphClockCmd                   0x08001031   Thumb Code    34  stm32f4xx_rcc.o(.text)
    RCC_AHB1PeriphResetCmd                   0x08001053   Thumb Code    34  stm32f4xx_rcc.o(.text)
    RCC_AHB2PeriphResetCmd                   0x08001075   Thumb Code    72  stm32f4xx_rcc.o(.text)
    RCC_AHB3PeriphResetCmd                   0x080010bd   Thumb Code    34  stm32f4xx_rcc.o(.text)
    RCC_APB1PeriphResetCmd                   0x080010df   Thumb Code    34  stm32f4xx_rcc.o(.text)
    RCC_APB2PeriphResetCmd                   0x08001101   Thumb Code    34  stm32f4xx_rcc.o(.text)
    RCC_AHB1PeriphClockLPModeCmd             0x08001123   Thumb Code    34  stm32f4xx_rcc.o(.text)
    RCC_AHB2PeriphClockLPModeCmd             0x08001145   Thumb Code    34  stm32f4xx_rcc.o(.text)
    RCC_AHB3PeriphClockLPModeCmd             0x08001167   Thumb Code    34  stm32f4xx_rcc.o(.text)
    RCC_APB1PeriphClockLPModeCmd             0x08001189   Thumb Code    34  stm32f4xx_rcc.o(.text)
    RCC_APB2PeriphClockLPModeCmd             0x080011ab   Thumb Code    34  stm32f4xx_rcc.o(.text)
    RCC_ITConfig                             0x080011cd   Thumb Code    34  stm32f4xx_rcc.o(.text)
    RCC_ClearFlag                            0x080011ef   Thumb Code    18  stm32f4xx_rcc.o(.text)
    RCC_GetITStatus                          0x08001201   Thumb Code    22  stm32f4xx_rcc.o(.text)
    RCC_ClearITPendingBit                    0x08001217   Thumb Code     8  stm32f4xx_rcc.o(.text)
    TIM_DeInit                               0x08001225   Thumb Code   346  stm32f4xx_tim.o(.text)
    TIM_TimeBaseInit                         0x0800137f   Thumb Code   104  stm32f4xx_tim.o(.text)
    TIM_TimeBaseStructInit                   0x080013e7   Thumb Code    18  stm32f4xx_tim.o(.text)
    TIM_PrescalerConfig                      0x080013f9   Thumb Code     6  stm32f4xx_tim.o(.text)
    TIM_CounterModeConfig                    0x080013ff   Thumb Code    18  stm32f4xx_tim.o(.text)
    TIM_SetCounter                           0x08001411   Thumb Code     4  stm32f4xx_tim.o(.text)
    TIM_SetAutoreload                        0x08001415   Thumb Code     4  stm32f4xx_tim.o(.text)
    TIM_GetCounter                           0x08001419   Thumb Code     6  stm32f4xx_tim.o(.text)
    TIM_GetPrescaler                         0x0800141f   Thumb Code     6  stm32f4xx_tim.o(.text)
    TIM_UpdateDisableConfig                  0x08001425   Thumb Code    24  stm32f4xx_tim.o(.text)
    TIM_UpdateRequestConfig                  0x0800143d   Thumb Code    24  stm32f4xx_tim.o(.text)
    TIM_ARRPreloadConfig                     0x08001455   Thumb Code    24  stm32f4xx_tim.o(.text)
    TIM_SelectOnePulseMode                   0x0800146d   Thumb Code    18  stm32f4xx_tim.o(.text)
    TIM_SetClockDivision                     0x0800147f   Thumb Code    18  stm32f4xx_tim.o(.text)
    TIM_Cmd                                  0x08001491   Thumb Code    24  stm32f4xx_tim.o(.text)
    TIM_OC1Init                              0x080014a9   Thumb Code   114  stm32f4xx_tim.o(.text)
    TIM_OC2Init                              0x0800151b   Thumb Code   154  stm32f4xx_tim.o(.text)
    TIM_OC3Init                              0x080015b5   Thumb Code   204  stm32f4xx_tim.o(.text)
    TIM_OC4Init                              0x08001681   Thumb Code   112  stm32f4xx_tim.o(.text)
    TIM_OCStructInit                         0x080016f1   Thumb Code    20  stm32f4xx_tim.o(.text)
    TIM_SelectOCxM                           0x08001705   Thumb Code    86  stm32f4xx_tim.o(.text)
    TIM_SetCompare1                          0x0800175b   Thumb Code     4  stm32f4xx_tim.o(.text)
    TIM_SetCompare2                          0x0800175f   Thumb Code     4  stm32f4xx_tim.o(.text)
    TIM_SetCompare3                          0x08001763   Thumb Code     4  stm32f4xx_tim.o(.text)
    TIM_SetCompare4                          0x08001767   Thumb Code     4  stm32f4xx_tim.o(.text)
    TIM_ForcedOC1Config                      0x0800176b   Thumb Code    18  stm32f4xx_tim.o(.text)
    TIM_ForcedOC2Config                      0x0800177d   Thumb Code    26  stm32f4xx_tim.o(.text)
    TIM_ForcedOC3Config                      0x08001797   Thumb Code    18  stm32f4xx_tim.o(.text)
    TIM_ForcedOC4Config                      0x080017a9   Thumb Code    26  stm32f4xx_tim.o(.text)
    TIM_OC1PreloadConfig                     0x080017c3   Thumb Code    18  stm32f4xx_tim.o(.text)
    TIM_OC2PreloadConfig                     0x080017d5   Thumb Code    26  stm32f4xx_tim.o(.text)
    TIM_OC3PreloadConfig                     0x080017ef   Thumb Code    18  stm32f4xx_tim.o(.text)
    TIM_OC4PreloadConfig                     0x08001801   Thumb Code    26  stm32f4xx_tim.o(.text)
    TIM_OC1FastConfig                        0x0800181b   Thumb Code    18  stm32f4xx_tim.o(.text)
    TIM_OC2FastConfig                        0x0800182d   Thumb Code    26  stm32f4xx_tim.o(.text)
    TIM_OC3FastConfig                        0x08001847   Thumb Code    18  stm32f4xx_tim.o(.text)
    TIM_OC4FastConfig                        0x08001859   Thumb Code    26  stm32f4xx_tim.o(.text)
    TIM_ClearOC1Ref                          0x08001873   Thumb Code    18  stm32f4xx_tim.o(.text)
    TIM_ClearOC2Ref                          0x08001885   Thumb Code    24  stm32f4xx_tim.o(.text)
    TIM_ClearOC3Ref                          0x0800189d   Thumb Code    18  stm32f4xx_tim.o(.text)
    TIM_ClearOC4Ref                          0x080018af   Thumb Code    24  stm32f4xx_tim.o(.text)
    TIM_OC1PolarityConfig                    0x080018c7   Thumb Code    18  stm32f4xx_tim.o(.text)
    TIM_OC1NPolarityConfig                   0x080018d9   Thumb Code    18  stm32f4xx_tim.o(.text)
    TIM_OC2PolarityConfig                    0x080018eb   Thumb Code    26  stm32f4xx_tim.o(.text)
    TIM_OC2NPolarityConfig                   0x08001905   Thumb Code    26  stm32f4xx_tim.o(.text)
    TIM_OC3PolarityConfig                    0x0800191f   Thumb Code    26  stm32f4xx_tim.o(.text)
    TIM_OC3NPolarityConfig                   0x08001939   Thumb Code    26  stm32f4xx_tim.o(.text)
    TIM_OC4PolarityConfig                    0x08001953   Thumb Code    26  stm32f4xx_tim.o(.text)
    TIM_CCxCmd                               0x0800196d   Thumb Code    30  stm32f4xx_tim.o(.text)
    TIM_CCxNCmd                              0x0800198b   Thumb Code    30  stm32f4xx_tim.o(.text)
    TIM_SetIC4Prescaler                      0x080019a9   Thumb Code    26  stm32f4xx_tim.o(.text)
    TIM_SetIC3Prescaler                      0x08001a13   Thumb Code    18  stm32f4xx_tim.o(.text)
    TIM_SetIC2Prescaler                      0x08001a6d   Thumb Code    26  stm32f4xx_tim.o(.text)
    TIM_SetIC1Prescaler                      0x08001ae1   Thumb Code    18  stm32f4xx_tim.o(.text)
    TIM_ICInit                               0x08001b2d   Thumb Code   110  stm32f4xx_tim.o(.text)
    TIM_ICStructInit                         0x08001b9b   Thumb Code    18  stm32f4xx_tim.o(.text)
    TIM_PWMIConfig                           0x08001bad   Thumb Code   124  stm32f4xx_tim.o(.text)
    TIM_GetCapture1                          0x08001c29   Thumb Code     6  stm32f4xx_tim.o(.text)
    TIM_GetCapture2                          0x08001c2f   Thumb Code     6  stm32f4xx_tim.o(.text)
    TIM_GetCapture3                          0x08001c35   Thumb Code     6  stm32f4xx_tim.o(.text)
    TIM_GetCapture4                          0x08001c3b   Thumb Code     6  stm32f4xx_tim.o(.text)
    TIM_BDTRConfig                           0x08001c41   Thumb Code    32  stm32f4xx_tim.o(.text)
    TIM_BDTRStructInit                       0x08001c61   Thumb Code    18  stm32f4xx_tim.o(.text)
    TIM_CtrlPWMOutputs                       0x08001c73   Thumb Code    30  stm32f4xx_tim.o(.text)
    TIM_SelectCOM                            0x08001c91   Thumb Code    24  stm32f4xx_tim.o(.text)
    TIM_CCPreloadControl                     0x08001ca9   Thumb Code    24  stm32f4xx_tim.o(.text)
    TIM_ITConfig                             0x08001cc1   Thumb Code    18  stm32f4xx_tim.o(.text)
    TIM_GenerateEvent                        0x08001cd3   Thumb Code     4  stm32f4xx_tim.o(.text)
    TIM_GetFlagStatus                        0x08001cd7   Thumb Code    18  stm32f4xx_tim.o(.text)
    TIM_ClearFlag                            0x08001ce9   Thumb Code     6  stm32f4xx_tim.o(.text)
    TIM_GetITStatus                          0x08001cef   Thumb Code    34  stm32f4xx_tim.o(.text)
    TIM_ClearITPendingBit                    0x08001d11   Thumb Code     6  stm32f4xx_tim.o(.text)
    TIM_DMAConfig                            0x08001d17   Thumb Code    10  stm32f4xx_tim.o(.text)
    TIM_DMACmd                               0x08001d21   Thumb Code    18  stm32f4xx_tim.o(.text)
    TIM_SelectCCDMA                          0x08001d33   Thumb Code    24  stm32f4xx_tim.o(.text)
    TIM_InternalClockConfig                  0x08001d4b   Thumb Code    12  stm32f4xx_tim.o(.text)
    TIM_SelectInputTrigger                   0x08001d57   Thumb Code    18  stm32f4xx_tim.o(.text)
    TIM_ITRxExternalClockConfig              0x08001d69   Thumb Code    24  stm32f4xx_tim.o(.text)
    TIM_TIxExternalClockConfig               0x08001d81   Thumb Code    62  stm32f4xx_tim.o(.text)
    TIM_ETRConfig                            0x08001dbf   Thumb Code    28  stm32f4xx_tim.o(.text)
    TIM_ETRClockMode1Config                  0x08001ddb   Thumb Code    54  stm32f4xx_tim.o(.text)
    TIM_ETRClockMode2Config                  0x08001e11   Thumb Code    32  stm32f4xx_tim.o(.text)
    TIM_SelectOutputTrigger                  0x08001e31   Thumb Code    18  stm32f4xx_tim.o(.text)
    TIM_SelectSlaveMode                      0x08001e43   Thumb Code    18  stm32f4xx_tim.o(.text)
    TIM_SelectMasterSlaveMode                0x08001e55   Thumb Code    18  stm32f4xx_tim.o(.text)
    TIM_EncoderInterfaceConfig               0x08001e67   Thumb Code    66  stm32f4xx_tim.o(.text)
    TIM_SelectHallSensor                     0x08001ea9   Thumb Code    24  stm32f4xx_tim.o(.text)
    TIM_RemapConfig                          0x08001ec1   Thumb Code     6  stm32f4xx_tim.o(.text)
    __scatterload                            0x08001ec9   Thumb Code    28  init.o(.text)
    __scatterload_rt2                        0x08001ec9   Thumb Code     0  init.o(.text)
    SVC_Count                                0x08001eec   Data           4  SVC_Table.o(SVC_TABLE)
    SVC_Table                                0x08001ef0   Data           0  SVC_Table.o(SVC_TABLE)
    __0printf$bare                           0x08001ef1   Thumb Code     8  printfb.o(i.__0printf$bare)
    __1printf$bare                           0x08001ef1   Thumb Code     0  printfb.o(i.__0printf$bare)
    __2printf                                0x08001ef1   Thumb Code     0  printfb.o(i.__0printf$bare)
    __scatterload_copy                       0x08001f01   Thumb Code    14  handlers.o(i.__scatterload_copy)
    __scatterload_null                       0x08001f0f   Thumb Code     2  handlers.o(i.__scatterload_null)
    __scatterload_zeroinit                   0x08001f11   Thumb Code    14  handlers.o(i.__scatterload_zeroinit)
    _init_box                                0x08001f1f   Thumb Code    70  rt_membox.o(i._init_box)
    dbg_init                                 0x08001f89   Thumb Code    34  hal_cm.o(i.dbg_init)
    dbg_task_notify                          0x08001fb9   Thumb Code    32  hal_cm.o(i.dbg_task_notify)
    dbg_task_switch                          0x08001fd9   Thumb Code    16  hal_cm.o(i.dbg_task_switch)
    isr_mbx_receive                          0x08002015   Thumb Code    80  rt_mailbox.o(i.isr_mbx_receive)
    isr_mbx_send                             0x08002065   Thumb Code    14  rt_mailbox.o(i.isr_mbx_send)
    osDelay                                  0x08002075   Thumb Code    18  rt_cmsis.o(i.osDelay)
    osKernelStart                            0x0800208d   Thumb Code    94  rt_cmsis.o(i.osKernelStart)
    osMessageGet                             0x080020f5   Thumb Code    64  rt_cmsis.o(i.osMessageGet)
    osThreadExit                             0x08002139   Thumb Code    14  rt_cmsis.o(i.osThreadExit)
    osTimerCall                              0x08002151   Thumb Code     8  rt_cmsis.o(i.osTimerCall)
    osTimerThread                            0x0800215d   Thumb Code    38  rt_cmsis.o(i.osTimerThread)
    rt_alloc_box                             0x08002189   Thumb Code    28  rt_membox.o(i.rt_alloc_box)
    rt_alloc_mem                             0x080021a5   Thumb Code    60  rt_memory.o(i.rt_alloc_mem)
    rt_block                                 0x080021e1   Thumb Code    48  rt_task.o(i.rt_block)
    rt_chk_robin                             0x08002219   Thumb Code    58  rt_robin.o(i.rt_chk_robin)
    rt_dec_dly                               0x08002261   Thumb Code   102  rt_list.o(i.rt_dec_dly)
    rt_dispatch                              0x080022d1   Thumb Code    60  rt_task.o(i.rt_dispatch)
    rt_dly_wait                              0x08002315   Thumb Code     6  rt_time.o(i.rt_dly_wait)
    rt_evt_psh                               0x0800231d   Thumb Code    76  rt_event.o(i.rt_evt_psh)
    rt_free_box                              0x0800236d   Thumb Code    32  rt_membox.o(i.rt_free_box)
    rt_free_mem                              0x0800238d   Thumb Code    40  rt_memory.o(i.rt_free_mem)
    rt_get_first                             0x080023b5   Thumb Code    40  rt_list.o(i.rt_get_first)
    rt_init_mem                              0x08002425   Thumb Code    26  rt_memory.o(i.rt_init_mem)
    rt_init_robin                            0x08002441   Thumb Code    14  rt_robin.o(i.rt_init_robin)
    rt_init_stack                            0x08002459   Thumb Code    70  hal_cm.o(i.rt_init_stack)
    rt_mbx_check                             0x080024a9   Thumb Code     8  rt_mailbox.o(i.rt_mbx_check)
    rt_mbx_init                              0x080024b1   Thumb Code    26  rt_mailbox.o(i.rt_mbx_init)
    rt_mbx_psh                               0x080024cd   Thumb Code   248  rt_mailbox.o(i.rt_mbx_psh)
    rt_mbx_wait                              0x080025c9   Thumb Code   174  rt_mailbox.o(i.rt_mbx_wait)
    rt_pop_req                               0x080026b9   Thumb Code   106  rt_system.o(i.rt_pop_req)
    rt_psh_req                               0x08002731   Thumb Code    22  rt_system.o(i.rt_psh_req)
    rt_psq_enq                               0x08002751   Thumb Code    82  rt_list.o(i.rt_psq_enq)
    rt_put_dly                               0x080027a9   Thumb Code    88  rt_list.o(i.rt_put_dly)
    rt_put_prio                              0x08002805   Thumb Code    56  rt_list.o(i.rt_put_prio)
    rt_put_rdy_first                         0x0800283d   Thumb Code    14  rt_list.o(i.rt_put_rdy_first)
    rt_ret_val                               0x08002861   Thumb Code    12  hal_cm.o(i.rt_ret_val)
    rt_ret_val2                              0x0800286d   Thumb Code    16  hal_cm.o(i.rt_ret_val2)
    rt_rmv_dly                               0x0800287d   Thumb Code    40  rt_list.o(i.rt_rmv_dly)
    rt_rmv_list                              0x080028a5   Thumb Code    44  rt_list.o(i.rt_rmv_list)
    rt_sem_psh                               0x080028d5   Thumb Code    48  rt_semaphore.o(i.rt_sem_psh)
    rt_stk_check                             0x08002909   Thumb Code    28  rt_system.o(i.rt_stk_check)
    rt_switch_req                            0x0800292d   Thumb Code    30  rt_task.o(i.rt_switch_req)
    rt_sys_init                              0x08002955   Thumb Code   242  rt_task.o(i.rt_sys_init)
    rt_systick                               0x08002a95   Thumb Code    48  rt_system.o(i.rt_systick)
    rt_tsk_create                            0x08002b21   Thumb Code   112  rt_task.o(i.rt_tsk_create)
    rt_tsk_delete                            0x08002ba1   Thumb Code   146  rt_task.o(i.rt_tsk_delete)
    rt_tsk_self                              0x08002c4d   Thumb Code    12  rt_task.o(i.rt_tsk_self)
    svcDelay                                 0x08002c5d   Thumb Code    20  rt_cmsis.o(i.svcDelay)
    svcKernelStart                           0x08002c71   Thumb Code   174  rt_cmsis.o(i.svcKernelStart)
    svcMessageCreate                         0x08002d45   Thumb Code    36  rt_cmsis.o(i.svcMessageCreate)
    svcMessageGet                            0x08002d69   Thumb Code    58  rt_cmsis.o(i.svcMessageGet)
    svcThreadCreate                          0x08002da5   Thumb Code   100  rt_cmsis.o(i.svcThreadCreate)
    svcThreadGetId                           0x08002e15   Thumb Code    22  rt_cmsis.o(i.svcThreadGetId)
    svcThreadTerminate                       0x08002e31   Thumb Code    52  rt_cmsis.o(i.svcThreadTerminate)
    svcTimerCall                             0x08002e69   Thumb Code    24  rt_cmsis.o(i.svcTimerCall)
    sysTimerTick                             0x08002e81   Thumb Code    76  rt_cmsis.o(i.sysTimerTick)
    os_maxtaskrun                            0x08002ed4   Data           2  rtx_conf_cm.o(.constdata)
    os_stackinfo                             0x08002ed8   Data           4  rtx_conf_cm.o(.constdata)
    os_rrobin                                0x08002edc   Data           4  rtx_conf_cm.o(.constdata)
    os_trv                                   0x08002ee0   Data           4  rtx_conf_cm.o(.constdata)
    os_flags                                 0x08002ee4   Data           1  rtx_conf_cm.o(.constdata)
    os_clockrate                             0x08002ee8   Data           4  rtx_conf_cm.o(.constdata)
    os_timernum                              0x08002eec   Data           4  rtx_conf_cm.o(.constdata)
    mp_tcb_size                              0x08002ef0   Data           2  rtx_conf_cm.o(.constdata)
    mp_stk_size                              0x08002ef4   Data           4  rtx_conf_cm.o(.constdata)
    os_stack_sz                              0x08002ef8   Data           4  rtx_conf_cm.o(.constdata)
    os_fifo_size                             0x08002efc   Data           1  rtx_conf_cm.o(.constdata)
    os_thread_def_osTimerThread              0x08002f00   Data          16  rtx_conf_cm.o(.constdata)
    os_messageQ_def_osTimerMessageQ          0x08002f10   Data           8  rtx_conf_cm.o(.constdata)
    mp_tmr_size                              0x08002f18   Data           2  rtx_conf_cm.o(.constdata)
    os_thread_def_main                       0x08002f1c   Data          16  rtx_conf_cm.o(.constdata)
    Region$$Table$$Base                      0x08002f2c   Number         0  anon$$obj.o(Region$$Table)
    Region$$Table$$Limit                     0x08002f5c   Number         0  anon$$obj.o(Region$$Table)
    mp_tcb                                   0x10000000   Data         348  rtx_conf_cm.o(.bss)
    mp_stk                                   0x10000160   Data        4816  rtx_conf_cm.o(.bss)
    os_stack_mem                             0x10001430   Data        1632  rtx_conf_cm.o(.bss)
    os_fifo                                  0x10001a90   Data         132  rtx_conf_cm.o(.bss)
    os_active_TCB                            0x10001b14   Data          28  rtx_conf_cm.o(.bss)
    os_messageQ_q_osTimerMessageQ            0x10001b30   Data          32  rtx_conf_cm.o(.bss)
    SystemCoreClock                          0x20000000   Data           4  system_stm32f4xx.o(.data)
    AHBPrescTable                            0x20000004   Data          16  system_stm32f4xx.o(.data)
    __stdout                                 0x20000014   Data           4  fputc_debug.o(.data)
    __stdin                                  0x20000018   Data           4  fputc_debug.o(.data)
    os_tmr                                   0x2000001c   Data           4  rtx_conf_cm.o(.data)
    m_tmr                                    0x20000020   Data           4  rtx_conf_cm.o(.data)
    osThreadId_osTimerThread                 0x20000024   Data           4  rtx_conf_cm.o(.data)
    osMessageQId_osTimerMessageQ             0x20000028   Data           4  rtx_conf_cm.o(.data)
    ticks                                    0x2000002c   Data           4  main.o(.data)
    PrescalerValue                           0x20000030   Data           2  pwm.o(.data)
    Period                                   0x20000032   Data           2  pwm.o(.data)
    os_timer_head                            0x20000044   Data           4  rt_cmsis.o(.data)
    os_tsk                                   0x20000048   Data           8  rt_task.o(.data)
    os_time                                  0x20000054   Data           2  rt_time.o(.data)
    dbg_msg                                  0x20000056   Data           1  hal_cm.o(.data)
    os_robin                                 0x20000058   Data           8  rt_robin.o(.data)
    TIM_TimeBaseStructure                    0x20000060   Data          12  pwm.o(.bss)
    TIM_OCInitStructure                      0x2000006c   Data          20  pwm.o(.bss)
    os_idle_TCB                              0x20000080   Data          48  rt_task.o(.bss)
    os_rdy                                   0x200000b0   Data          24  rt_list.o(.bss)
    os_dly                                   0x200000c8   Data          24  rt_list.o(.bss)
    __initial_sp                             0x200004e0   Data           0  startup_stm32f4xx.o(STACK)



==============================================================================

Memory Map of the image

  Image Entry point : 0x08000189

  Load Region LR_IROM1 (Base: 0x08000000, Size: 0x00002fbc, Max: 0x00100000, ABSOLUTE)

    Execution Region ER_IROM1 (Base: 0x08000000, Size: 0x00002f5c, Max: 0x00100000, ABSOLUTE)

    Base Addr    Size         Type   Attr      Idx    E Section Name        Object

    0x08000000   0x00000188   Data   RO          132    RESET               startup_stm32f4xx.o
    0x08000188   0x00000000   Code   RO         2173  * .ARM.Collect$$$$00000000  mc_w.l(entry.o)
    0x08000188   0x00000004   Code   RO         2444    .ARM.Collect$$$$00000001  mc_w.l(entry2.o)
    0x0800018c   0x00000004   Code   RO         2447    .ARM.Collect$$$$00000004  mc_w.l(entry5.o)
    0x08000190   0x00000000   Code   RO         2449    .ARM.Collect$$$$00000008  mc_w.l(entry7b.o)
    0x08000190   0x00000000   Code   RO         2451    .ARM.Collect$$$$0000000A  mc_w.l(entry8b.o)
    0x08000190   0x00000000   Code   RO         2452    .ARM.Collect$$$$0000000D  mc_w.l(entry10a.o)
    0x08000190   0x00000000   Code   RO         2454    .ARM.Collect$$$$0000000F  mc_w.l(entry11a.o)
    0x08000190   0x00000010   Code   RO          175    .ARM.Collect$$$$000000FF  rtx_conf_cm.o
    0x080001a0   0x00000004   Code   RO         2445    .ARM.Collect$$$$00002712  mc_w.l(entry2.o)
    0x080001a4   0x00000174   Code   RO         2160    .emb_text           RTX_CM4.lib(hal_cm4.o)
    0x08000318   0x0000020c   Code   RO            3    .text               system_stm32f4xx.o
    0x08000524   0x00000024   Code   RO          133    .text               startup_stm32f4xx.o
    0x08000548   0x0000004c   Code   RO          139    .text               fputc_debug.o
    0x08000594   0x00000008   Code   RO          176    .text               rtx_conf_cm.o
    0x0800059c   0x000000c0   Code   RO          209    .text               main.o
    0x0800065c   0x000000fc   Code   RO          261    .text               pwm.o
    0x08000758   0x00000204   Code   RO          395    .text               lcd.o
    0x0800095c   0x000000e4   Code   RO          427    .text               misc.o
    0x08000a40   0x0000025c   Code   RO          757    .text               stm32f4xx_gpio.o
    0x08000c9c   0x00000588   Code   RO          906    .text               stm32f4xx_rcc.o
    0x08001224   0x00000ca2   Code   RO         1040    .text               stm32f4xx_tim.o
    0x08001ec6   0x00000002   PAD
    0x08001ec8   0x00000024   Code   RO         2475    .text               mc_w.l(init.o)
    0x08001eec   0x00000004   Code   RO         2170    SVC_TABLE           RTX_CM4.lib(SVC_Table.o)
    0x08001ef0   0x00000010   Code   RO         2177    i.__0printf$bare    mc_w.l(printfb.o)
    0x08001f00   0x0000000e   Code   RO         2479    i.__scatterload_copy  mc_w.l(handlers.o)
    0x08001f0e   0x00000002   Code   RO         2480    i.__scatterload_null  mc_w.l(handlers.o)
    0x08001f10   0x0000000e   Code   RO         2481    i.__scatterload_zeroinit  mc_w.l(handlers.o)
    0x08001f1e   0x00000046   Code   RO         2033    i._init_box         RTX_CM4.lib(rt_membox.o)
    0x08001f64   0x00000022   Code   RO         2184    i._printf_core      mc_w.l(printfb.o)
    0x08001f86   0x00000002   PAD
    0x08001f88   0x00000030   Code   RO         2086    i.dbg_init          RTX_CM4.lib(hal_cm.o)
    0x08001fb8   0x00000020   Code   RO         2087    i.dbg_task_notify   RTX_CM4.lib(hal_cm.o)
    0x08001fd8   0x00000010   Code   RO         2088    i.dbg_task_switch   RTX_CM4.lib(hal_cm.o)
    0x08001fe8   0x0000002c   Code   RO         1132    i.isrMessagePut     RTX_CM4.lib(rt_cmsis.o)
    0x08002014   0x00000050   Code   RO         1897    i.isr_mbx_receive   RTX_CM4.lib(rt_mailbox.o)
    0x08002064   0x0000000e   Code   RO         1898    i.isr_mbx_send      RTX_CM4.lib(rt_mailbox.o)
    0x08002072   0x00000002   PAD
    0x08002074   0x00000018   Code   RO         1133    i.osDelay           RTX_CM4.lib(rt_cmsis.o)
    0x0800208c   0x00000068   Code   RO         1135    i.osKernelStart     RTX_CM4.lib(rt_cmsis.o)
    0x080020f4   0x00000044   Code   RO         1143    i.osMessageGet      RTX_CM4.lib(rt_cmsis.o)
    0x08002138   0x00000018   Code   RO         1160    i.osThreadExit      RTX_CM4.lib(rt_cmsis.o)
    0x08002150   0x0000000c   Code   RO         1166    i.osTimerCall       RTX_CM4.lib(rt_cmsis.o)
    0x0800215c   0x0000002c   Code   RO         1170    i.osTimerThread     RTX_CM4.lib(rt_cmsis.o)
    0x08002188   0x0000001c   Code   RO         2034    i.rt_alloc_box      RTX_CM4.lib(rt_membox.o)
    0x080021a4   0x0000003c   Code   RO         2062    i.rt_alloc_mem      RTX_CM4.lib(rt_memory.o)
    0x080021e0   0x00000038   Code   RO         1654    i.rt_block          RTX_CM4.lib(rt_task.o)
    0x08002218   0x00000048   Code   RO         2139    i.rt_chk_robin      RTX_CM4.lib(rt_robin.o)
    0x08002260   0x00000070   Code   RO         1821    i.rt_dec_dly        RTX_CM4.lib(rt_list.o)
    0x080022d0   0x00000044   Code   RO         1655    i.rt_dispatch       RTX_CM4.lib(rt_task.o)
    0x08002314   0x00000006   Code   RO         1981    i.rt_dly_wait       RTX_CM4.lib(rt_time.o)
    0x0800231a   0x00000002   PAD
    0x0800231c   0x00000050   Code   RO         1782    i.rt_evt_psh        RTX_CM4.lib(rt_event.o)
    0x0800236c   0x00000020   Code   RO         2035    i.rt_free_box       RTX_CM4.lib(rt_membox.o)
    0x0800238c   0x00000028   Code   RO         2063    i.rt_free_mem       RTX_CM4.lib(rt_memory.o)
    0x080023b4   0x00000028   Code   RO         1822    i.rt_get_first      RTX_CM4.lib(rt_list.o)
    0x080023dc   0x00000008   Code   RO         1173    i.rt_id2obj         RTX_CM4.lib(rt_cmsis.o)
    0x080023e4   0x00000040   Code   RO         1656    i.rt_init_context   RTX_CM4.lib(rt_task.o)
    0x08002424   0x0000001a   Code   RO         2064    i.rt_init_mem       RTX_CM4.lib(rt_memory.o)
    0x0800243e   0x00000002   PAD
    0x08002440   0x00000018   Code   RO         2140    i.rt_init_robin     RTX_CM4.lib(rt_robin.o)
    0x08002458   0x00000050   Code   RO         2089    i.rt_init_stack     RTX_CM4.lib(hal_cm.o)
    0x080024a8   0x00000008   Code   RO         1899    i.rt_mbx_check      RTX_CM4.lib(rt_mailbox.o)
    0x080024b0   0x0000001a   Code   RO         1900    i.rt_mbx_init       RTX_CM4.lib(rt_mailbox.o)
    0x080024ca   0x00000002   PAD
    0x080024cc   0x000000fc   Code   RO         1901    i.rt_mbx_psh        RTX_CM4.lib(rt_mailbox.o)
    0x080025c8   0x000000b4   Code   RO         1903    i.rt_mbx_wait       RTX_CM4.lib(rt_mailbox.o)
    0x0800267c   0x0000003c   Code   RO         1174    i.rt_ms2tick        RTX_CM4.lib(rt_cmsis.o)
    0x080026b8   0x00000078   Code   RO         1733    i.rt_pop_req        RTX_CM4.lib(rt_system.o)
    0x08002730   0x00000020   Code   RO         1734    i.rt_psh_req        RTX_CM4.lib(rt_system.o)
    0x08002750   0x00000058   Code   RO         1824    i.rt_psq_enq        RTX_CM4.lib(rt_list.o)
    0x080027a8   0x0000005c   Code   RO         1825    i.rt_put_dly        RTX_CM4.lib(rt_list.o)
    0x08002804   0x00000038   Code   RO         1826    i.rt_put_prio       RTX_CM4.lib(rt_list.o)
    0x0800283c   0x00000014   Code   RO         1827    i.rt_put_rdy_first  RTX_CM4.lib(rt_list.o)
    0x08002850   0x00000010   Code   RO         2090    i.rt_ret_regs       RTX_CM4.lib(hal_cm.o)
    0x08002860   0x0000000c   Code   RO         2091    i.rt_ret_val        RTX_CM4.lib(hal_cm.o)
    0x0800286c   0x00000010   Code   RO         2092    i.rt_ret_val2       RTX_CM4.lib(hal_cm.o)
    0x0800287c   0x00000028   Code   RO         1829    i.rt_rmv_dly        RTX_CM4.lib(rt_list.o)
    0x080028a4   0x00000030   Code   RO         1830    i.rt_rmv_list       RTX_CM4.lib(rt_list.o)
    0x080028d4   0x00000034   Code   RO         1947    i.rt_sem_psh        RTX_CM4.lib(rt_semaphore.o)
    0x08002908   0x00000024   Code   RO         1735    i.rt_stk_check      RTX_CM4.lib(rt_system.o)
    0x0800292c   0x00000028   Code   RO         1657    i.rt_switch_req     RTX_CM4.lib(rt_task.o)
    0x08002954   0x00000140   Code   RO         1658    i.rt_sys_init       RTX_CM4.lib(rt_task.o)
    0x08002a94   0x0000003c   Code   RO         1736    i.rt_systick        RTX_CM4.lib(rt_system.o)
    0x08002ad0   0x00000012   Code   RO         1175    i.rt_tid2ptcb       RTX_CM4.lib(rt_cmsis.o)
    0x08002ae2   0x00000002   PAD
    0x08002ae4   0x0000003c   Code   RO         1176    i.rt_timer_insert   RTX_CM4.lib(rt_cmsis.o)
    0x08002b20   0x00000080   Code   RO         1659    i.rt_tsk_create     RTX_CM4.lib(rt_task.o)
    0x08002ba0   0x000000ac   Code   RO         1660    i.rt_tsk_delete     RTX_CM4.lib(rt_task.o)
    0x08002c4c   0x00000010   Code   RO         1663    i.rt_tsk_self       RTX_CM4.lib(rt_task.o)
    0x08002c5c   0x00000014   Code   RO         1178    i.svcDelay          RTX_CM4.lib(rt_cmsis.o)
    0x08002c70   0x000000d4   Code   RO         1179    i.svcKernelStart    RTX_CM4.lib(rt_cmsis.o)
    0x08002d44   0x00000024   Code   RO         1181    i.svcMessageCreate  RTX_CM4.lib(rt_cmsis.o)
    0x08002d68   0x0000003a   Code   RO         1182    i.svcMessageGet     RTX_CM4.lib(rt_cmsis.o)
    0x08002da2   0x00000002   PAD
    0x08002da4   0x00000070   Code   RO         1195    i.svcThreadCreate   RTX_CM4.lib(rt_cmsis.o)
    0x08002e14   0x0000001c   Code   RO         1196    i.svcThreadGetId    RTX_CM4.lib(rt_cmsis.o)
    0x08002e30   0x00000038   Code   RO         1199    i.svcThreadTerminate  RTX_CM4.lib(rt_cmsis.o)
    0x08002e68   0x00000018   Code   RO         1201    i.svcTimerCall      RTX_CM4.lib(rt_cmsis.o)
    0x08002e80   0x00000054   Code   RO         1209    i.sysTimerTick      RTX_CM4.lib(rt_cmsis.o)
    0x08002ed4   0x00000058   Data   RO          178    .constdata          rtx_conf_cm.o
    0x08002f2c   0x00000030   Data   RO         2477    Region$$Table       anon$$obj.o


    Execution Region RW_IRAM1 (Base: 0x10000000, Size: 0x00001b50, Max: 0x0001ffff, ABSOLUTE)

    Base Addr    Size         Type   Attr      Idx    E Section Name        Object

    0x10000000   0x00001b50   Zero   RW          177    .bss                rtx_conf_cm.o


    Execution Region RW_IRAM2 (Base: 0x20000000, Size: 0x000004e0, Max: 0x0001ffff, ABSOLUTE)

    Base Addr    Size         Type   Attr      Idx    E Section Name        Object

    0x20000000   0x00000014   Data   RW            4    .data               system_stm32f4xx.o
    0x20000014   0x00000008   Data   RW          140    .data               fputc_debug.o
    0x2000001c   0x00000010   Data   RW          179    .data               rtx_conf_cm.o
    0x2000002c   0x00000004   Data   RW          210    .data               main.o
    0x20000030   0x00000004   Data   RW          263    .data               pwm.o
    0x20000034   0x00000010   Data   RW          907    .data               stm32f4xx_rcc.o
    0x20000044   0x00000004   Data   RW         1210    .data               RTX_CM4.lib(rt_cmsis.o)
    0x20000048   0x00000008   Data   RW         1665    .data               RTX_CM4.lib(rt_task.o)
    0x20000050   0x00000003   Data   RW         1739    .data               RTX_CM4.lib(rt_system.o)
    0x20000053   0x00000001   PAD
    0x20000054   0x00000002   Data   RW         1984    .data               RTX_CM4.lib(rt_time.o)
    0x20000056   0x00000001   Data   RW         2093    .data               RTX_CM4.lib(hal_cm.o)
    0x20000057   0x00000001   PAD
    0x20000058   0x00000008   Data   RW         2141    .data               RTX_CM4.lib(rt_robin.o)
    0x20000060   0x00000020   Zero   RW          262    .bss                pwm.o
    0x20000080   0x00000030   Zero   RW         1664    .bss                RTX_CM4.lib(rt_task.o)
    0x200000b0   0x00000030   Zero   RW         1831    .bss                RTX_CM4.lib(rt_list.o)
    0x200000e0   0x00000400   Zero   RW          130    STACK               startup_stm32f4xx.o


==============================================================================

Image component sizes


      Code (inc. data)   RO Data    RW Data    ZI Data      Debug   Object Name

        76          4          0          8          0       2705   fputc_debug.o
       516          8          0          0          0       1993   lcd.o
       192         36          0          4          0       1017   main.o
       228         22          0          0          0       3565   misc.o
       252         24          0          4         32      28992   pwm.o
        24          6         88         16       6992       6436   rtx_conf_cm.o
        36          8        392          0       1024        768   startup_stm32f4xx.o
       604         36          0          0          0      10481   stm32f4xx_gpio.o
      1416         48          0         16          0      23891   stm32f4xx_rcc.o
      3234         60          0          0          0      42124   stm32f4xx_tim.o
       524         44          0         20          0     219675   system_stm32f4xx.o

    ----------------------------------------------------------------------
      7104        296        528         68       8048     341647   Object Totals
         0          0         48          0          0          0   (incl. Generated)
         2          0          0          0          0          0   (incl. Padding)

    ----------------------------------------------------------------------

      Code (inc. data)   RO Data    RW Data    ZI Data      Debug   Library Member Name

         4          4          0          0          0        132   SVC_Table.o
       220         24          0          1          0       3876   hal_cm.o
       372         32          0          0          0        616   hal_cm4.o
      1096        122          0          4          0      26394   rt_cmsis.o
        80          4          0          0          0        637   rt_event.o
       496         30          0          0         48       6636   rt_list.o
       560         10          0          0          0       3829   rt_mailbox.o
       130          0          0          0          0       1837   rt_membox.o
       126          0          0          0          0       2159   rt_memory.o
        96         24          0          8          0       1042   rt_robin.o
        52          4          0          0          0        557   rt_semaphore.o
       248         44          0          3          0       2066   rt_system.o
       864        154          0          8         48       7224   rt_task.o
         6          0          0          2          0        572   rt_time.o
         0          0          0          0          0          0   entry.o
         0          0          0          0          0          0   entry10a.o
         0          0          0          0          0          0   entry11a.o
         8          4          0          0          0          0   entry2.o
         4          0          0          0          0          0   entry5.o
         0          0          0          0          0          0   entry7b.o
         0          0          0          0          0          0   entry8b.o
        30          0          0          0          0          0   handlers.o
        36          8          0          0          0         68   init.o
        50          8          0          0          0        152   printfb.o

    ----------------------------------------------------------------------
      4492        472          0         28         96      57797   Library Totals
        14          0          0          2          0          0   (incl. Padding)

    ----------------------------------------------------------------------

      Code (inc. data)   RO Data    RW Data    ZI Data      Debug   Library Name

      4350        452          0         26         96      57577   RTX_CM4.lib
       128         20          0          0          0        220   mc_w.l

    ----------------------------------------------------------------------
      4492        472          0         28         96      57797   Library Totals

    ----------------------------------------------------------------------

==============================================================================


      Code (inc. data)   RO Data    RW Data    ZI Data      Debug   

     11596        768        528         96       8144     391392   Grand Totals
     11596        768        528         96       8144     391392   ELF Image Totals
     11596        768        528         96          0          0   ROM Totals

==============================================================================

    Total RO  Size (Code + RO Data)                12124 (  11.84kB)
    Total RW  Size (RW Data + ZI Data)              8240 (   8.05kB)
    Total ROM Size (Code + RO Data + RW Data)      12220 (  11.93kB)

==============================================================================

