ARM Linker, 5.03 [Build 76] [MDK-ARM Lite]

==============================================================================

Section Cross References

    system_stm32f4xx.o(.text) refers to system_stm32f4xx.o(.data) for SystemCoreClock
    startup_stm32f4xx.o(RESET) refers to startup_stm32f4xx.o(STACK) for __initial_sp
    startup_stm32f4xx.o(RESET) refers to startup_stm32f4xx.o(.text) for Reset_Handler
    startup_stm32f4xx.o(RESET) refers to hal_cm4.o(.emb_text) for SVC_Handler
    startup_stm32f4xx.o(RESET) refers to main.o(.text) for EXTI1_IRQHandler
    startup_stm32f4xx.o(.text) refers to system_stm32f4xx.o(.text) for SystemInit
    startup_stm32f4xx.o(.text) refers to entry.o(.ARM.Collect$$$$00000000) for __main
    rtx_conf_cm.o(.ARM.Collect$$$$000000FF) refers to rt_cmsis.o(i.osKernelStart) for osKernelStart
    rtx_conf_cm.o(.ARM.Collect$$$$000000FF) refers to rtx_conf_cm.o(.constdata) for .constdata
    rtx_conf_cm.o(.constdata) refers to rt_cmsis.o(i.osTimerThread) for osTimerThread
    rtx_conf_cm.o(.constdata) refers to rtx_conf_cm.o(.bss) for os_messageQ_q_osTimerMessageQ
    rtx_conf_cm.o(.constdata) refers to main.o(.text) for main
    main.o(.text) refers to stm32f4xx_tim.o(.text) for TIM_GetITStatus
    main.o(.text) refers to rt_cmsis.o(i.osSignalSet) for osSignalSet
    main.o(.text) refers to stm32f4xx_exti.o(.text) for EXTI_GetITStatus
    main.o(.text) refers to printf5.o(i.__0printf$5) for __2printf
    main.o(.text) refers to spi_controller.o(.text) for init_SPI1
    main.o(.text) refers to tim_config.o(.text) for configure_TIM3
    main.o(.text) refers to interrupt_conf.o(.text) for configure_RX_interrupt
    main.o(.text) refers to radio_driver.o(.text) for configure_cc2500
    main.o(.text) refers to rt_cmsis.o(i.osThreadCreate) for osThreadCreate
    main.o(.text) refers to rt_cmsis.o(i.osDelay) for osDelay
    main.o(.text) refers to rt_cmsis.o(i.osSignalWait) for osSignalWait
    main.o(.text) refers to main.o(.data) for tid_thread1
    main.o(.text) refers to main.o(.constdata) for os_thread_def_thread
    main.o(.constdata) refers to main.o(.text) for thread
    spi_controller.o(.text) refers to stm32f4xx_rcc.o(.text) for RCC_AHB1PeriphClockCmd
    spi_controller.o(.text) refers to stm32f4xx_gpio.o(.text) for GPIO_Init
    spi_controller.o(.text) refers to stm32f4xx_spi.o(.text) for SPI_Init
    radio_driver.o(.text) refers to spi_controller.o(.text) for SPI1_send
    tim_config.o(.text) refers to printf5.o(i.__0printf$5) for __2printf
    tim_config.o(.text) refers to stm32f4xx_rcc.o(.text) for RCC_APB1PeriphClockCmd
    tim_config.o(.text) refers to misc.o(.text) for NVIC_Init
    tim_config.o(.text) refers to stm32f4xx_tim.o(.text) for TIM_TimeBaseInit
    tim_config.o(.text) refers to stm32f4xx_gpio.o(.text) for GPIO_Init
    tim_config.o(.text) refers to system_stm32f4xx.o(.data) for SystemCoreClock
    tim_config.o(.text) refers to tim_config.o(.data) for PrescalerValue
    stm32f4_discovery_lis302dl.o(.text) refers to stm32f4xx_spi.o(.text) for SPI_I2S_GetFlagStatus
    stm32f4_discovery_lis302dl.o(.text) refers to stm32f4xx_gpio.o(.text) for GPIO_ResetBits
    stm32f4_discovery_lis302dl.o(.text) refers to stm32f4xx_rcc.o(.text) for RCC_APB2PeriphClockCmd
    stm32f4_discovery_lis302dl.o(.text) refers to stm32f4_discovery_lis302dl.o(.data) for LIS302DLTimeout
    interrupt_conf.o(.text) refers to stm32f4xx_rcc.o(.text) for RCC_APB2PeriphClockCmd
    interrupt_conf.o(.text) refers to stm32f4xx_syscfg.o(.text) for SYSCFG_EXTILineConfig
    interrupt_conf.o(.text) refers to stm32f4xx_exti.o(.text) for EXTI_Init
    interrupt_conf.o(.text) refers to misc.o(.text) for NVIC_Init
    interrupt_conf.o(.text) refers to stm32f4xx_gpio.o(.text) for GPIO_Init
    stm32f4xx_adc.o(.text) refers to stm32f4xx_rcc.o(.text) for RCC_APB2PeriphResetCmd
    stm32f4xx_can.o(.text) refers to stm32f4xx_rcc.o(.text) for RCC_APB1PeriphResetCmd
    stm32f4xx_cryp.o(.text) refers to stm32f4xx_rcc.o(.text) for RCC_AHB2PeriphResetCmd
    stm32f4xx_cryp_aes.o(.text) refers to stm32f4xx_cryp.o(.text) for CRYP_KeyStructInit
    stm32f4xx_cryp_des.o(.text) refers to stm32f4xx_cryp.o(.text) for CRYP_KeyStructInit
    stm32f4xx_cryp_tdes.o(.text) refers to stm32f4xx_cryp.o(.text) for CRYP_KeyStructInit
    stm32f4xx_dac.o(.text) refers to stm32f4xx_rcc.o(.text) for RCC_APB1PeriphResetCmd
    stm32f4xx_gpio.o(.text) refers to stm32f4xx_rcc.o(.text) for RCC_AHB1PeriphResetCmd
    stm32f4xx_hash.o(.text) refers to stm32f4xx_rcc.o(.text) for RCC_AHB2PeriphResetCmd
    stm32f4xx_hash_md5.o(.text) refers to stm32f4xx_hash.o(.text) for HASH_DeInit
    stm32f4xx_hash_sha1.o(.text) refers to stm32f4xx_hash.o(.text) for HASH_DeInit
    stm32f4xx_i2c.o(.text) refers to stm32f4xx_rcc.o(.text) for RCC_APB1PeriphResetCmd
    stm32f4xx_pwr.o(.text) refers to stm32f4xx_rcc.o(.text) for RCC_APB1PeriphResetCmd
[...]
    ..\STM32F4xx_StdPeriph_Driver\src\stm32f4xx_hash_md5.c 0x00000000   Number         0  stm32f4xx_hash_md5.o ABSOLUTE
    ..\STM32F4xx_StdPeriph_Driver\src\stm32f4xx_hash_sha1.c 0x00000000   Number         0  stm32f4xx_hash_sha1.o ABSOLUTE
    ..\STM32F4xx_StdPeriph_Driver\src\stm32f4xx_i2c.c 0x00000000   Number         0  stm32f4xx_i2c.o ABSOLUTE
    ..\STM32F4xx_StdPeriph_Driver\src\stm32f4xx_iwdg.c 0x00000000   Number         0  stm32f4xx_iwdg.o ABSOLUTE
    ..\STM32F4xx_StdPeriph_Driver\src\stm32f4xx_pwr.c 0x00000000   Number         0  stm32f4xx_pwr.o ABSOLUTE
    ..\STM32F4xx_StdPeriph_Driver\src\stm32f4xx_rcc.c 0x00000000   Number         0  stm32f4xx_rcc.o ABSOLUTE
    ..\STM32F4xx_StdPeriph_Driver\src\stm32f4xx_rng.c 0x00000000   Number         0  stm32f4xx_rng.o ABSOLUTE
    ..\STM32F4xx_StdPeriph_Driver\src\stm32f4xx_rtc.c 0x00000000   Number         0  stm32f4xx_rtc.o ABSOLUTE
    ..\STM32F4xx_StdPeriph_Driver\src\stm32f4xx_sdio.c 0x00000000   Number         0  stm32f4xx_sdio.o ABSOLUTE
    ..\STM32F4xx_StdPeriph_Driver\src\stm32f4xx_spi.c 0x00000000   Number         0  stm32f4xx_spi.o ABSOLUTE
    ..\STM32F4xx_StdPeriph_Driver\src\stm32f4xx_syscfg.c 0x00000000   Number         0  stm32f4xx_syscfg.o ABSOLUTE
    ..\STM32F4xx_StdPeriph_Driver\src\stm32f4xx_tim.c 0x00000000   Number         0  stm32f4xx_tim.o ABSOLUTE
    ..\STM32F4xx_StdPeriph_Driver\src\stm32f4xx_usart.c 0x00000000   Number         0  stm32f4xx_usart.o ABSOLUTE
    ..\STM32F4xx_StdPeriph_Driver\src\stm32f4xx_wwdg.c 0x00000000   Number         0  stm32f4xx_wwdg.o ABSOLUTE
    ..\TIM_Config.c                          0x00000000   Number         0  tim_config.o ABSOLUTE
    ..\\Interrupt_Conf.c                     0x00000000   Number         0  interrupt_conf.o ABSOLUTE
    ..\\Radio_Driver.c                       0x00000000   Number         0  radio_driver.o ABSOLUTE
    ..\\SPI_Controller.c                     0x00000000   Number         0  spi_controller.o ABSOLUTE
    ..\\STM32F4xx_StdPeriph_Driver\\src\\misc.c 0x00000000   Number         0  misc.o ABSOLUTE
    ..\\STM32F4xx_StdPeriph_Driver\\src\\stm32f4xx_adc.c 0x00000000   Number         0  stm32f4xx_adc.o ABSOLUTE
    ..\\STM32F4xx_StdPeriph_Driver\\src\\stm32f4xx_can.c 0x00000000   Number         0  stm32f4xx_can.o ABSOLUTE
    ..\\STM32F4xx_StdPeriph_Driver\\src\\stm32f4xx_crc.c 0x00000000   Number         0  stm32f4xx_crc.o ABSOLUTE
    ..\\STM32F4xx_StdPeriph_Driver\\src\\stm32f4xx_cryp.c 0x00000000   Number         0  stm32f4xx_cryp.o ABSOLUTE
    ..\\STM32F4xx_StdPeriph_Driver\\src\\stm32f4xx_cryp_aes.c 0x00000000   Number         0  stm32f4xx_cryp_aes.o ABSOLUTE
    ..\\STM32F4xx_StdPeriph_Driver\\src\\stm32f4xx_cryp_des.c 0x00000000   Number         0  stm32f4xx_cryp_des.o ABSOLUTE
    ..\\STM32F4xx_StdPeriph_Driver\\src\\stm32f4xx_cryp_tdes.c 0x00000000   Number         0  stm32f4xx_cryp_tdes.o ABSOLUTE
    ..\\STM32F4xx_StdPeriph_Driver\\src\\stm32f4xx_dac.c 0x00000000   Number         0  stm32f4xx_dac.o ABSOLUTE
    ..\\STM32F4xx_StdPeriph_Driver\\src\\stm32f4xx_dbgmcu.c 0x00000000   Number         0  stm32f4xx_dbgmcu.o ABSOLUTE
    ..\\STM32F4xx_StdPeriph_Driver\\src\\stm32f4xx_dcmi.c 0x00000000   Number         0  stm32f4xx_dcmi.o ABSOLUTE
    ..\\STM32F4xx_StdPeriph_Driver\\src\\stm32f4xx_dma.c 0x00000000   Number         0  stm32f4xx_dma.o ABSOLUTE
    ..\\STM32F4xx_StdPeriph_Driver\\src\\stm32f4xx_exti.c 0x00000000   Number         0  stm32f4xx_exti.o ABSOLUTE
    ..\\STM32F4xx_StdPeriph_Driver\\src\\stm32f4xx_flash.c 0x00000000   Number         0  stm32f4xx_flash.o ABSOLUTE
    ..\\STM32F4xx_StdPeriph_Driver\\src\\stm32f4xx_fsmc.c 0x00000000   Number         0  stm32f4xx_fsmc.o ABSOLUTE
    ..\\STM32F4xx_StdPeriph_Driver\\src\\stm32f4xx_gpio.c 0x00000000   Number         0  stm32f4xx_gpio.o ABSOLUTE
    ..\\STM32F4xx_StdPeriph_Driver\\src\\stm32f4xx_hash.c 0x00000000   Number         0  stm32f4xx_hash.o ABSOLUTE
    ..\\STM32F4xx_StdPeriph_Driver\\src\\stm32f4xx_hash_md5.c 0x00000000   Number         0  stm32f4xx_hash_md5.o ABSOLUTE
    ..\\STM32F4xx_StdPeriph_Driver\\src\\stm32f4xx_hash_sha1.c 0x00000000   Number         0  stm32f4xx_hash_sha1.o ABSOLUTE
    ..\\STM32F4xx_StdPeriph_Driver\\src\\stm32f4xx_i2c.c 0x00000000   Number         0  stm32f4xx_i2c.o ABSOLUTE
    ..\\STM32F4xx_StdPeriph_Driver\\src\\stm32f4xx_iwdg.c 0x00000000   Number         0  stm32f4xx_iwdg.o ABSOLUTE
    ..\\STM32F4xx_StdPeriph_Driver\\src\\stm32f4xx_pwr.c 0x00000000   Number         0  stm32f4xx_pwr.o ABSOLUTE
    ..\\STM32F4xx_StdPeriph_Driver\\src\\stm32f4xx_rcc.c 0x00000000   Number         0  stm32f4xx_rcc.o ABSOLUTE
    ..\\STM32F4xx_StdPeriph_Driver\\src\\stm32f4xx_rng.c 0x00000000   Number         0  stm32f4xx_rng.o ABSOLUTE
    ..\\STM32F4xx_StdPeriph_Driver\\src\\stm32f4xx_rtc.c 0x00000000   Number         0  stm32f4xx_rtc.o ABSOLUTE
    ..\\STM32F4xx_StdPeriph_Driver\\src\\stm32f4xx_sdio.c 0x00000000   Number         0  stm32f4xx_sdio.o ABSOLUTE
    ..\\STM32F4xx_StdPeriph_Driver\\src\\stm32f4xx_spi.c 0x00000000   Number         0  stm32f4xx_spi.o ABSOLUTE
    ..\\STM32F4xx_StdPeriph_Driver\\src\\stm32f4xx_syscfg.c 0x00000000   Number         0  stm32f4xx_syscfg.o ABSOLUTE
    ..\\STM32F4xx_StdPeriph_Driver\\src\\stm32f4xx_tim.c 0x00000000   Number         0  stm32f4xx_tim.o ABSOLUTE
    ..\\STM32F4xx_StdPeriph_Driver\\src\\stm32f4xx_usart.c 0x00000000   Number         0  stm32f4xx_usart.o ABSOLUTE
    ..\\STM32F4xx_StdPeriph_Driver\\src\\stm32f4xx_wwdg.c 0x00000000   Number         0  stm32f4xx_wwdg.o ABSOLUTE
    ..\\TIM_Config.c                         0x00000000   Number         0  tim_config.o ABSOLUTE
    ..\\fputc_debug.c                        0x00000000   Number         0  fputc_debug.o ABSOLUTE
    ..\\rt_CMSIS.c                           0x00000000   Number         0  rt_cmsis.o ABSOLUTE
    ..\\rt_System.c                          0x00000000   Number         0  rt_system.o ABSOLUTE
    ..\\stm32f4_discovery_lis302dl.c         0x00000000   Number         0  stm32f4_discovery_lis302dl.o ABSOLUTE
    ..\fputc_debug.c                         0x00000000   Number         0  fputc_debug.o ABSOLUTE
    ..\main.c                                0x00000000   Number         0  main.o ABSOLUTE
    ..\rt_CMSIS.c                            0x00000000   Number         0  rt_cmsis.o ABSOLUTE
    ..\rt_Event.c                            0x00000000   Number         0  rt_event.o ABSOLUTE
    ..\rt_List.c                             0x00000000   Number         0  rt_list.o ABSOLUTE
    ..\rt_Mailbox.c                          0x00000000   Number         0  rt_mailbox.o ABSOLUTE
    ..\rt_MemBox.c                           0x00000000   Number         0  rt_membox.o ABSOLUTE
    ..\rt_Memory.c                           0x00000000   Number         0  rt_memory.o ABSOLUTE
    ..\rt_Mutex.c                            0x00000000   Number         0  rt_mutex.o ABSOLUTE
    ..\rt_Robin.c                            0x00000000   Number         0  rt_robin.o ABSOLUTE
    ..\rt_Semaphore.c                        0x00000000   Number         0  rt_semaphore.o ABSOLUTE
    ..\rt_System.c                           0x00000000   Number         0  rt_system.o ABSOLUTE
    ..\rt_Task.c                             0x00000000   Number         0  rt_task.o ABSOLUTE
    ..\rt_Time.c                             0x00000000   Number         0  rt_time.o ABSOLUTE
    ..\stm32f4_discovery_lis302dl.c          0x00000000   Number         0  stm32f4_discovery_lis302dl.o ABSOLUTE
    ..\system_stm32f4xx.c                    0x00000000   Number         0  system_stm32f4xx.o ABSOLUTE
    HAL_CM4.c                                0x00000000   Number         0  hal_cm4.o ABSOLUTE
    HAL_CM4.c                                0x00000000   Number         0  hal_cm4.o ABSOLUTE
    SVC_Table.s                              0x00000000   Number         0  SVC_Table.o ABSOLUTE
    cdrcmple.s                               0x00000000   Number         0  cdrcmple.o ABSOLUTE
    dc.s                                     0x00000000   Number         0  dc.o ABSOLUTE
    handlers.s                               0x00000000   Number         0  handlers.o ABSOLUTE
    init.s                                   0x00000000   Number         0  init.o ABSOLUTE
    RESET                                    0x08000000   Section      392  startup_stm32f4xx.o(RESET)
    .ARM.Collect$$$$00000000                 0x08000188   Section        0  entry.o(.ARM.Collect$$$$00000000)
    .ARM.Collect$$$$00000001                 0x08000188   Section        4  entry2.o(.ARM.Collect$$$$00000001)
    .ARM.Collect$$$$00000004                 0x0800018c   Section        4  entry5.o(.ARM.Collect$$$$00000004)
    .ARM.Collect$$$$00000008                 0x08000190   Section        0  entry7b.o(.ARM.Collect$$$$00000008)
    .ARM.Collect$$$$0000000A                 0x08000190   Section        0  entry8b.o(.ARM.Collect$$$$0000000A)
    .ARM.Collect$$$$0000000D                 0x08000190   Section        0  entry10a.o(.ARM.Collect$$$$0000000D)
    .ARM.Collect$$$$0000000F                 0x08000190   Section        0  entry11a.o(.ARM.Collect$$$$0000000F)
    .ARM.Collect$$$$000000FF                 0x08000190   Section        0  rtx_conf_cm.o(.ARM.Collect$$$$000000FF)
    .ARM.Collect$$$$00002712                 0x080001a0   Section        4  entry2.o(.ARM.Collect$$$$00002712)
    __lit__00000000                          0x080001a0   Data           4  entry2.o(.ARM.Collect$$$$00002712)
    .emb_text                                0x080001a4   Section      372  hal_cm4.o(.emb_text)
    $v0                                      0x080001a4   Number         0  hal_cm4.o(.emb_text)
    .text                                    0x08000318   Section        0  system_stm32f4xx.o(.text)
    SetSysClock                              0x08000319   Thumb Code   218  system_stm32f4xx.o(.text)
    .text                                    0x08000524   Section       36  startup_stm32f4xx.o(.text)
    $v0                                      0x08000524   Number         0  startup_stm32f4xx.o(.text)
    .text                                    0x08000548   Section        0  rtx_conf_cm.o(.text)
    .text                                    0x08000550   Section        0  main.o(.text)
    .text                                    0x080006a8   Section        0  spi_controller.o(.text)
    .text                                    0x080007b8   Section        0  radio_driver.o(.text)
    .text                                    0x08000ac4   Section        0  tim_config.o(.text)
    .text                                    0x08000d64   Section        0  interrupt_conf.o(.text)
    .text                                    0x08000e60   Section        0  fputc_debug.o(.text)
    ITM_SendChar                             0x08000e61   Thumb Code    42  fputc_debug.o(.text)
    .text                                    0x08000eac   Section        0  misc.o(.text)
    .text                                    0x08000f90   Section        0  stm32f4xx_exti.o(.text)
    .text                                    0x080010ac   Section        0  stm32f4xx_gpio.o(.text)
    .text                                    0x08001308   Section        0  stm32f4xx_rcc.o(.text)
    .text                                    0x08001890   Section        0  stm32f4xx_spi.o(.text)
    .text                                    0x08001c84   Section        0  stm32f4xx_syscfg.o(.text)
    .text                                    0x08001d10   Section        0  stm32f4xx_tim.o(.text)
    TI4_Config                               0x080024af   Thumb Code    80  stm32f4xx_tim.o(.text)
    TI3_Config                               0x08002511   Thumb Code    72  stm32f4xx_tim.o(.text)
    TI2_Config                               0x08002573   Thumb Code    90  stm32f4xx_tim.o(.text)
    TI1_Config                               0x080025df   Thumb Code    58  stm32f4xx_tim.o(.text)
    .text                                    0x080029b2   Section        0  uldiv.o(.text)
    .text                                    0x08002a14   Section       36  init.o(.text)
    .text                                    0x08002a38   Section        0  llshl.o(.text)
    .text                                    0x08002a56   Section        0  llushr.o(.text)
    SVC_TABLE                                0x08002a78   Section        4  SVC_Table.o(SVC_TABLE)
    i.__0printf$5                            0x08002a7c   Section        0  printf5.o(i.__0printf$5)
    i.__scatterload_copy                     0x08002a9c   Section       14  handlers.o(i.__scatterload_copy)
    i.__scatterload_null                     0x08002aaa   Section        2  handlers.o(i.__scatterload_null)
    i.__scatterload_zeroinit                 0x08002aac   Section       14  handlers.o(i.__scatterload_zeroinit)
    i._init_box                              0x08002aba   Section        0  rt_membox.o(i._init_box)
    i._printf_core                           0x08002b00   Section        0  printf5.o(i._printf_core)
    _printf_core                             0x08002b01   Thumb Code   658  printf5.o(i._printf_core)
    i.dbg_init                               0x08002dc0   Section        0  hal_cm.o(i.dbg_init)
    i.dbg_task_notify                        0x08002df0   Section        0  hal_cm.o(i.dbg_task_notify)
    i.dbg_task_switch                        0x08002e10   Section        0  hal_cm.o(i.dbg_task_switch)
    i.isrMessagePut                          0x08002e20   Section        0  rt_cmsis.o(i.isrMessagePut)
    isrMessagePut                            0x08002e21   Thumb Code    44  rt_cmsis.o(i.isrMessagePut)
    i.isr_evt_set                            0x08002e4c   Section        0  rt_event.o(i.isr_evt_set)
    i.isr_mbx_receive                        0x08002e74   Section        0  rt_mailbox.o(i.isr_mbx_receive)
    i.isr_mbx_send                           0x08002ec4   Section        0  rt_mailbox.o(i.isr_mbx_send)
    i.osDelay                                0x08002ed4   Section        0  rt_cmsis.o(i.osDelay)
    i.osKernelStart                          0x08002eec   Section        0  rt_cmsis.o(i.osKernelStart)
    i.osMessageGet                           0x08002f54   Section        0  rt_cmsis.o(i.osMessageGet)
    i.osSignalSet                            0x08002f98   Section        0  rt_cmsis.o(i.osSignalSet)
    i.osSignalWait                           0x08002fcc   Section        0  rt_cmsis.o(i.osSignalWait)
    i.osThreadCreate                         0x08002fe4   Section        0  rt_cmsis.o(i.osThreadCreate)
    i.osThreadExit                           0x08002ffc   Section        0  rt_cmsis.o(i.osThreadExit)
    i.osTimerCall                            0x08003014   Section        0  rt_cmsis.o(i.osTimerCall)
    i.osTimerThread                          0x08003020   Section        0  rt_cmsis.o(i.osTimerThread)
    i.rt_alloc_box                           0x0800304c   Section        0  rt_membox.o(i.rt_alloc_box)
    i.rt_alloc_mem                           0x08003068   Section        0  rt_memory.o(i.rt_alloc_mem)
    i.rt_block                               0x080030a4   Section        0  rt_task.o(i.rt_block)
    i.rt_chk_robin                           0x080030dc   Section        0  rt_robin.o(i.rt_chk_robin)
    i.rt_dec_dly                             0x08003124   Section        0  rt_list.o(i.rt_dec_dly)
    i.rt_dispatch                            0x08003194   Section        0  rt_task.o(i.rt_dispatch)
    i.rt_dly_wait                            0x080031d8   Section        0  rt_time.o(i.rt_dly_wait)
    i.rt_evt_psh                             0x080031e0   Section        0  rt_event.o(i.rt_evt_psh)
    i.rt_evt_set                             0x08003230   Section        0  rt_event.o(i.rt_evt_set)
    i.rt_evt_wait                            0x0800328c   Section        0  rt_event.o(i.rt_evt_wait)
    i.rt_free_box                            0x080032cc   Section        0  rt_membox.o(i.rt_free_box)
    i.rt_free_mem                            0x080032ec   Section        0  rt_memory.o(i.rt_free_mem)
    i.rt_get_first                           0x08003314   Section        0  rt_list.o(i.rt_get_first)
    i.rt_id2obj                              0x0800333c   Section        0  rt_cmsis.o(i.rt_id2obj)
    rt_id2obj                                0x0800333d   Thumb Code     8  rt_cmsis.o(i.rt_id2obj)
    i.rt_init_context                        0x08003344   Section        0  rt_task.o(i.rt_init_context)
    rt_init_context                          0x08003345   Thumb Code    60  rt_task.o(i.rt_init_context)
    i.rt_init_mem                            0x08003384   Section        0  rt_memory.o(i.rt_init_mem)
    i.rt_init_robin                          0x080033a0   Section        0  rt_robin.o(i.rt_init_robin)
    i.rt_init_stack                          0x080033b8   Section        0  hal_cm.o(i.rt_init_stack)
    i.rt_mbx_check                           0x08003408   Section        0  rt_mailbox.o(i.rt_mbx_check)
    i.rt_mbx_init                            0x08003410   Section        0  rt_mailbox.o(i.rt_mbx_init)
    i.rt_mbx_psh                             0x0800342c   Section        0  rt_mailbox.o(i.rt_mbx_psh)
    i.rt_mbx_wait                            0x08003528   Section        0  rt_mailbox.o(i.rt_mbx_wait)
    i.rt_ms2tick                             0x080035dc   Section        0  rt_cmsis.o(i.rt_ms2tick)
    rt_ms2tick                               0x080035dd   Thumb Code    50  rt_cmsis.o(i.rt_ms2tick)
    i.rt_pop_req                             0x08003618   Section        0  rt_system.o(i.rt_pop_req)
    i.rt_psh_req                             0x08003690   Section        0  rt_system.o(i.rt_psh_req)
    i.rt_psq_enq                             0x080036b0   Section        0  rt_list.o(i.rt_psq_enq)
    i.rt_put_dly                             0x08003708   Section        0  rt_list.o(i.rt_put_dly)
    i.rt_put_prio                            0x08003764   Section        0  rt_list.o(i.rt_put_prio)
    i.rt_put_rdy_first                       0x0800379c   Section        0  rt_list.o(i.rt_put_rdy_first)
    i.rt_ret_regs                            0x080037b0   Section        0  hal_cm.o(i.rt_ret_regs)
    rt_ret_regs                              0x080037b1   Thumb Code    16  hal_cm.o(i.rt_ret_regs)
    i.rt_ret_val                             0x080037c0   Section        0  hal_cm.o(i.rt_ret_val)
    i.rt_ret_val2                            0x080037cc   Section        0  hal_cm.o(i.rt_ret_val2)
    i.rt_rmv_dly                             0x080037dc   Section        0  rt_list.o(i.rt_rmv_dly)
    i.rt_rmv_list                            0x08003804   Section        0  rt_list.o(i.rt_rmv_list)
    i.rt_sem_psh                             0x08003834   Section        0  rt_semaphore.o(i.rt_sem_psh)
    i.rt_stk_check                           0x08003868   Section        0  rt_system.o(i.rt_stk_check)
    i.rt_switch_req                          0x0800388c   Section        0  rt_task.o(i.rt_switch_req)
    i.rt_sys_init                            0x080038b4   Section        0  rt_task.o(i.rt_sys_init)
    i.rt_systick                             0x080039f4   Section        0  rt_system.o(i.rt_systick)
    i.rt_tid2ptcb                            0x08003a30   Section        0  rt_cmsis.o(i.rt_tid2ptcb)
    rt_tid2ptcb                              0x08003a31   Thumb Code    18  rt_cmsis.o(i.rt_tid2ptcb)
    i.rt_timer_insert                        0x08003a44   Section        0  rt_cmsis.o(i.rt_timer_insert)
    rt_timer_insert                          0x08003a45   Thumb Code    56  rt_cmsis.o(i.rt_timer_insert)
    i.rt_tsk_create                          0x08003a80   Section        0  rt_task.o(i.rt_tsk_create)
    i.rt_tsk_delete                          0x08003b00   Section        0  rt_task.o(i.rt_tsk_delete)
    i.rt_tsk_self                            0x08003bac   Section        0  rt_task.o(i.rt_tsk_self)
    i.svcDelay                               0x08003bbc   Section        0  rt_cmsis.o(i.svcDelay)
    i.svcKernelStart                         0x08003bd0   Section        0  rt_cmsis.o(i.svcKernelStart)
    i.svcMessageCreate                       0x08003ca4   Section        0  rt_cmsis.o(i.svcMessageCreate)
    i.svcMessageGet                          0x08003cc8   Section        0  rt_cmsis.o(i.svcMessageGet)
    i.svcSignalSet                           0x08003d02   Section        0  rt_cmsis.o(i.svcSignalSet)
    i.svcSignalWait                          0x08003d28   Section        0  rt_cmsis.o(i.svcSignalWait)
    i.svcThreadCreate                        0x08003d7c   Section        0  rt_cmsis.o(i.svcThreadCreate)
    i.svcThreadGetId                         0x08003dec   Section        0  rt_cmsis.o(i.svcThreadGetId)
    i.svcThreadTerminate                     0x08003e08   Section        0  rt_cmsis.o(i.svcThreadTerminate)
    i.svcTimerCall                           0x08003e40   Section        0  rt_cmsis.o(i.svcTimerCall)
    i.sysTimerTick                           0x08003e58   Section        0  rt_cmsis.o(i.sysTimerTick)
    .constdata                               0x08003eac   Section       88  rtx_conf_cm.o(.constdata)
    __tagsym$$used                           0x08003ec0   Number         0  rtx_conf_cm.o(.constdata)
    __tagsym$$used                           0x08003ec4   Number         0  rtx_conf_cm.o(.constdata)
    .constdata                               0x08003f04   Section       40  main.o(.constdata)
    .bss                                     0x10000000   Section     6992  rtx_conf_cm.o(.bss)
    .data                                    0x20000000   Section       20  system_stm32f4xx.o(.data)
    .data                                    0x20000014   Section       16  rtx_conf_cm.o(.data)
    .data                                    0x20000024   Section        8  main.o(.data)
    .data                                    0x2000002c   Section        6  tim_config.o(.data)
    .data                                    0x20000034   Section        8  fputc_debug.o(.data)
    .data                                    0x2000003c   Section       16  stm32f4xx_rcc.o(.data)
    APBAHBPrescTable                         0x2000003c   Data          16  stm32f4xx_rcc.o(.data)
    .data                                    0x2000004c   Section        4  rt_cmsis.o(.data)
    .data                                    0x20000050   Section        8  rt_task.o(.data)
    .data                                    0x20000058   Section        3  rt_system.o(.data)
    os_lock                                  0x20000058   Data           1  rt_system.o(.data)
    os_psh_flag                              0x20000059   Data           1  rt_system.o(.data)
    pend_flags                               0x2000005a   Data           1  rt_system.o(.data)
    .data                                    0x2000005c   Section        2  rt_time.o(.data)
    .data                                    0x2000005e   Section        1  hal_cm.o(.data)
    .data                                    0x20000060   Section        8  rt_robin.o(.data)
    .bss                                     0x20000068   Section       48  rt_task.o(.bss)
    .bss                                     0x20000098   Section       48  rt_list.o(.bss)
    STACK                                    0x200000c8   Section     1024  startup_stm32f4xx.o(STACK)

    Global Symbols

    Symbol Name                              Value     Ov Type        Size  Object(Section)

    BuildAttributes$$THM_ISAv4$E$P$D$K$B$S$7EM$VFPi3$EXTD16$VFPS$VFMA$PE$A:L22UL41UL21$X:L11$S22US41US21$IEEE1$IW$USESV6$~STKCKD$USESV7$~SHL$OSPACE$ROPI$EBA8$MICROLIB$REQ8$PRES8$EABIv2 0x00000000   Number         0  anon$$obj.o ABSOLUTE
    __ARM_use_no_argv                        0x00000000   Number         0  main.o ABSOLUTE
    __use_no_errno                           0x00000000   Number         0  useno.o ABSOLUTE
    __use_no_exception_handling              0x00000000   Number         0  useno.o ABSOLUTE
    __use_no_fp                              0x00000000   Number         0  useno.o ABSOLUTE
    __use_no_heap                            0x00000000   Number         0  useno.o ABSOLUTE
    __use_no_heap_region                     0x00000000   Number         0  useno.o ABSOLUTE
    __use_no_semihosting                     0x00000000   Number         0  useno.o ABSOLUTE
    __use_no_semihosting_swi                 0x00000000   Number         0  useno.o ABSOLUTE
    __use_no_signal_handling                 0x00000000   Number         0  useno.o ABSOLUTE
    _printf_a                                0x00000000   Number         0  stubs.o ABSOLUTE
    _printf_c                                0x00000000   Number         0  stubs.o ABSOLUTE
    _printf_charcount                        0x00000000   Number         0  stubs.o ABSOLUTE
    _printf_d                                0x00000000   Number         0  stubs.o ABSOLUTE
    _printf_e                                0x00000000   Number         0  stubs.o ABSOLUTE
    _printf_f                                0x00000000   Number         0  stubs.o ABSOLUTE
    _printf_flags                            0x00000000   Number         0  stubs.o ABSOLUTE
    _printf_fp_dec                           0x00000000   Number         0  stubs.o ABSOLUTE
    _printf_fp_hex                           0x00000000   Number         0  stubs.o ABSOLUTE
    _printf_g                                0x00000000   Number         0  stubs.o ABSOLUTE
    _printf_i                                0x00000000   Number         0  stubs.o ABSOLUTE
    _printf_int_dec                          0x00000000   Number         0  stubs.o ABSOLUTE
    _printf_l                                0x00000000   Number         0  stubs.o ABSOLUTE
    _printf_lc                               0x00000000   Number         0  stubs.o ABSOLUTE
    _printf_ll                               0x00000000   Number         0  stubs.o ABSOLUTE
    _printf_lld                              0x00000000   Number         0  stubs.o ABSOLUTE
    _printf_lli                              0x00000000   Number         0  stubs.o ABSOLUTE
    _printf_llo                              0x00000000   Number         0  stubs.o ABSOLUTE
    _printf_llu                              0x00000000   Number         0  stubs.o ABSOLUTE
    _printf_llx                              0x00000000   Number         0  stubs.o ABSOLUTE
    _printf_longlong_dec                     0x00000000   Number         0  stubs.o ABSOLUTE
    _printf_longlong_hex                     0x00000000   Number         0  stubs.o ABSOLUTE
    _printf_longlong_oct                     0x00000000   Number         0  stubs.o ABSOLUTE
    _printf_ls                               0x00000000   Number         0  stubs.o ABSOLUTE
    _printf_mbtowc                           0x00000000   Number         0  stubs.o ABSOLUTE
    _printf_n                                0x00000000   Number         0  stubs.o ABSOLUTE
    _printf_o                                0x00000000   Number         0  stubs.o ABSOLUTE
    _printf_p                                0x00000000   Number         0  stubs.o ABSOLUTE
    _printf_percent                          0x00000000   Number         0  stubs.o ABSOLUTE
    _printf_pre_padding                      0x00000000   Number         0  stubs.o ABSOLUTE
    _printf_return_value                     0x00000000   Number         0  stubs.o ABSOLUTE
    _printf_s                                0x00000000   Number         0  stubs.o ABSOLUTE
    _printf_sizespec                         0x00000000   Number         0  stubs.o ABSOLUTE
    _printf_str                              0x00000000   Number         0  stubs.o ABSOLUTE
    _printf_truncate_signed                  0x00000000   Number         0  stubs.o ABSOLUTE
    _printf_truncate_unsigned                0x00000000   Number         0  stubs.o ABSOLUTE
    _printf_u                                0x00000000   Number         0  stubs.o ABSOLUTE
    _printf_wc                               0x00000000   Number         0  stubs.o ABSOLUTE
    _printf_wctomb                           0x00000000   Number         0  stubs.o ABSOLUTE
    _printf_widthprec                        0x00000000   Number         0  stubs.o ABSOLUTE
    _printf_x                                0x00000000   Number         0  stubs.o ABSOLUTE
    __cpp_initialize__aeabi_                  - Undefined Weak Reference
    __cxa_finalize                            - Undefined Weak Reference
    __decompress                              - Undefined Weak Reference
    _clock_init                               - Undefined Weak Reference
    _microlib_exit                            - Undefined Weak Reference
    __Vectors_Size                           0x00000188   Number         0  startup_stm32f4xx.o ABSOLUTE
    __RL_RTX_VER                             0x00000422   Number         0  rt_system.o ABSOLUTE
    __Vectors                                0x08000000   Data           4  startup_stm32f4xx.o(RESET)
    __Vectors_End                            0x08000188   Data           0  startup_stm32f4xx.o(RESET)
    __main                                   0x08000189   Thumb Code     0  entry.o(.ARM.Collect$$$$00000000)
    _main_stk                                0x08000189   Thumb Code     0  entry2.o(.ARM.Collect$$$$00000001)
    _main_scatterload                        0x0800018d   Thumb Code     0  entry5.o(.ARM.Collect$$$$00000004)
    __main_after_scatterload                 0x08000191   Thumb Code     0  entry5.o(.ARM.Collect$$$$00000004)
    __rt_final_cpp                           0x08000191   Thumb Code     0  entry10a.o(.ARM.Collect$$$$0000000D)
    __rt_final_exit                          0x08000191   Thumb Code     0  entry11a.o(.ARM.Collect$$$$0000000F)
    _main_clock                              0x08000191   Thumb Code     0  entry7b.o(.ARM.Collect$$$$00000008)
    _main_cpp_init                           0x08000191   Thumb Code     0  entry8b.o(.ARM.Collect$$$$0000000A)
    _main_init                               0x08000191   Thumb Code    10  rtx_conf_cm.o(.ARM.Collect$$$$000000FF)
    rt_set_PSP                               0x080001a5   Thumb Code     6  hal_cm4.o(.emb_text)
    os_set_env                               0x080001ab   Thumb Code    26  hal_cm4.o(.emb_text)
    _alloc_box                               0x080001c9   Thumb Code    28  hal_cm4.o(.emb_text)
    _free_box                                0x080001e9   Thumb Code    28  hal_cm4.o(.emb_text)
    SVC_Handler                              0x08000209   Thumb Code   152  hal_cm4.o(.emb_text)
    PendSV_Handler                           0x080002ad   Thumb Code     0  hal_cm4.o(.emb_text)
    Sys_Handler                              0x080002ad   Thumb Code   104  hal_cm4.o(.emb_text)
    SysTick_Handler                          0x0800030d   Thumb Code     0  hal_cm4.o(.emb_text)
    SystemInit                               0x080003f3   Thumb Code    88  system_stm32f4xx.o(.text)
    SystemCoreClockUpdate                    0x0800044b   Thumb Code   174  system_stm32f4xx.o(.text)
    Reset_Handler                            0x08000525   Thumb Code     8  startup_stm32f4xx.o(.text)
    NMI_Handler                              0x0800052d   Thumb Code     2  startup_stm32f4xx.o(.text)
    HardFault_Handler                        0x0800052f   Thumb Code     2  startup_stm32f4xx.o(.text)
    MemManage_Handler                        0x08000531   Thumb Code     2  startup_stm32f4xx.o(.text)
    BusFault_Handler                         0x08000533   Thumb Code     2  startup_stm32f4xx.o(.text)
    UsageFault_Handler                       0x08000535   Thumb Code     2  startup_stm32f4xx.o(.text)
    DebugMon_Handler                         0x08000539   Thumb Code     2  startup_stm32f4xx.o(.text)
    ADC_IRQHandler                           0x0800053f   Thumb Code     0  startup_stm32f4xx.o(.text)
    CAN1_RX0_IRQHandler                      0x0800053f   Thumb Code     0  startup_stm32f4xx.o(.text)
    CAN1_RX1_IRQHandler                      0x0800053f   Thumb Code     0  startup_stm32f4xx.o(.text)
    CAN1_SCE_IRQHandler                      0x0800053f   Thumb Code     0  startup_stm32f4xx.o(.text)
    CAN1_TX_IRQHandler                       0x0800053f   Thumb Code     0  startup_stm32f4xx.o(.text)
    CAN2_RX0_IRQHandler                      0x0800053f   Thumb Code     0  startup_stm32f4xx.o(.text)
    CAN2_RX1_IRQHandler                      0x0800053f   Thumb Code     0  startup_stm32f4xx.o(.text)
    CAN2_SCE_IRQHandler                      0x0800053f   Thumb Code     0  startup_stm32f4xx.o(.text)
    CAN2_TX_IRQHandler                       0x0800053f   Thumb Code     0  startup_stm32f4xx.o(.text)
    CRYP_IRQHandler                          0x0800053f   Thumb Code     0  startup_stm32f4xx.o(.text)
    DCMI_IRQHandler                          0x0800053f   Thumb Code     0  startup_stm32f4xx.o(.text)
    DMA1_Stream0_IRQHandler                  0x0800053f   Thumb Code     0  startup_stm32f4xx.o(.text)
    DMA1_Stream1_IRQHandler                  0x0800053f   Thumb Code     0  startup_stm32f4xx.o(.text)
    DMA1_Stream2_IRQHandler                  0x0800053f   Thumb Code     0  startup_stm32f4xx.o(.text)
    DMA1_Stream3_IRQHandler                  0x0800053f   Thumb Code     0  startup_stm32f4xx.o(.text)
    DMA1_Stream4_IRQHandler                  0x0800053f   Thumb Code     0  startup_stm32f4xx.o(.text)
    DMA1_Stream5_IRQHandler                  0x0800053f   Thumb Code     0  startup_stm32f4xx.o(.text)
    DMA1_Stream6_IRQHandler                  0x0800053f   Thumb Code     0  startup_stm32f4xx.o(.text)
    DMA1_Stream7_IRQHandler                  0x0800053f   Thumb Code     0  startup_stm32f4xx.o(.text)
    DMA2_Stream0_IRQHandler                  0x0800053f   Thumb Code     0  startup_stm32f4xx.o(.text)
    DMA2_Stream1_IRQHandler                  0x0800053f   Thumb Code     0  startup_stm32f4xx.o(.text)
    DMA2_Stream2_IRQHandler                  0x0800053f   Thumb Code     0  startup_stm32f4xx.o(.text)
    DMA2_Stream3_IRQHandler                  0x0800053f   Thumb Code     0  startup_stm32f4xx.o(.text)
    DMA2_Stream4_IRQHandler                  0x0800053f   Thumb Code     0  startup_stm32f4xx.o(.text)
    DMA2_Stream5_IRQHandler                  0x0800053f   Thumb Code     0  startup_stm32f4xx.o(.text)
    DMA2_Stream6_IRQHandler                  0x0800053f   Thumb Code     0  startup_stm32f4xx.o(.text)
    DMA2_Stream7_IRQHandler                  0x0800053f   Thumb Code     0  startup_stm32f4xx.o(.text)
    ETH_IRQHandler                           0x0800053f   Thumb Code     0  startup_stm32f4xx.o(.text)
    ETH_WKUP_IRQHandler                      0x0800053f   Thumb Code     0  startup_stm32f4xx.o(.text)
    EXTI0_IRQHandler                         0x0800053f   Thumb Code     0  startup_stm32f4xx.o(.text)
    EXTI15_10_IRQHandler                     0x0800053f   Thumb Code     0  startup_stm32f4xx.o(.text)
    EXTI2_IRQHandler                         0x0800053f   Thumb Code     0  startup_stm32f4xx.o(.text)
    EXTI3_IRQHandler                         0x0800053f   Thumb Code     0  startup_stm32f4xx.o(.text)
    EXTI4_IRQHandler                         0x0800053f   Thumb Code     0  startup_stm32f4xx.o(.text)
    EXTI9_5_IRQHandler                       0x0800053f   Thumb Code     0  startup_stm32f4xx.o(.text)
    FLASH_IRQHandler                         0x0800053f   Thumb Code     0  startup_stm32f4xx.o(.text)
    FPU_IRQHandler                           0x0800053f   Thumb Code     0  startup_stm32f4xx.o(.text)
    FSMC_IRQHandler                          0x0800053f   Thumb Code     0  startup_stm32f4xx.o(.text)
    HASH_RNG_IRQHandler                      0x0800053f   Thumb Code     0  startup_stm32f4xx.o(.text)
    I2C1_ER_IRQHandler                       0x0800053f   Thumb Code     0  startup_stm32f4xx.o(.text)
    I2C1_EV_IRQHandler                       0x0800053f   Thumb Code     0  startup_stm32f4xx.o(.text)
    I2C2_ER_IRQHandler                       0x0800053f   Thumb Code     0  startup_stm32f4xx.o(.text)
    I2C2_EV_IRQHandler                       0x0800053f   Thumb Code     0  startup_stm32f4xx.o(.text)
    I2C3_ER_IRQHandler                       0x0800053f   Thumb Code     0  startup_stm32f4xx.o(.text)
    I2C3_EV_IRQHandler                       0x0800053f   Thumb Code     0  startup_stm32f4xx.o(.text)
    OTG_FS_IRQHandler                        0x0800053f   Thumb Code     0  startup_stm32f4xx.o(.text)
    OTG_FS_WKUP_IRQHandler                   0x0800053f   Thumb Code     0  startup_stm32f4xx.o(.text)
    OTG_HS_EP1_IN_IRQHandler                 0x0800053f   Thumb Code     0  startup_stm32f4xx.o(.text)
    OTG_HS_EP1_OUT_IRQHandler                0x0800053f   Thumb Code     0  startup_stm32f4xx.o(.text)
    OTG_HS_IRQHandler                        0x0800053f   Thumb Code     0  startup_stm32f4xx.o(.text)
    OTG_HS_WKUP_IRQHandler                   0x0800053f   Thumb Code     0  startup_stm32f4xx.o(.text)
    PVD_IRQHandler                           0x0800053f   Thumb Code     0  startup_stm32f4xx.o(.text)
    RCC_IRQHandler                           0x0800053f   Thumb Code     0  startup_stm32f4xx.o(.text)
    RTC_Alarm_IRQHandler                     0x0800053f   Thumb Code     0  startup_stm32f4xx.o(.text)
    RTC_WKUP_IRQHandler                      0x0800053f   Thumb Code     0  startup_stm32f4xx.o(.text)
    SDIO_IRQHandler                          0x0800053f   Thumb Code     0  startup_stm32f4xx.o(.text)
    SPI1_IRQHandler                          0x0800053f   Thumb Code     0  startup_stm32f4xx.o(.text)
    SPI2_IRQHandler                          0x0800053f   Thumb Code     0  startup_stm32f4xx.o(.text)
    SPI3_IRQHandler                          0x0800053f   Thumb Code     0  startup_stm32f4xx.o(.text)
    TAMP_STAMP_IRQHandler                    0x0800053f   Thumb Code     0  startup_stm32f4xx.o(.text)
    TIM1_BRK_TIM9_IRQHandler                 0x0800053f   Thumb Code     0  startup_stm32f4xx.o(.text)
    TIM1_CC_IRQHandler                       0x0800053f   Thumb Code     0  startup_stm32f4xx.o(.text)
    TIM1_TRG_COM_TIM11_IRQHandler            0x0800053f   Thumb Code     0  startup_stm32f4xx.o(.text)
    TIM1_UP_TIM10_IRQHandler                 0x0800053f   Thumb Code     0  startup_stm32f4xx.o(.text)
    TIM2_IRQHandler                          0x0800053f   Thumb Code     0  startup_stm32f4xx.o(.text)
    TIM4_IRQHandler                          0x0800053f   Thumb Code     0  startup_stm32f4xx.o(.text)
    TIM5_IRQHandler                          0x0800053f   Thumb Code     0  startup_stm32f4xx.o(.text)
    TIM6_DAC_IRQHandler                      0x0800053f   Thumb Code     0  startup_stm32f4xx.o(.text)
    TIM7_IRQHandler                          0x0800053f   Thumb Code     0  startup_stm32f4xx.o(.text)
    TIM8_BRK_TIM12_IRQHandler                0x0800053f   Thumb Code     0  startup_stm32f4xx.o(.text)
    TIM8_CC_IRQHandler                       0x0800053f   Thumb Code     0  startup_stm32f4xx.o(.text)
    TIM8_TRG_COM_TIM14_IRQHandler            0x0800053f   Thumb Code     0  startup_stm32f4xx.o(.text)
    TIM8_UP_TIM13_IRQHandler                 0x0800053f   Thumb Code     0  startup_stm32f4xx.o(.text)
    UART4_IRQHandler                         0x0800053f   Thumb Code     0  startup_stm32f4xx.o(.text)
    UART5_IRQHandler                         0x0800053f   Thumb Code     0  startup_stm32f4xx.o(.text)
    USART1_IRQHandler                        0x0800053f   Thumb Code     0  startup_stm32f4xx.o(.text)
    USART2_IRQHandler                        0x0800053f   Thumb Code     0  startup_stm32f4xx.o(.text)
    USART3_IRQHandler                        0x0800053f   Thumb Code     0  startup_stm32f4xx.o(.text)
    USART6_IRQHandler                        0x0800053f   Thumb Code     0  startup_stm32f4xx.o(.text)
    WWDG_IRQHandler                          0x0800053f   Thumb Code     0  startup_stm32f4xx.o(.text)
    os_idle_demon                            0x08000549   Thumb Code     4  rtx_conf_cm.o(.text)
    os_error                                 0x0800054d   Thumb Code     4  rtx_conf_cm.o(.text)
    TIM3_IRQHandler                          0x08000551   Thumb Code    42  main.o(.text)
    EXTI1_IRQHandler                         0x0800057b   Thumb Code    34  main.o(.text)
    main                                     0x0800059d   Thumb Code    40  main.o(.text)
    thread                                   0x080005c5   Thumb Code    72  main.o(.text)
    thread2                                  0x0800060d   Thumb Code    74  main.o(.text)
    init_SPI1                                0x080006a9   Thumb Code   210  spi_controller.o(.text)
    SPI1_send                                0x0800077b   Thumb Code    50  spi_controller.o(.text)
    set_cs                                   0x080007b9   Thumb Code    34  radio_driver.o(.text)
    check_so_pin                             0x080007db   Thumb Code    18  radio_driver.o(.text)
    send_one_byte                            0x080007ed   Thumb Code    78  radio_driver.o(.text)
    configure_cc2500                         0x0800083b   Thumb Code   424  radio_driver.o(.text)
    send_header                              0x080009e3   Thumb Code     6  radio_driver.o(.text)
    cmd_strobe_TX                            0x080009e9   Thumb Code    42  radio_driver.o(.text)
    cmd_strobe_RX                            0x08000a13   Thumb Code    42  radio_driver.o(.text)
    cmd_strobe_IDLE                          0x08000a3d   Thumb Code    42  radio_driver.o(.text)
    cmd_strobe_RXFLUSH                       0x08000a67   Thumb Code    42  radio_driver.o(.text)
    get_RX_bytes                             0x08000a91   Thumb Code    44  radio_driver.o(.text)
    configure_TIM3                           0x08000ac5   Thumb Code   160  tim_config.o(.text)
    configure_TIM2                           0x08000b65   Thumb Code   160  tim_config.o(.text)
    configure_TIM4_LEDS                      0x08000c05   Thumb Code   248  tim_config.o(.text)
    configure_EXTI_PushButton                0x08000d65   Thumb Code    74  interrupt_conf.o(.text)
    configure_EXTI_ClickDetect               0x08000daf   Thumb Code    66  interrupt_conf.o(.text)
    configure_RX_interrupt                   0x08000df1   Thumb Code   108  interrupt_conf.o(.text)
    fputc                                    0x08000e8b   Thumb Code    14  fputc_debug.o(.text)
    _ttywrch                                 0x08000e99   Thumb Code    12  fputc_debug.o(.text)
    _sys_exit                                0x08000ea5   Thumb Code     4  fputc_debug.o(.text)
    NVIC_PriorityGroupConfig                 0x08000ead   Thumb Code    10  misc.o(.text)
    NVIC_Init                                0x08000eb7   Thumb Code   108  misc.o(.text)
    NVIC_SetVectorTable                      0x08000f23   Thumb Code    14  misc.o(.text)
    NVIC_SystemLPConfig                      0x08000f31   Thumb Code    34  misc.o(.text)
    SysTick_CLKSourceConfig                  0x08000f53   Thumb Code    40  misc.o(.text)
    EXTI_DeInit                              0x08000f91   Thumb Code    28  stm32f4xx_exti.o(.text)
    EXTI_Init                                0x08000fad   Thumb Code   142  stm32f4xx_exti.o(.text)
    EXTI_StructInit                          0x0800103b   Thumb Code    16  stm32f4xx_exti.o(.text)
    EXTI_GenerateSWInterrupt                 0x0800104b   Thumb Code    16  stm32f4xx_exti.o(.text)
    EXTI_GetFlagStatus                       0x0800105b   Thumb Code    22  stm32f4xx_exti.o(.text)
    EXTI_ClearFlag                           0x08001071   Thumb Code     8  stm32f4xx_exti.o(.text)
    EXTI_GetITStatus                         0x08001079   Thumb Code    34  stm32f4xx_exti.o(.text)
    EXTI_ClearITPendingBit                   0x0800109b   Thumb Code     8  stm32f4xx_exti.o(.text)
    GPIO_DeInit                              0x080010ad   Thumb Code   220  stm32f4xx_gpio.o(.text)
    GPIO_Init                                0x08001189   Thumb Code   144  stm32f4xx_gpio.o(.text)
    GPIO_StructInit                          0x08001219   Thumb Code    18  stm32f4xx_gpio.o(.text)
    GPIO_PinLockConfig                       0x0800122b   Thumb Code    34  stm32f4xx_gpio.o(.text)
    GPIO_ReadInputDataBit                    0x0800124d   Thumb Code    18  stm32f4xx_gpio.o(.text)
    GPIO_ReadInputData                       0x0800125f   Thumb Code     8  stm32f4xx_gpio.o(.text)
    GPIO_ReadOutputDataBit                   0x08001267   Thumb Code    18  stm32f4xx_gpio.o(.text)
    GPIO_ReadOutputData                      0x08001279   Thumb Code     8  stm32f4xx_gpio.o(.text)
    GPIO_SetBits                             0x08001281   Thumb Code     4  stm32f4xx_gpio.o(.text)
    GPIO_ResetBits                           0x08001285   Thumb Code     4  stm32f4xx_gpio.o(.text)
    GPIO_WriteBit                            0x08001289   Thumb Code    10  stm32f4xx_gpio.o(.text)
    GPIO_Write                               0x08001293   Thumb Code     4  stm32f4xx_gpio.o(.text)
    GPIO_ToggleBits                          0x08001297   Thumb Code     8  stm32f4xx_gpio.o(.text)
    GPIO_PinAFConfig                         0x0800129f   Thumb Code    70  stm32f4xx_gpio.o(.text)
    RCC_DeInit                               0x08001309   Thumb Code    60  stm32f4xx_rcc.o(.text)
    RCC_HSEConfig                            0x08001345   Thumb Code    14  stm32f4xx_rcc.o(.text)
    RCC_GetFlagStatus                        0x08001353   Thumb Code    60  stm32f4xx_rcc.o(.text)
    RCC_WaitForHSEStartUp                    0x0800138f   Thumb Code    56  stm32f4xx_rcc.o(.text)
    RCC_AdjustHSICalibrationValue            0x080013c7   Thumb Code    20  stm32f4xx_rcc.o(.text)
    RCC_HSICmd                               0x080013db   Thumb Code     6  stm32f4xx_rcc.o(.text)
    RCC_LSEConfig                            0x080013e1   Thumb Code    46  stm32f4xx_rcc.o(.text)
    RCC_LSICmd                               0x0800140f   Thumb Code     6  stm32f4xx_rcc.o(.text)
    RCC_PLLConfig                            0x08001415   Thumb Code    32  stm32f4xx_rcc.o(.text)
    RCC_PLLCmd                               0x08001435   Thumb Code     6  stm32f4xx_rcc.o(.text)
    RCC_PLLI2SConfig                         0x0800143b   Thumb Code    14  stm32f4xx_rcc.o(.text)
    RCC_PLLI2SCmd                            0x08001449   Thumb Code     6  stm32f4xx_rcc.o(.text)
    RCC_ClockSecuritySystemCmd               0x0800144f   Thumb Code     6  stm32f4xx_rcc.o(.text)
    RCC_MCO1Config                           0x08001455   Thumb Code    28  stm32f4xx_rcc.o(.text)
    RCC_MCO2Config                           0x08001471   Thumb Code    28  stm32f4xx_rcc.o(.text)
    RCC_SYSCLKConfig                         0x0800148d   Thumb Code    20  stm32f4xx_rcc.o(.text)
    RCC_GetSYSCLKSource                      0x080014a1   Thumb Code    12  stm32f4xx_rcc.o(.text)
    RCC_HCLKConfig                           0x080014ad   Thumb Code    20  stm32f4xx_rcc.o(.text)
    RCC_PCLK1Config                          0x080014c1   Thumb Code    20  stm32f4xx_rcc.o(.text)
    RCC_PCLK2Config                          0x080014d5   Thumb Code    22  stm32f4xx_rcc.o(.text)
    RCC_GetClocksFreq                        0x080014eb   Thumb Code   222  stm32f4xx_rcc.o(.text)
    RCC_RTCCLKConfig                         0x080015c9   Thumb Code    54  stm32f4xx_rcc.o(.text)
    RCC_RTCCLKCmd                            0x080015ff   Thumb Code     8  stm32f4xx_rcc.o(.text)
    RCC_BackupResetCmd                       0x08001607   Thumb Code     8  stm32f4xx_rcc.o(.text)
    RCC_I2SCLKConfig                         0x0800160f   Thumb Code     6  stm32f4xx_rcc.o(.text)
    RCC_AHB1PeriphClockCmd                   0x08001615   Thumb Code    34  stm32f4xx_rcc.o(.text)
    RCC_AHB2PeriphClockCmd                   0x08001637   Thumb Code    34  stm32f4xx_rcc.o(.text)
    RCC_AHB3PeriphClockCmd                   0x08001659   Thumb Code    34  stm32f4xx_rcc.o(.text)
    RCC_APB1PeriphClockCmd                   0x0800167b   Thumb Code    34  stm32f4xx_rcc.o(.text)
    RCC_APB2PeriphClockCmd                   0x0800169d   Thumb Code    34  stm32f4xx_rcc.o(.text)
    RCC_AHB1PeriphResetCmd                   0x080016bf   Thumb Code    34  stm32f4xx_rcc.o(.text)
    RCC_AHB2PeriphResetCmd                   0x080016e1   Thumb Code    72  stm32f4xx_rcc.o(.text)
    RCC_AHB3PeriphResetCmd                   0x08001729   Thumb Code    34  stm32f4xx_rcc.o(.text)
    RCC_APB1PeriphResetCmd                   0x0800174b   Thumb Code    34  stm32f4xx_rcc.o(.text)
    RCC_APB2PeriphResetCmd                   0x0800176d   Thumb Code    34  stm32f4xx_rcc.o(.text)
    RCC_AHB1PeriphClockLPModeCmd             0x0800178f   Thumb Code    34  stm32f4xx_rcc.o(.text)
    RCC_AHB2PeriphClockLPModeCmd             0x080017b1   Thumb Code    34  stm32f4xx_rcc.o(.text)
    RCC_AHB3PeriphClockLPModeCmd             0x080017d3   Thumb Code    34  stm32f4xx_rcc.o(.text)
    RCC_APB1PeriphClockLPModeCmd             0x080017f5   Thumb Code    34  stm32f4xx_rcc.o(.text)
    RCC_APB2PeriphClockLPModeCmd             0x08001817   Thumb Code    34  stm32f4xx_rcc.o(.text)
    RCC_ITConfig                             0x08001839   Thumb Code    34  stm32f4xx_rcc.o(.text)
    RCC_ClearFlag                            0x0800185b   Thumb Code    18  stm32f4xx_rcc.o(.text)
    RCC_GetITStatus                          0x0800186d   Thumb Code    22  stm32f4xx_rcc.o(.text)
    RCC_ClearITPendingBit                    0x08001883   Thumb Code     8  stm32f4xx_rcc.o(.text)
    SPI_I2S_DeInit                           0x08001891   Thumb Code    76  stm32f4xx_spi.o(.text)
    SPI_Init                                 0x080018dd   Thumb Code    60  stm32f4xx_spi.o(.text)
    I2S_Init                                 0x08001919   Thumb Code   346  stm32f4xx_spi.o(.text)
    SPI_StructInit                           0x08001a73   Thumb Code    24  stm32f4xx_spi.o(.text)
    I2S_StructInit                           0x08001a8b   Thumb Code    20  stm32f4xx_spi.o(.text)
    SPI_Cmd                                  0x08001a9f   Thumb Code    24  stm32f4xx_spi.o(.text)
    I2S_Cmd                                  0x08001ab7   Thumb Code    24  stm32f4xx_spi.o(.text)
    SPI_DataSizeConfig                       0x08001acf   Thumb Code    18  stm32f4xx_spi.o(.text)
    SPI_BiDirectionalLineConfig              0x08001ae1   Thumb Code    28  stm32f4xx_spi.o(.text)
    SPI_NSSInternalSoftwareConfig            0x08001afd   Thumb Code    30  stm32f4xx_spi.o(.text)
    SPI_SSOutputCmd                          0x08001b1b   Thumb Code    24  stm32f4xx_spi.o(.text)
    SPI_TIModeCmd                            0x08001b33   Thumb Code    24  stm32f4xx_spi.o(.text)
    I2S_FullDuplexConfig                     0x08001b4b   Thumb Code    80  stm32f4xx_spi.o(.text)
    SPI_I2S_ReceiveData                      0x08001b9b   Thumb Code     6  stm32f4xx_spi.o(.text)
    SPI_I2S_SendData                         0x08001ba1   Thumb Code     4  stm32f4xx_spi.o(.text)
    SPI_CalculateCRC                         0x08001ba5   Thumb Code    24  stm32f4xx_spi.o(.text)
    SPI_TransmitCRC                          0x08001bbd   Thumb Code    10  stm32f4xx_spi.o(.text)
    SPI_GetCRC                               0x08001bc7   Thumb Code    16  stm32f4xx_spi.o(.text)
    SPI_GetCRCPolynomial                     0x08001bd7   Thumb Code     6  stm32f4xx_spi.o(.text)
    SPI_I2S_DMACmd                           0x08001bdd   Thumb Code    18  stm32f4xx_spi.o(.text)
    SPI_I2S_ITConfig                         0x08001bef   Thumb Code    32  stm32f4xx_spi.o(.text)
    SPI_I2S_GetFlagStatus                    0x08001c0f   Thumb Code    18  stm32f4xx_spi.o(.text)
    SPI_I2S_ClearFlag                        0x08001c21   Thumb Code     6  stm32f4xx_spi.o(.text)
    SPI_I2S_GetITStatus                      0x08001c27   Thumb Code    52  stm32f4xx_spi.o(.text)
    SPI_I2S_ClearITPendingBit                0x08001c5b   Thumb Code    20  stm32f4xx_spi.o(.text)
    SYSCFG_DeInit                            0x08001c85   Thumb Code    22  stm32f4xx_syscfg.o(.text)
    SYSCFG_MemoryRemapConfig                 0x08001c9b   Thumb Code     6  stm32f4xx_syscfg.o(.text)
    SYSCFG_EXTILineConfig                    0x08001ca1   Thumb Code    66  stm32f4xx_syscfg.o(.text)
    SYSCFG_ETH_MediaInterfaceConfig          0x08001ce3   Thumb Code     6  stm32f4xx_syscfg.o(.text)
    SYSCFG_CompensationCellCmd               0x08001ce9   Thumb Code     6  stm32f4xx_syscfg.o(.text)
    SYSCFG_GetCompensationCellStatus         0x08001cef   Thumb Code    22  stm32f4xx_syscfg.o(.text)
    TIM_DeInit                               0x08001d11   Thumb Code   346  stm32f4xx_tim.o(.text)
    TIM_TimeBaseInit                         0x08001e6b   Thumb Code   104  stm32f4xx_tim.o(.text)
    TIM_TimeBaseStructInit                   0x08001ed3   Thumb Code    18  stm32f4xx_tim.o(.text)
    TIM_PrescalerConfig                      0x08001ee5   Thumb Code     6  stm32f4xx_tim.o(.text)
    TIM_CounterModeConfig                    0x08001eeb   Thumb Code    18  stm32f4xx_tim.o(.text)
    TIM_SetCounter                           0x08001efd   Thumb Code     4  stm32f4xx_tim.o(.text)
    TIM_SetAutoreload                        0x08001f01   Thumb Code     4  stm32f4xx_tim.o(.text)
    TIM_GetCounter                           0x08001f05   Thumb Code     6  stm32f4xx_tim.o(.text)
    TIM_GetPrescaler                         0x08001f0b   Thumb Code     6  stm32f4xx_tim.o(.text)
    TIM_UpdateDisableConfig                  0x08001f11   Thumb Code    24  stm32f4xx_tim.o(.text)
    TIM_UpdateRequestConfig                  0x08001f29   Thumb Code    24  stm32f4xx_tim.o(.text)
    TIM_ARRPreloadConfig                     0x08001f41   Thumb Code    24  stm32f4xx_tim.o(.text)
    TIM_SelectOnePulseMode                   0x08001f59   Thumb Code    18  stm32f4xx_tim.o(.text)
    TIM_SetClockDivision                     0x08001f6b   Thumb Code    18  stm32f4xx_tim.o(.text)
    TIM_Cmd                                  0x08001f7d   Thumb Code    24  stm32f4xx_tim.o(.text)
    TIM_OC1Init                              0x08001f95   Thumb Code   114  stm32f4xx_tim.o(.text)
    TIM_OC2Init                              0x08002007   Thumb Code   154  stm32f4xx_tim.o(.text)
    TIM_OC3Init                              0x080020a1   Thumb Code   204  stm32f4xx_tim.o(.text)
    TIM_OC4Init                              0x0800216d   Thumb Code   112  stm32f4xx_tim.o(.text)
    TIM_OCStructInit                         0x080021dd   Thumb Code    20  stm32f4xx_tim.o(.text)
    TIM_SelectOCxM                           0x080021f1   Thumb Code    86  stm32f4xx_tim.o(.text)
    TIM_SetCompare1                          0x08002247   Thumb Code     4  stm32f4xx_tim.o(.text)
    TIM_SetCompare2                          0x0800224b   Thumb Code     4  stm32f4xx_tim.o(.text)
    TIM_SetCompare3                          0x0800224f   Thumb Code     4  stm32f4xx_tim.o(.text)
    TIM_SetCompare4                          0x08002253   Thumb Code     4  stm32f4xx_tim.o(.text)
    TIM_ForcedOC1Config                      0x08002257   Thumb Code    18  stm32f4xx_tim.o(.text)
    TIM_ForcedOC2Config                      0x08002269   Thumb Code    26  stm32f4xx_tim.o(.text)
    TIM_ForcedOC3Config                      0x08002283   Thumb Code    18  stm32f4xx_tim.o(.text)
    TIM_ForcedOC4Config                      0x08002295   Thumb Code    26  stm32f4xx_tim.o(.text)
    TIM_OC1PreloadConfig                     0x080022af   Thumb Code    18  stm32f4xx_tim.o(.text)
    TIM_OC2PreloadConfig                     0x080022c1   Thumb Code    26  stm32f4xx_tim.o(.text)
    TIM_OC3PreloadConfig                     0x080022db   Thumb Code    18  stm32f4xx_tim.o(.text)
    TIM_OC4PreloadConfig                     0x080022ed   Thumb Code    26  stm32f4xx_tim.o(.text)
    TIM_OC1FastConfig                        0x08002307   Thumb Code    18  stm32f4xx_tim.o(.text)
    TIM_OC2FastConfig                        0x08002319   Thumb Code    26  stm32f4xx_tim.o(.text)
    TIM_OC3FastConfig                        0x08002333   Thumb Code    18  stm32f4xx_tim.o(.text)
    TIM_OC4FastConfig                        0x08002345   Thumb Code    26  stm32f4xx_tim.o(.text)
    TIM_ClearOC1Ref                          0x0800235f   Thumb Code    18  stm32f4xx_tim.o(.text)
    TIM_ClearOC2Ref                          0x08002371   Thumb Code    24  stm32f4xx_tim.o(.text)
    TIM_ClearOC3Ref                          0x08002389   Thumb Code    18  stm32f4xx_tim.o(.text)
    TIM_ClearOC4Ref                          0x0800239b   Thumb Code    24  stm32f4xx_tim.o(.text)
    TIM_OC1PolarityConfig                    0x080023b3   Thumb Code    18  stm32f4xx_tim.o(.text)
    TIM_OC1NPolarityConfig                   0x080023c5   Thumb Code    18  stm32f4xx_tim.o(.text)
    TIM_OC2PolarityConfig                    0x080023d7   Thumb Code    26  stm32f4xx_tim.o(.text)
    TIM_OC2NPolarityConfig                   0x080023f1   Thumb Code    26  stm32f4xx_tim.o(.text)
    TIM_OC3PolarityConfig                    0x0800240b   Thumb Code    26  stm32f4xx_tim.o(.text)
    TIM_OC3NPolarityConfig                   0x08002425   Thumb Code    26  stm32f4xx_tim.o(.text)
    TIM_OC4PolarityConfig                    0x0800243f   Thumb Code    26  stm32f4xx_tim.o(.text)
    TIM_CCxCmd                               0x08002459   Thumb Code    30  stm32f4xx_tim.o(.text)
    TIM_CCxNCmd                              0x08002477   Thumb Code    30  stm32f4xx_tim.o(.text)
    TIM_SetIC4Prescaler                      0x08002495   Thumb Code    26  stm32f4xx_tim.o(.text)
    TIM_SetIC3Prescaler                      0x080024ff   Thumb Code    18  stm32f4xx_tim.o(.text)
    TIM_SetIC2Prescaler                      0x08002559   Thumb Code    26  stm32f4xx_tim.o(.text)
    TIM_SetIC1Prescaler                      0x080025cd   Thumb Code    18  stm32f4xx_tim.o(.text)
    TIM_ICInit                               0x08002619   Thumb Code   110  stm32f4xx_tim.o(.text)
    TIM_ICStructInit                         0x08002687   Thumb Code    18  stm32f4xx_tim.o(.text)
    TIM_PWMIConfig                           0x08002699   Thumb Code   124  stm32f4xx_tim.o(.text)
    TIM_GetCapture1                          0x08002715   Thumb Code     6  stm32f4xx_tim.o(.text)
    TIM_GetCapture2                          0x0800271b   Thumb Code     6  stm32f4xx_tim.o(.text)
    TIM_GetCapture3                          0x08002721   Thumb Code     6  stm32f4xx_tim.o(.text)
    TIM_GetCapture4                          0x08002727   Thumb Code     6  stm32f4xx_tim.o(.text)
    TIM_BDTRConfig                           0x0800272d   Thumb Code    32  stm32f4xx_tim.o(.text)
    TIM_BDTRStructInit                       0x0800274d   Thumb Code    18  stm32f4xx_tim.o(.text)
    TIM_CtrlPWMOutputs                       0x0800275f   Thumb Code    30  stm32f4xx_tim.o(.text)
    TIM_SelectCOM                            0x0800277d   Thumb Code    24  stm32f4xx_tim.o(.text)
    TIM_CCPreloadControl                     0x08002795   Thumb Code    24  stm32f4xx_tim.o(.text)
    TIM_ITConfig                             0x080027ad   Thumb Code    18  stm32f4xx_tim.o(.text)
    TIM_GenerateEvent                        0x080027bf   Thumb Code     4  stm32f4xx_tim.o(.text)
    TIM_GetFlagStatus                        0x080027c3   Thumb Code    18  stm32f4xx_tim.o(.text)
    TIM_ClearFlag                            0x080027d5   Thumb Code     6  stm32f4xx_tim.o(.text)
    TIM_GetITStatus                          0x080027db   Thumb Code    34  stm32f4xx_tim.o(.text)
    TIM_ClearITPendingBit                    0x080027fd   Thumb Code     6  stm32f4xx_tim.o(.text)
    TIM_DMAConfig                            0x08002803   Thumb Code    10  stm32f4xx_tim.o(.text)
    TIM_DMACmd                               0x0800280d   Thumb Code    18  stm32f4xx_tim.o(.text)
    TIM_SelectCCDMA                          0x0800281f   Thumb Code    24  stm32f4xx_tim.o(.text)
    TIM_InternalClockConfig                  0x08002837   Thumb Code    12  stm32f4xx_tim.o(.text)
    TIM_SelectInputTrigger                   0x08002843   Thumb Code    18  stm32f4xx_tim.o(.text)
    TIM_ITRxExternalClockConfig              0x08002855   Thumb Code    24  stm32f4xx_tim.o(.text)
    TIM_TIxExternalClockConfig               0x0800286d   Thumb Code    62  stm32f4xx_tim.o(.text)
    TIM_ETRConfig                            0x080028ab   Thumb Code    28  stm32f4xx_tim.o(.text)
    TIM_ETRClockMode1Config                  0x080028c7   Thumb Code    54  stm32f4xx_tim.o(.text)
    TIM_ETRClockMode2Config                  0x080028fd   Thumb Code    32  stm32f4xx_tim.o(.text)
    TIM_SelectOutputTrigger                  0x0800291d   Thumb Code    18  stm32f4xx_tim.o(.text)
    TIM_SelectSlaveMode                      0x0800292f   Thumb Code    18  stm32f4xx_tim.o(.text)
    TIM_SelectMasterSlaveMode                0x08002941   Thumb Code    18  stm32f4xx_tim.o(.text)
    TIM_EncoderInterfaceConfig               0x08002953   Thumb Code    66  stm32f4xx_tim.o(.text)
    TIM_SelectHallSensor                     0x08002995   Thumb Code    24  stm32f4xx_tim.o(.text)
    TIM_RemapConfig                          0x080029ad   Thumb Code     6  stm32f4xx_tim.o(.text)
    __aeabi_uldivmod                         0x080029b3   Thumb Code    98  uldiv.o(.text)
    __scatterload                            0x08002a15   Thumb Code    28  init.o(.text)
    __scatterload_rt2                        0x08002a15   Thumb Code     0  init.o(.text)
    __aeabi_llsl                             0x08002a39   Thumb Code    30  llshl.o(.text)
    _ll_shift_l                              0x08002a39   Thumb Code     0  llshl.o(.text)
    __aeabi_llsr                             0x08002a57   Thumb Code    32  llushr.o(.text)
    _ll_ushift_r                             0x08002a57   Thumb Code     0  llushr.o(.text)
    SVC_Count                                0x08002a78   Data           4  SVC_Table.o(SVC_TABLE)
    SVC_Table                                0x08002a7c   Data           0  SVC_Table.o(SVC_TABLE)
    __0printf$5                              0x08002a7d   Thumb Code    22  printf5.o(i.__0printf$5)
    __1printf$5                              0x08002a7d   Thumb Code     0  printf5.o(i.__0printf$5)
    __2printf                                0x08002a7d   Thumb Code     0  printf5.o(i.__0printf$5)
    __scatterload_copy                       0x08002a9d   Thumb Code    14  handlers.o(i.__scatterload_copy)
    __scatterload_null                       0x08002aab   Thumb Code     2  handlers.o(i.__scatterload_null)
    __scatterload_zeroinit                   0x08002aad   Thumb Code    14  handlers.o(i.__scatterload_zeroinit)
    _init_box                                0x08002abb   Thumb Code    70  rt_membox.o(i._init_box)
    dbg_init                                 0x08002dc1   Thumb Code    34  hal_cm.o(i.dbg_init)
    dbg_task_notify                          0x08002df1   Thumb Code    32  hal_cm.o(i.dbg_task_notify)
    dbg_task_switch                          0x08002e11   Thumb Code    16  hal_cm.o(i.dbg_task_switch)
    isr_evt_set                              0x08002e4d   Thumb Code    34  rt_event.o(i.isr_evt_set)
    isr_mbx_receive                          0x08002e75   Thumb Code    80  rt_mailbox.o(i.isr_mbx_receive)
    isr_mbx_send                             0x08002ec5   Thumb Code    14  rt_mailbox.o(i.isr_mbx_send)
    osDelay                                  0x08002ed5   Thumb Code    18  rt_cmsis.o(i.osDelay)
    osKernelStart                            0x08002eed   Thumb Code    94  rt_cmsis.o(i.osKernelStart)
    osMessageGet                             0x08002f55   Thumb Code    64  rt_cmsis.o(i.osMessageGet)
    osSignalSet                              0x08002f99   Thumb Code    48  rt_cmsis.o(i.osSignalSet)
    osSignalWait                             0x08002fcd   Thumb Code    18  rt_cmsis.o(i.osSignalWait)
    osThreadCreate                           0x08002fe5   Thumb Code    18  rt_cmsis.o(i.osThreadCreate)
    osThreadExit                             0x08002ffd   Thumb Code    14  rt_cmsis.o(i.osThreadExit)
    osTimerCall                              0x08003015   Thumb Code     8  rt_cmsis.o(i.osTimerCall)
    osTimerThread                            0x08003021   Thumb Code    38  rt_cmsis.o(i.osTimerThread)
    rt_alloc_box                             0x0800304d   Thumb Code    28  rt_membox.o(i.rt_alloc_box)
    rt_alloc_mem                             0x08003069   Thumb Code    60  rt_memory.o(i.rt_alloc_mem)
    rt_block                                 0x080030a5   Thumb Code    48  rt_task.o(i.rt_block)
    rt_chk_robin                             0x080030dd   Thumb Code    58  rt_robin.o(i.rt_chk_robin)
    rt_dec_dly                               0x08003125   Thumb Code   102  rt_list.o(i.rt_dec_dly)
    rt_dispatch                              0x08003195   Thumb Code    60  rt_task.o(i.rt_dispatch)
    rt_dly_wait                              0x080031d9   Thumb Code     6  rt_time.o(i.rt_dly_wait)
    rt_evt_psh                               0x080031e1   Thumb Code    76  rt_event.o(i.rt_evt_psh)
    rt_evt_set                               0x08003231   Thumb Code    88  rt_event.o(i.rt_evt_set)
    rt_evt_wait                              0x0800328d   Thumb Code    58  rt_event.o(i.rt_evt_wait)
    rt_free_box                              0x080032cd   Thumb Code    32  rt_membox.o(i.rt_free_box)
    rt_free_mem                              0x080032ed   Thumb Code    40  rt_memory.o(i.rt_free_mem)
    rt_get_first                             0x08003315   Thumb Code    40  rt_list.o(i.rt_get_first)
    rt_init_mem                              0x08003385   Thumb Code    26  rt_memory.o(i.rt_init_mem)
    rt_init_robin                            0x080033a1   Thumb Code    14  rt_robin.o(i.rt_init_robin)
    rt_init_stack                            0x080033b9   Thumb Code    70  hal_cm.o(i.rt_init_stack)
    rt_mbx_check                             0x08003409   Thumb Code     8  rt_mailbox.o(i.rt_mbx_check)
    rt_mbx_init                              0x08003411   Thumb Code    26  rt_mailbox.o(i.rt_mbx_init)
    rt_mbx_psh                               0x0800342d   Thumb Code   248  rt_mailbox.o(i.rt_mbx_psh)
    rt_mbx_wait                              0x08003529   Thumb Code   174  rt_mailbox.o(i.rt_mbx_wait)
    rt_pop_req                               0x08003619   Thumb Code   106  rt_system.o(i.rt_pop_req)
    rt_psh_req                               0x08003691   Thumb Code    22  rt_system.o(i.rt_psh_req)
    rt_psq_enq                               0x080036b1   Thumb Code    82  rt_list.o(i.rt_psq_enq)
    rt_put_dly                               0x08003709   Thumb Code    88  rt_list.o(i.rt_put_dly)
    rt_put_prio                              0x08003765   Thumb Code    56  rt_list.o(i.rt_put_prio)
    rt_put_rdy_first                         0x0800379d   Thumb Code    14  rt_list.o(i.rt_put_rdy_first)
    rt_ret_val                               0x080037c1   Thumb Code    12  hal_cm.o(i.rt_ret_val)
    rt_ret_val2                              0x080037cd   Thumb Code    16  hal_cm.o(i.rt_ret_val2)
    rt_rmv_dly                               0x080037dd   Thumb Code    40  rt_list.o(i.rt_rmv_dly)
    rt_rmv_list                              0x08003805   Thumb Code    44  rt_list.o(i.rt_rmv_list)
    rt_sem_psh                               0x08003835   Thumb Code    48  rt_semaphore.o(i.rt_sem_psh)
    rt_stk_check                             0x08003869   Thumb Code    28  rt_system.o(i.rt_stk_check)
    rt_switch_req                            0x0800388d   Thumb Code    30  rt_task.o(i.rt_switch_req)
    rt_sys_init                              0x080038b5   Thumb Code   242  rt_task.o(i.rt_sys_init)
    rt_systick                               0x080039f5   Thumb Code    48  rt_system.o(i.rt_systick)
    rt_tsk_create                            0x08003a81   Thumb Code   112  rt_task.o(i.rt_tsk_create)
    rt_tsk_delete                            0x08003b01   Thumb Code   146  rt_task.o(i.rt_tsk_delete)
    rt_tsk_self                              0x08003bad   Thumb Code    12  rt_task.o(i.rt_tsk_self)
    svcDelay                                 0x08003bbd   Thumb Code    20  rt_cmsis.o(i.svcDelay)
    svcKernelStart                           0x08003bd1   Thumb Code   174  rt_cmsis.o(i.svcKernelStart)
    svcMessageCreate                         0x08003ca5   Thumb Code    36  rt_cmsis.o(i.svcMessageCreate)
    svcMessageGet                            0x08003cc9   Thumb Code    58  rt_cmsis.o(i.svcMessageGet)
    svcSignalSet                             0x08003d03   Thumb Code    36  rt_cmsis.o(i.svcSignalSet)
    svcSignalWait                            0x08003d29   Thumb Code    80  rt_cmsis.o(i.svcSignalWait)
    svcThreadCreate                          0x08003d7d   Thumb Code   100  rt_cmsis.o(i.svcThreadCreate)
    svcThreadGetId                           0x08003ded   Thumb Code    22  rt_cmsis.o(i.svcThreadGetId)
    svcThreadTerminate                       0x08003e09   Thumb Code    52  rt_cmsis.o(i.svcThreadTerminate)
    svcTimerCall                             0x08003e41   Thumb Code    24  rt_cmsis.o(i.svcTimerCall)
    sysTimerTick                             0x08003e59   Thumb Code    76  rt_cmsis.o(i.sysTimerTick)
    os_maxtaskrun                            0x08003eac   Data           2  rtx_conf_cm.o(.constdata)
    os_stackinfo                             0x08003eb0   Data           4  rtx_conf_cm.o(.constdata)
    os_rrobin                                0x08003eb4   Data           4  rtx_conf_cm.o(.constdata)
    os_trv                                   0x08003eb8   Data           4  rtx_conf_cm.o(.constdata)
    os_flags                                 0x08003ebc   Data           1  rtx_conf_cm.o(.constdata)
    os_clockrate                             0x08003ec0   Data           4  rtx_conf_cm.o(.constdata)
    os_timernum                              0x08003ec4   Data           4  rtx_conf_cm.o(.constdata)
    mp_tcb_size                              0x08003ec8   Data           2  rtx_conf_cm.o(.constdata)
    mp_stk_size                              0x08003ecc   Data           4  rtx_conf_cm.o(.constdata)
    os_stack_sz                              0x08003ed0   Data           4  rtx_conf_cm.o(.constdata)
    os_fifo_size                             0x08003ed4   Data           1  rtx_conf_cm.o(.constdata)
    os_thread_def_osTimerThread              0x08003ed8   Data          16  rtx_conf_cm.o(.constdata)
    os_messageQ_def_osTimerMessageQ          0x08003ee8   Data           8  rtx_conf_cm.o(.constdata)
    mp_tmr_size                              0x08003ef0   Data           2  rtx_conf_cm.o(.constdata)
    os_thread_def_main                       0x08003ef4   Data          16  rtx_conf_cm.o(.constdata)
    TICK_25HZ                                0x08003f04   Data           4  main.o(.constdata)
    INTERRUPT_RX                             0x08003f08   Data           4  main.o(.constdata)
    os_thread_def_thread                     0x08003f0c   Data          16  main.o(.constdata)
    os_thread_def_thread2                    0x08003f1c   Data          16  main.o(.constdata)
    Region$$Table$$Base                      0x08003f2c   Number         0  anon$$obj.o(Region$$Table)
    Region$$Table$$Limit                     0x08003f5c   Number         0  anon$$obj.o(Region$$Table)
    mp_tcb                                   0x10000000   Data         348  rtx_conf_cm.o(.bss)
    mp_stk                                   0x10000160   Data        4816  rtx_conf_cm.o(.bss)
    os_stack_mem                             0x10001430   Data        1632  rtx_conf_cm.o(.bss)
    os_fifo                                  0x10001a90   Data         132  rtx_conf_cm.o(.bss)
    os_active_TCB                            0x10001b14   Data          28  rtx_conf_cm.o(.bss)
    os_messageQ_q_osTimerMessageQ            0x10001b30   Data          32  rtx_conf_cm.o(.bss)
    SystemCoreClock                          0x20000000   Data           4  system_stm32f4xx.o(.data)
    AHBPrescTable                            0x20000004   Data          16  system_stm32f4xx.o(.data)
    os_tmr                                   0x20000014   Data           4  rtx_conf_cm.o(.data)
    m_tmr                                    0x20000018   Data           4  rtx_conf_cm.o(.data)
    osThreadId_osTimerThread                 0x2000001c   Data           4  rtx_conf_cm.o(.data)
    osMessageQId_osTimerMessageQ             0x20000020   Data           4  rtx_conf_cm.o(.data)
    tid_thread1                              0x20000024   Data           4  main.o(.data)
    tid_thread2                              0x20000028   Data           4  main.o(.data)
    PrescalerValue                           0x2000002c   Data           2  tim_config.o(.data)
    PrescalerValue2                          0x2000002e   Data           2  tim_config.o(.data)
    PrescalerValue3                          0x20000030   Data           2  tim_config.o(.data)
    __stdout                                 0x20000034   Data           4  fputc_debug.o(.data)
    __stdin                                  0x20000038   Data           4  fputc_debug.o(.data)
    os_timer_head                            0x2000004c   Data           4  rt_cmsis.o(.data)
    os_tsk                                   0x20000050   Data           8  rt_task.o(.data)
    os_time                                  0x2000005c   Data           2  rt_time.o(.data)
    dbg_msg                                  0x2000005e   Data           1  hal_cm.o(.data)
    os_robin                                 0x20000060   Data           8  rt_robin.o(.data)
    os_idle_TCB                              0x20000068   Data          48  rt_task.o(.bss)
    os_rdy                                   0x20000098   Data          24  rt_list.o(.bss)
    os_dly                                   0x200000b0   Data          24  rt_list.o(.bss)
    __initial_sp                             0x200004c8   Data           0  startup_stm32f4xx.o(STACK)



==============================================================================

Memory Map of the image

  Image Entry point : 0x08000189

  Load Region LR_IROM1 (Base: 0x08000000, Size: 0x00003fc4, Max: 0x00100000, ABSOLUTE)

    Execution Region ER_IROM1 (Base: 0x08000000, Size: 0x00003f5c, Max: 0x00100000, ABSOLUTE)

    Base Addr    Size         Type   Attr      Idx    E Section Name        Object

    0x08000000   0x00000188   Data   RO          132    RESET               startup_stm32f4xx.o
    0x08000188   0x00000000   Code   RO         2308  * .ARM.Collect$$$$00000000  mc_w.l(entry.o)
    0x08000188   0x00000004   Code   RO         2572    .ARM.Collect$$$$00000001  mc_w.l(entry2.o)
    0x0800018c   0x00000004   Code   RO         2575    .ARM.Collect$$$$00000004  mc_w.l(entry5.o)
    0x08000190   0x00000000   Code   RO         2577    .ARM.Collect$$$$00000008  mc_w.l(entry7b.o)
    0x08000190   0x00000000   Code   RO         2579    .ARM.Collect$$$$0000000A  mc_w.l(entry8b.o)
    0x08000190   0x00000000   Code   RO         2580    .ARM.Collect$$$$0000000D  mc_w.l(entry10a.o)
    0x08000190   0x00000000   Code   RO         2582    .ARM.Collect$$$$0000000F  mc_w.l(entry11a.o)
    0x08000190   0x00000010   Code   RO          137    .ARM.Collect$$$$000000FF  rtx_conf_cm.o
    0x080001a0   0x00000004   Code   RO         2573    .ARM.Collect$$$$00002712  mc_w.l(entry2.o)
    0x080001a4   0x00000174   Code   RO         2295    .emb_text           RTX_CM4.lib(hal_cm4.o)
    0x08000318   0x0000020c   Code   RO            3    .text               system_stm32f4xx.o
    0x08000524   0x00000024   Code   RO          133    .text               startup_stm32f4xx.o
    0x08000548   0x00000008   Code   RO          138    .text               rtx_conf_cm.o
    0x08000550   0x00000158   Code   RO          171    .text               main.o
    0x080006a8   0x00000110   Code   RO          337    .text               spi_controller.o
    0x080007b8   0x0000030c   Code   RO          364    .text               radio_driver.o
    0x08000ac4   0x000002a0   Code   RO          397    .text               tim_config.o
    0x08000d64   0x000000fc   Code   RO          453    .text               interrupt_conf.o
    0x08000e60   0x0000004c   Code   RO          476    .text               fputc_debug.o
    0x08000eac   0x000000e4   Code   RO          510    .text               misc.o
    0x08000f90   0x0000011c   Code   RO          849    .text               stm32f4xx_exti.o
    0x080010ac   0x0000025c   Code   RO          918    .text               stm32f4xx_gpio.o
    0x08001308   0x00000588   Code   RO         1067    .text               stm32f4xx_rcc.o
    0x08001890   0x000003f4   Code   RO         1158    .text               stm32f4xx_spi.o
    0x08001c84   0x0000008c   Code   RO         1181    .text               stm32f4xx_syscfg.o
    0x08001d10   0x00000ca2   Code   RO         1201    .text               stm32f4xx_tim.o
    0x080029b2   0x00000062   Code   RO         2586    .text               mc_w.l(uldiv.o)
    0x08002a14   0x00000024   Code   RO         2599    .text               mc_w.l(init.o)
    0x08002a38   0x0000001e   Code   RO         2601    .text               mc_w.l(llshl.o)
    0x08002a56   0x00000020   Code   RO         2603    .text               mc_w.l(llushr.o)
    0x08002a76   0x00000002   PAD
    0x08002a78   0x00000004   Code   RO         2305    SVC_TABLE           RTX_CM4.lib(SVC_Table.o)
    0x08002a7c   0x00000020   Code   RO         2444    i.__0printf$5       mc_w.l(printf5.o)
    0x08002a9c   0x0000000e   Code   RO         2611    i.__scatterload_copy  mc_w.l(handlers.o)
    0x08002aaa   0x00000002   Code   RO         2612    i.__scatterload_null  mc_w.l(handlers.o)
    0x08002aac   0x0000000e   Code   RO         2613    i.__scatterload_zeroinit  mc_w.l(handlers.o)
    0x08002aba   0x00000046   Code   RO         2168    i._init_box         RTX_CM4.lib(rt_membox.o)
    0x08002b00   0x000002c0   Code   RO         2451    i._printf_core      mc_w.l(printf5.o)
    0x08002dc0   0x00000030   Code   RO         2221    i.dbg_init          RTX_CM4.lib(hal_cm.o)
    0x08002df0   0x00000020   Code   RO         2222    i.dbg_task_notify   RTX_CM4.lib(hal_cm.o)
    0x08002e10   0x00000010   Code   RO         2223    i.dbg_task_switch   RTX_CM4.lib(hal_cm.o)
    0x08002e20   0x0000002c   Code   RO         1267    i.isrMessagePut     RTX_CM4.lib(rt_cmsis.o)
    0x08002e4c   0x00000028   Code   RO         1914    i.isr_evt_set       RTX_CM4.lib(rt_event.o)
    0x08002e74   0x00000050   Code   RO         2032    i.isr_mbx_receive   RTX_CM4.lib(rt_mailbox.o)
    0x08002ec4   0x0000000e   Code   RO         2033    i.isr_mbx_send      RTX_CM4.lib(rt_mailbox.o)
    0x08002ed2   0x00000002   PAD
    0x08002ed4   0x00000018   Code   RO         1268    i.osDelay           RTX_CM4.lib(rt_cmsis.o)
    0x08002eec   0x00000068   Code   RO         1270    i.osKernelStart     RTX_CM4.lib(rt_cmsis.o)
    0x08002f54   0x00000044   Code   RO         1278    i.osMessageGet      RTX_CM4.lib(rt_cmsis.o)
    0x08002f98   0x00000034   Code   RO         1292    i.osSignalSet       RTX_CM4.lib(rt_cmsis.o)
    0x08002fcc   0x00000018   Code   RO         1293    i.osSignalWait      RTX_CM4.lib(rt_cmsis.o)
    0x08002fe4   0x00000018   Code   RO         1294    i.osThreadCreate    RTX_CM4.lib(rt_cmsis.o)
    0x08002ffc   0x00000018   Code   RO         1295    i.osThreadExit      RTX_CM4.lib(rt_cmsis.o)
    0x08003014   0x0000000c   Code   RO         1301    i.osTimerCall       RTX_CM4.lib(rt_cmsis.o)
    0x08003020   0x0000002c   Code   RO         1305    i.osTimerThread     RTX_CM4.lib(rt_cmsis.o)
    0x0800304c   0x0000001c   Code   RO         2169    i.rt_alloc_box      RTX_CM4.lib(rt_membox.o)
    0x08003068   0x0000003c   Code   RO         2197    i.rt_alloc_mem      RTX_CM4.lib(rt_memory.o)
    0x080030a4   0x00000038   Code   RO         1789    i.rt_block          RTX_CM4.lib(rt_task.o)
    0x080030dc   0x00000048   Code   RO         2274    i.rt_chk_robin      RTX_CM4.lib(rt_robin.o)
    0x08003124   0x00000070   Code   RO         1956    i.rt_dec_dly        RTX_CM4.lib(rt_list.o)
    0x08003194   0x00000044   Code   RO         1790    i.rt_dispatch       RTX_CM4.lib(rt_task.o)
    0x080031d8   0x00000006   Code   RO         2116    i.rt_dly_wait       RTX_CM4.lib(rt_time.o)
    0x080031de   0x00000002   PAD
    0x080031e0   0x00000050   Code   RO         1917    i.rt_evt_psh        RTX_CM4.lib(rt_event.o)
    0x08003230   0x0000005c   Code   RO         1918    i.rt_evt_set        RTX_CM4.lib(rt_event.o)
    0x0800328c   0x00000040   Code   RO         1919    i.rt_evt_wait       RTX_CM4.lib(rt_event.o)
    0x080032cc   0x00000020   Code   RO         2170    i.rt_free_box       RTX_CM4.lib(rt_membox.o)
    0x080032ec   0x00000028   Code   RO         2198    i.rt_free_mem       RTX_CM4.lib(rt_memory.o)
    0x08003314   0x00000028   Code   RO         1957    i.rt_get_first      RTX_CM4.lib(rt_list.o)
    0x0800333c   0x00000008   Code   RO         1308    i.rt_id2obj         RTX_CM4.lib(rt_cmsis.o)
    0x08003344   0x00000040   Code   RO         1791    i.rt_init_context   RTX_CM4.lib(rt_task.o)
    0x08003384   0x0000001a   Code   RO         2199    i.rt_init_mem       RTX_CM4.lib(rt_memory.o)
    0x0800339e   0x00000002   PAD
    0x080033a0   0x00000018   Code   RO         2275    i.rt_init_robin     RTX_CM4.lib(rt_robin.o)
    0x080033b8   0x00000050   Code   RO         2224    i.rt_init_stack     RTX_CM4.lib(hal_cm.o)
    0x08003408   0x00000008   Code   RO         2034    i.rt_mbx_check      RTX_CM4.lib(rt_mailbox.o)
    0x08003410   0x0000001a   Code   RO         2035    i.rt_mbx_init       RTX_CM4.lib(rt_mailbox.o)
    0x0800342a   0x00000002   PAD
    0x0800342c   0x000000fc   Code   RO         2036    i.rt_mbx_psh        RTX_CM4.lib(rt_mailbox.o)
    0x08003528   0x000000b4   Code   RO         2038    i.rt_mbx_wait       RTX_CM4.lib(rt_mailbox.o)
    0x080035dc   0x0000003c   Code   RO         1309    i.rt_ms2tick        RTX_CM4.lib(rt_cmsis.o)
    0x08003618   0x00000078   Code   RO         1868    i.rt_pop_req        RTX_CM4.lib(rt_system.o)
    0x08003690   0x00000020   Code   RO         1869    i.rt_psh_req        RTX_CM4.lib(rt_system.o)
    0x080036b0   0x00000058   Code   RO         1959    i.rt_psq_enq        RTX_CM4.lib(rt_list.o)
    0x08003708   0x0000005c   Code   RO         1960    i.rt_put_dly        RTX_CM4.lib(rt_list.o)
    0x08003764   0x00000038   Code   RO         1961    i.rt_put_prio       RTX_CM4.lib(rt_list.o)
    0x0800379c   0x00000014   Code   RO         1962    i.rt_put_rdy_first  RTX_CM4.lib(rt_list.o)
    0x080037b0   0x00000010   Code   RO         2225    i.rt_ret_regs       RTX_CM4.lib(hal_cm.o)
    0x080037c0   0x0000000c   Code   RO         2226    i.rt_ret_val        RTX_CM4.lib(hal_cm.o)
    0x080037cc   0x00000010   Code   RO         2227    i.rt_ret_val2       RTX_CM4.lib(hal_cm.o)
    0x080037dc   0x00000028   Code   RO         1964    i.rt_rmv_dly        RTX_CM4.lib(rt_list.o)
    0x08003804   0x00000030   Code   RO         1965    i.rt_rmv_list       RTX_CM4.lib(rt_list.o)
    0x08003834   0x00000034   Code   RO         2082    i.rt_sem_psh        RTX_CM4.lib(rt_semaphore.o)
    0x08003868   0x00000024   Code   RO         1870    i.rt_stk_check      RTX_CM4.lib(rt_system.o)
    0x0800388c   0x00000028   Code   RO         1792    i.rt_switch_req     RTX_CM4.lib(rt_task.o)
    0x080038b4   0x00000140   Code   RO         1793    i.rt_sys_init       RTX_CM4.lib(rt_task.o)
    0x080039f4   0x0000003c   Code   RO         1871    i.rt_systick        RTX_CM4.lib(rt_system.o)
    0x08003a30   0x00000012   Code   RO         1310    i.rt_tid2ptcb       RTX_CM4.lib(rt_cmsis.o)
    0x08003a42   0x00000002   PAD
    0x08003a44   0x0000003c   Code   RO         1311    i.rt_timer_insert   RTX_CM4.lib(rt_cmsis.o)
    0x08003a80   0x00000080   Code   RO         1794    i.rt_tsk_create     RTX_CM4.lib(rt_task.o)
    0x08003b00   0x000000ac   Code   RO         1795    i.rt_tsk_delete     RTX_CM4.lib(rt_task.o)
    0x08003bac   0x00000010   Code   RO         1798    i.rt_tsk_self       RTX_CM4.lib(rt_task.o)
    0x08003bbc   0x00000014   Code   RO         1313    i.svcDelay          RTX_CM4.lib(rt_cmsis.o)
    0x08003bd0   0x000000d4   Code   RO         1314    i.svcKernelStart    RTX_CM4.lib(rt_cmsis.o)
    0x08003ca4   0x00000024   Code   RO         1316    i.svcMessageCreate  RTX_CM4.lib(rt_cmsis.o)
    0x08003cc8   0x0000003a   Code   RO         1317    i.svcMessageGet     RTX_CM4.lib(rt_cmsis.o)
    0x08003d02   0x00000024   Code   RO         1328    i.svcSignalSet      RTX_CM4.lib(rt_cmsis.o)
    0x08003d26   0x00000002   PAD
    0x08003d28   0x00000054   Code   RO         1329    i.svcSignalWait     RTX_CM4.lib(rt_cmsis.o)
    0x08003d7c   0x00000070   Code   RO         1330    i.svcThreadCreate   RTX_CM4.lib(rt_cmsis.o)
    0x08003dec   0x0000001c   Code   RO         1331    i.svcThreadGetId    RTX_CM4.lib(rt_cmsis.o)
    0x08003e08   0x00000038   Code   RO         1334    i.svcThreadTerminate  RTX_CM4.lib(rt_cmsis.o)
    0x08003e40   0x00000018   Code   RO         1336    i.svcTimerCall      RTX_CM4.lib(rt_cmsis.o)
    0x08003e58   0x00000054   Code   RO         1344    i.sysTimerTick      RTX_CM4.lib(rt_cmsis.o)
    0x08003eac   0x00000058   Data   RO          140    .constdata          rtx_conf_cm.o
    0x08003f04   0x00000028   Data   RO          172    .constdata          main.o
    0x08003f2c   0x00000030   Data   RO         2609    Region$$Table       anon$$obj.o


    Execution Region RW_IRAM1 (Base: 0x10000000, Size: 0x00001b50, Max: 0x0001ffff, ABSOLUTE)

    Base Addr    Size         Type   Attr      Idx    E Section Name        Object

    0x10000000   0x00001b50   Zero   RW          139    .bss                rtx_conf_cm.o


    Execution Region RW_IRAM2 (Base: 0x20000000, Size: 0x000004c8, Max: 0x0001ffff, ABSOLUTE)

    Base Addr    Size         Type   Attr      Idx    E Section Name        Object

    0x20000000   0x00000014   Data   RW            4    .data               system_stm32f4xx.o
    0x20000014   0x00000010   Data   RW          141    .data               rtx_conf_cm.o
    0x20000024   0x00000008   Data   RW          173    .data               main.o
    0x2000002c   0x00000006   Data   RW          398    .data               tim_config.o
    0x20000032   0x00000002   PAD
    0x20000034   0x00000008   Data   RW          477    .data               fputc_debug.o
    0x2000003c   0x00000010   Data   RW         1068    .data               stm32f4xx_rcc.o
    0x2000004c   0x00000004   Data   RW         1345    .data               RTX_CM4.lib(rt_cmsis.o)
    0x20000050   0x00000008   Data   RW         1800    .data               RTX_CM4.lib(rt_task.o)
    0x20000058   0x00000003   Data   RW         1874    .data               RTX_CM4.lib(rt_system.o)
    0x2000005b   0x00000001   PAD
    0x2000005c   0x00000002   Data   RW         2119    .data               RTX_CM4.lib(rt_time.o)
    0x2000005e   0x00000001   Data   RW         2228    .data               RTX_CM4.lib(hal_cm.o)
    0x2000005f   0x00000001   PAD
    0x20000060   0x00000008   Data   RW         2276    .data               RTX_CM4.lib(rt_robin.o)
    0x20000068   0x00000030   Zero   RW         1799    .bss                RTX_CM4.lib(rt_task.o)
    0x20000098   0x00000030   Zero   RW         1966    .bss                RTX_CM4.lib(rt_list.o)
    0x200000c8   0x00000400   Zero   RW          130    STACK               startup_stm32f4xx.o


==============================================================================

Image component sizes


      Code (inc. data)   RO Data    RW Data    ZI Data      Debug   Object Name

        76          4          0          8          0       2793   fputc_debug.o
       252          4          0          0          0       1178   interrupt_conf.o
       344         82         40          8          0       5571   main.o
       228         22          0          0          0       3649   misc.o
       780          8          0          0          0       2861   radio_driver.o
        24          6         88         16       6992       6576   rtx_conf_cm.o
       272         12          0          0          0        934   spi_controller.o
        36          8        392          0       1024        796   startup_stm32f4xx.o
       284         10          0          0          0       4835   stm32f4xx_exti.o
       604         36          0          0          0      10565   stm32f4xx_gpio.o
      1416         48          0         16          0      24003   stm32f4xx_rcc.o
      1012         22          0          0          0      14989   stm32f4xx_spi.o
       140         12          0          0          0       1711   stm32f4xx_syscfg.o
      3234         60          0          0          0      42208   stm32f4xx_tim.o
       524         44          0         20          0     251755   system_stm32f4xx.o
       672        104          0          6          0       1773   tim_config.o

    ----------------------------------------------------------------------
      9898        482        568         76       8016     376197   Object Totals
         0          0         48          0          0          0   (incl. Generated)
         0          0          0          2          0          0   (incl. Padding)

    ----------------------------------------------------------------------

      Code (inc. data)   RO Data    RW Data    ZI Data      Debug   Library Member Name

         4          4          0          0          0        132   SVC_Table.o
       220         24          0          1          0       3876   hal_cm.o
       372         32          0          0          0        616   hal_cm4.o
      1316        142          0          4          0      29767   rt_cmsis.o
       276         20          0          0          0       2550   rt_event.o
       496         30          0          0         48       6636   rt_list.o
       560         10          0          0          0       3829   rt_mailbox.o
       130          0          0          0          0       1837   rt_membox.o
       126          0          0          0          0       2159   rt_memory.o
        96         24          0          8          0       1042   rt_robin.o
        52          4          0          0          0        557   rt_semaphore.o
       248         44          0          3          0       2066   rt_system.o
       864        154          0          8         48       7224   rt_task.o
         6          0          0          2          0        572   rt_time.o
         0          0          0          0          0          0   entry.o
         0          0          0          0          0          0   entry10a.o
         0          0          0          0          0          0   entry11a.o
         8          4          0          0          0          0   entry2.o
         4          0          0          0          0          0   entry5.o
         0          0          0          0          0          0   entry7b.o
         0          0          0          0          0          0   entry8b.o
        30          0          0          0          0          0   handlers.o
        36          8          0          0          0         68   init.o
        30          0          0          0          0         68   llshl.o
        32          0          0          0          0         68   llushr.o
       736         56          0          0          0        184   printf5.o
        98          0          0          0          0         92   uldiv.o

    ----------------------------------------------------------------------
      5754        556          0         28         96      63343   Library Totals
        14          0          0          2          0          0   (incl. Padding)

    ----------------------------------------------------------------------

      Code (inc. data)   RO Data    RW Data    ZI Data      Debug   Library Name

      4766        488          0         26         96      62863   RTX_CM4.lib
       974         68          0          0          0        480   mc_w.l

    ----------------------------------------------------------------------
      5754        556          0         28         96      63343   Library Totals

    ----------------------------------------------------------------------

==============================================================================


      Code (inc. data)   RO Data    RW Data    ZI Data      Debug   

     15652       1038        568        104       8112     429084   Grand Totals
     15652       1038        568        104       8112     429084   ELF Image Totals
     15652       1038        568        104          0          0   ROM Totals

==============================================================================

    Total RO  Size (Code + RO Data)                16220 (  15.84kB)
    Total RW  Size (RW Data + ZI Data)              8216 (   8.02kB)
    Total ROM Size (Code + RO Data + RW Data)      16324 (  15.94kB)

==============================================================================

